STM32F103C6_EXTI_DRIVER.c:37:6:NVIC_ENABLE	16	static
STM32F103C6_EXTI_DRIVER.c:77:6:NVIC_DISABLE	16	static
STM32F103C6_EXTI_DRIVER.c:116:6:UPDATE_EXTI	24	static
STM32F103C6_EXTI_DRIVER.c:200:6:MCAL_EXTI_GPIO_DEINIT	4	static
STM32F103C6_EXTI_DRIVER.c:233:6:MCAL_EXTI_GPIO_INIT	16	static
STM32F103C6_EXTI_DRIVER.c:250:6:MCAL_EXTI_GPIO_UPDATE	16	static
STM32F103C6_EXTI_DRIVER.c:263:6:EXTI0_IRQHandler	8	static
STM32F103C6_EXTI_DRIVER.c:272:6:EXTI1_IRQHandler	8	static
STM32F103C6_EXTI_DRIVER.c:282:6:EXTI2_IRQHandler	8	static
STM32F103C6_EXTI_DRIVER.c:291:6:EXTI3_IRQHandler	8	static
STM32F103C6_EXTI_DRIVER.c:300:6:EXTI4_IRQHandler	8	static
STM32F103C6_EXTI_DRIVER.c:309:6:EXTI5_9_IRQHandler	8	static
STM32F103C6_EXTI_DRIVER.c:322:6:EXTI10_15_IRQHandler	8	static
