Archive member included to satisfy reference by file (symbol)

c:/st/stm32cubeide_1.4.0/stm32cubeide/plugins/com.st.stm32cube.ide.mcu.externaltools.gnu-tools-for-stm32.7-2018-q2-update.win32_1.4.0.202007081208/tools/bin/../lib/gcc/arm-none-eabi/7.3.1/../../../../arm-none-eabi/lib/thumb/v7-m\libc_nano.a(lib_a-errno.o)
                              Src/syscalls.o (__errno)
c:/st/stm32cubeide_1.4.0/stm32cubeide/plugins/com.st.stm32cube.ide.mcu.externaltools.gnu-tools-for-stm32.7-2018-q2-update.win32_1.4.0.202007081208/tools/bin/../lib/gcc/arm-none-eabi/7.3.1/../../../../arm-none-eabi/lib/thumb/v7-m\libc_nano.a(lib_a-exit.o)
                              c:/st/stm32cubeide_1.4.0/stm32cubeide/plugins/com.st.stm32cube.ide.mcu.externaltools.gnu-tools-for-stm32.7-2018-q2-update.win32_1.4.0.202007081208/tools/bin/../lib/gcc/arm-none-eabi/7.3.1/../../../../arm-none-eabi/lib/thumb/v7-m/crt0.o (exit)
c:/st/stm32cubeide_1.4.0/stm32cubeide/plugins/com.st.stm32cube.ide.mcu.externaltools.gnu-tools-for-stm32.7-2018-q2-update.win32_1.4.0.202007081208/tools/bin/../lib/gcc/arm-none-eabi/7.3.1/../../../../arm-none-eabi/lib/thumb/v7-m\libc_nano.a(lib_a-impure.o)
                              c:/st/stm32cubeide_1.4.0/stm32cubeide/plugins/com.st.stm32cube.ide.mcu.externaltools.gnu-tools-for-stm32.7-2018-q2-update.win32_1.4.0.202007081208/tools/bin/../lib/gcc/arm-none-eabi/7.3.1/../../../../arm-none-eabi/lib/thumb/v7-m\libc_nano.a(lib_a-exit.o) (_global_impure_ptr)
c:/st/stm32cubeide_1.4.0/stm32cubeide/plugins/com.st.stm32cube.ide.mcu.externaltools.gnu-tools-for-stm32.7-2018-q2-update.win32_1.4.0.202007081208/tools/bin/../lib/gcc/arm-none-eabi/7.3.1/../../../../arm-none-eabi/lib/thumb/v7-m\libc_nano.a(lib_a-init.o)
                              c:/st/stm32cubeide_1.4.0/stm32cubeide/plugins/com.st.stm32cube.ide.mcu.externaltools.gnu-tools-for-stm32.7-2018-q2-update.win32_1.4.0.202007081208/tools/bin/../lib/gcc/arm-none-eabi/7.3.1/../../../../arm-none-eabi/lib/thumb/v7-m/crt0.o (__libc_init_array)
c:/st/stm32cubeide_1.4.0/stm32cubeide/plugins/com.st.stm32cube.ide.mcu.externaltools.gnu-tools-for-stm32.7-2018-q2-update.win32_1.4.0.202007081208/tools/bin/../lib/gcc/arm-none-eabi/7.3.1/../../../../arm-none-eabi/lib/thumb/v7-m\libc_nano.a(lib_a-memset.o)
                              c:/st/stm32cubeide_1.4.0/stm32cubeide/plugins/com.st.stm32cube.ide.mcu.externaltools.gnu-tools-for-stm32.7-2018-q2-update.win32_1.4.0.202007081208/tools/bin/../lib/gcc/arm-none-eabi/7.3.1/../../../../arm-none-eabi/lib/thumb/v7-m/crt0.o (memset)

Allocating common symbols
Common symbol       size              file

ch                  0x1               Src/main.o

Discarded input sections

 .text          0x0000000000000000        0x0 c:/st/stm32cubeide_1.4.0/stm32cubeide/plugins/com.st.stm32cube.ide.mcu.externaltools.gnu-tools-for-stm32.7-2018-q2-update.win32_1.4.0.202007081208/tools/bin/../lib/gcc/arm-none-eabi/7.3.1/thumb/v7-m/crti.o
 .data          0x0000000000000000        0x0 c:/st/stm32cubeide_1.4.0/stm32cubeide/plugins/com.st.stm32cube.ide.mcu.externaltools.gnu-tools-for-stm32.7-2018-q2-update.win32_1.4.0.202007081208/tools/bin/../lib/gcc/arm-none-eabi/7.3.1/thumb/v7-m/crti.o
 .bss           0x0000000000000000        0x0 c:/st/stm32cubeide_1.4.0/stm32cubeide/plugins/com.st.stm32cube.ide.mcu.externaltools.gnu-tools-for-stm32.7-2018-q2-update.win32_1.4.0.202007081208/tools/bin/../lib/gcc/arm-none-eabi/7.3.1/thumb/v7-m/crti.o
 .data          0x0000000000000000        0x4 c:/st/stm32cubeide_1.4.0/stm32cubeide/plugins/com.st.stm32cube.ide.mcu.externaltools.gnu-tools-for-stm32.7-2018-q2-update.win32_1.4.0.202007081208/tools/bin/../lib/gcc/arm-none-eabi/7.3.1/thumb/v7-m/crtbegin.o
 .text          0x0000000000000000       0x74 c:/st/stm32cubeide_1.4.0/stm32cubeide/plugins/com.st.stm32cube.ide.mcu.externaltools.gnu-tools-for-stm32.7-2018-q2-update.win32_1.4.0.202007081208/tools/bin/../lib/gcc/arm-none-eabi/7.3.1/../../../../arm-none-eabi/lib/thumb/v7-m/crt0.o
 .data          0x0000000000000000        0x0 c:/st/stm32cubeide_1.4.0/stm32cubeide/plugins/com.st.stm32cube.ide.mcu.externaltools.gnu-tools-for-stm32.7-2018-q2-update.win32_1.4.0.202007081208/tools/bin/../lib/gcc/arm-none-eabi/7.3.1/../../../../arm-none-eabi/lib/thumb/v7-m/crt0.o
 .bss           0x0000000000000000        0x0 c:/st/stm32cubeide_1.4.0/stm32cubeide/plugins/com.st.stm32cube.ide.mcu.externaltools.gnu-tools-for-stm32.7-2018-q2-update.win32_1.4.0.202007081208/tools/bin/../lib/gcc/arm-none-eabi/7.3.1/../../../../arm-none-eabi/lib/thumb/v7-m/crt0.o
 .ARM.extab     0x0000000000000000        0x0 c:/st/stm32cubeide_1.4.0/stm32cubeide/plugins/com.st.stm32cube.ide.mcu.externaltools.gnu-tools-for-stm32.7-2018-q2-update.win32_1.4.0.202007081208/tools/bin/../lib/gcc/arm-none-eabi/7.3.1/../../../../arm-none-eabi/lib/thumb/v7-m/crt0.o
 .ARM.exidx     0x0000000000000000        0x8 c:/st/stm32cubeide_1.4.0/stm32cubeide/plugins/com.st.stm32cube.ide.mcu.externaltools.gnu-tools-for-stm32.7-2018-q2-update.win32_1.4.0.202007081208/tools/bin/../lib/gcc/arm-none-eabi/7.3.1/../../../../arm-none-eabi/lib/thumb/v7-m/crt0.o
 .ARM.attributes
                0x0000000000000000       0x1b c:/st/stm32cubeide_1.4.0/stm32cubeide/plugins/com.st.stm32cube.ide.mcu.externaltools.gnu-tools-for-stm32.7-2018-q2-update.win32_1.4.0.202007081208/tools/bin/../lib/gcc/arm-none-eabi/7.3.1/../../../../arm-none-eabi/lib/thumb/v7-m/crt0.o
 .group         0x0000000000000000        0xc STM32F103C6_DRIVERS/MCAL/EXTI/STM32F103C6_EXTI_DRIVER.o
 .group         0x0000000000000000        0xc STM32F103C6_DRIVERS/MCAL/EXTI/STM32F103C6_EXTI_DRIVER.o
 .group         0x0000000000000000        0xc STM32F103C6_DRIVERS/MCAL/EXTI/STM32F103C6_EXTI_DRIVER.o
 .group         0x0000000000000000        0xc STM32F103C6_DRIVERS/MCAL/EXTI/STM32F103C6_EXTI_DRIVER.o
 .group         0x0000000000000000        0xc STM32F103C6_DRIVERS/MCAL/EXTI/STM32F103C6_EXTI_DRIVER.o
 .group         0x0000000000000000        0xc STM32F103C6_DRIVERS/MCAL/EXTI/STM32F103C6_EXTI_DRIVER.o
 .group         0x0000000000000000        0xc STM32F103C6_DRIVERS/MCAL/EXTI/STM32F103C6_EXTI_DRIVER.o
 .group         0x0000000000000000        0xc STM32F103C6_DRIVERS/MCAL/EXTI/STM32F103C6_EXTI_DRIVER.o
 .group         0x0000000000000000        0xc STM32F103C6_DRIVERS/MCAL/EXTI/STM32F103C6_EXTI_DRIVER.o
 .group         0x0000000000000000        0xc STM32F103C6_DRIVERS/MCAL/EXTI/STM32F103C6_EXTI_DRIVER.o
 .group         0x0000000000000000        0xc STM32F103C6_DRIVERS/MCAL/EXTI/STM32F103C6_EXTI_DRIVER.o
 .group         0x0000000000000000        0xc STM32F103C6_DRIVERS/MCAL/EXTI/STM32F103C6_EXTI_DRIVER.o
 .group         0x0000000000000000        0xc STM32F103C6_DRIVERS/MCAL/EXTI/STM32F103C6_EXTI_DRIVER.o
 .group         0x0000000000000000        0xc STM32F103C6_DRIVERS/MCAL/EXTI/STM32F103C6_EXTI_DRIVER.o
 .group         0x0000000000000000        0xc STM32F103C6_DRIVERS/MCAL/EXTI/STM32F103C6_EXTI_DRIVER.o
 .group         0x0000000000000000        0xc STM32F103C6_DRIVERS/MCAL/EXTI/STM32F103C6_EXTI_DRIVER.o
 .group         0x0000000000000000        0xc STM32F103C6_DRIVERS/MCAL/EXTI/STM32F103C6_EXTI_DRIVER.o
 .group         0x0000000000000000        0xc STM32F103C6_DRIVERS/MCAL/EXTI/STM32F103C6_EXTI_DRIVER.o
 .group         0x0000000000000000        0xc STM32F103C6_DRIVERS/MCAL/EXTI/STM32F103C6_EXTI_DRIVER.o
 .group         0x0000000000000000        0xc STM32F103C6_DRIVERS/MCAL/EXTI/STM32F103C6_EXTI_DRIVER.o
 .group         0x0000000000000000        0xc STM32F103C6_DRIVERS/MCAL/EXTI/STM32F103C6_EXTI_DRIVER.o
 .group         0x0000000000000000        0xc STM32F103C6_DRIVERS/MCAL/EXTI/STM32F103C6_EXTI_DRIVER.o
 .group         0x0000000000000000        0xc STM32F103C6_DRIVERS/MCAL/EXTI/STM32F103C6_EXTI_DRIVER.o
 .group         0x0000000000000000        0xc STM32F103C6_DRIVERS/MCAL/EXTI/STM32F103C6_EXTI_DRIVER.o
 .group         0x0000000000000000        0xc STM32F103C6_DRIVERS/MCAL/EXTI/STM32F103C6_EXTI_DRIVER.o
 .text          0x0000000000000000        0x0 STM32F103C6_DRIVERS/MCAL/EXTI/STM32F103C6_EXTI_DRIVER.o
 .data          0x0000000000000000        0x0 STM32F103C6_DRIVERS/MCAL/EXTI/STM32F103C6_EXTI_DRIVER.o
 .bss           0x0000000000000000        0x0 STM32F103C6_DRIVERS/MCAL/EXTI/STM32F103C6_EXTI_DRIVER.o
 .debug_info    0x0000000000000000      0x972 STM32F103C6_DRIVERS/MCAL/EXTI/STM32F103C6_EXTI_DRIVER.o
 .debug_abbrev  0x0000000000000000      0x149 STM32F103C6_DRIVERS/MCAL/EXTI/STM32F103C6_EXTI_DRIVER.o
 .debug_aranges
                0x0000000000000000       0x18 STM32F103C6_DRIVERS/MCAL/EXTI/STM32F103C6_EXTI_DRIVER.o
 .debug_macro   0x0000000000000000      0x379 STM32F103C6_DRIVERS/MCAL/EXTI/STM32F103C6_EXTI_DRIVER.o
 .debug_macro   0x0000000000000000      0xa60 STM32F103C6_DRIVERS/MCAL/EXTI/STM32F103C6_EXTI_DRIVER.o
 .debug_macro   0x0000000000000000       0x18 STM32F103C6_DRIVERS/MCAL/EXTI/STM32F103C6_EXTI_DRIVER.o
 .debug_macro   0x0000000000000000       0x22 STM32F103C6_DRIVERS/MCAL/EXTI/STM32F103C6_EXTI_DRIVER.o
 .debug_macro   0x0000000000000000       0x40 STM32F103C6_DRIVERS/MCAL/EXTI/STM32F103C6_EXTI_DRIVER.o
 .debug_macro   0x0000000000000000       0x94 STM32F103C6_DRIVERS/MCAL/EXTI/STM32F103C6_EXTI_DRIVER.o
 .debug_macro   0x0000000000000000       0x3c STM32F103C6_DRIVERS/MCAL/EXTI/STM32F103C6_EXTI_DRIVER.o
 .debug_macro   0x0000000000000000       0x34 STM32F103C6_DRIVERS/MCAL/EXTI/STM32F103C6_EXTI_DRIVER.o
 .debug_macro   0x0000000000000000       0x16 STM32F103C6_DRIVERS/MCAL/EXTI/STM32F103C6_EXTI_DRIVER.o
 .debug_macro   0x0000000000000000      0x10e STM32F103C6_DRIVERS/MCAL/EXTI/STM32F103C6_EXTI_DRIVER.o
 .debug_macro   0x0000000000000000       0x8d STM32F103C6_DRIVERS/MCAL/EXTI/STM32F103C6_EXTI_DRIVER.o
 .debug_macro   0x0000000000000000       0x57 STM32F103C6_DRIVERS/MCAL/EXTI/STM32F103C6_EXTI_DRIVER.o
 .debug_macro   0x0000000000000000       0x52 STM32F103C6_DRIVERS/MCAL/EXTI/STM32F103C6_EXTI_DRIVER.o
 .debug_macro   0x0000000000000000       0x1f STM32F103C6_DRIVERS/MCAL/EXTI/STM32F103C6_EXTI_DRIVER.o
 .debug_macro   0x0000000000000000       0x43 STM32F103C6_DRIVERS/MCAL/EXTI/STM32F103C6_EXTI_DRIVER.o
 .debug_macro   0x0000000000000000       0x20 STM32F103C6_DRIVERS/MCAL/EXTI/STM32F103C6_EXTI_DRIVER.o
 .debug_macro   0x0000000000000000      0x1a3 STM32F103C6_DRIVERS/MCAL/EXTI/STM32F103C6_EXTI_DRIVER.o
 .debug_macro   0x0000000000000000      0x330 STM32F103C6_DRIVERS/MCAL/EXTI/STM32F103C6_EXTI_DRIVER.o
 .debug_macro   0x0000000000000000       0x16 STM32F103C6_DRIVERS/MCAL/EXTI/STM32F103C6_EXTI_DRIVER.o
 .debug_macro   0x0000000000000000       0x29 STM32F103C6_DRIVERS/MCAL/EXTI/STM32F103C6_EXTI_DRIVER.o
 .debug_macro   0x0000000000000000       0xef STM32F103C6_DRIVERS/MCAL/EXTI/STM32F103C6_EXTI_DRIVER.o
 .debug_macro   0x0000000000000000       0x6a STM32F103C6_DRIVERS/MCAL/EXTI/STM32F103C6_EXTI_DRIVER.o
 .debug_macro   0x0000000000000000      0x1df STM32F103C6_DRIVERS/MCAL/EXTI/STM32F103C6_EXTI_DRIVER.o
 .debug_macro   0x0000000000000000      0x2c2 STM32F103C6_DRIVERS/MCAL/EXTI/STM32F103C6_EXTI_DRIVER.o
 .debug_macro   0x0000000000000000       0xd6 STM32F103C6_DRIVERS/MCAL/EXTI/STM32F103C6_EXTI_DRIVER.o
 .debug_macro   0x0000000000000000      0x227 STM32F103C6_DRIVERS/MCAL/EXTI/STM32F103C6_EXTI_DRIVER.o
 .debug_line    0x0000000000000000      0x6df STM32F103C6_DRIVERS/MCAL/EXTI/STM32F103C6_EXTI_DRIVER.o
 .debug_str     0x0000000000000000     0xa619 STM32F103C6_DRIVERS/MCAL/EXTI/STM32F103C6_EXTI_DRIVER.o
 .comment       0x0000000000000000       0x7c STM32F103C6_DRIVERS/MCAL/EXTI/STM32F103C6_EXTI_DRIVER.o
 .ARM.attributes
                0x0000000000000000       0x33 STM32F103C6_DRIVERS/MCAL/EXTI/STM32F103C6_EXTI_DRIVER.o
 .group         0x0000000000000000        0xc STM32F103C6_DRIVERS/MCAL/GPIO/STM32F103C6_GPIO_DRIVER.o
 .group         0x0000000000000000        0xc STM32F103C6_DRIVERS/MCAL/GPIO/STM32F103C6_GPIO_DRIVER.o
 .group         0x0000000000000000        0xc STM32F103C6_DRIVERS/MCAL/GPIO/STM32F103C6_GPIO_DRIVER.o
 .group         0x0000000000000000        0xc STM32F103C6_DRIVERS/MCAL/GPIO/STM32F103C6_GPIO_DRIVER.o
 .group         0x0000000000000000        0xc STM32F103C6_DRIVERS/MCAL/GPIO/STM32F103C6_GPIO_DRIVER.o
 .group         0x0000000000000000        0xc STM32F103C6_DRIVERS/MCAL/GPIO/STM32F103C6_GPIO_DRIVER.o
 .group         0x0000000000000000        0xc STM32F103C6_DRIVERS/MCAL/GPIO/STM32F103C6_GPIO_DRIVER.o
 .group         0x0000000000000000        0xc STM32F103C6_DRIVERS/MCAL/GPIO/STM32F103C6_GPIO_DRIVER.o
 .group         0x0000000000000000        0xc STM32F103C6_DRIVERS/MCAL/GPIO/STM32F103C6_GPIO_DRIVER.o
 .group         0x0000000000000000        0xc STM32F103C6_DRIVERS/MCAL/GPIO/STM32F103C6_GPIO_DRIVER.o
 .group         0x0000000000000000        0xc STM32F103C6_DRIVERS/MCAL/GPIO/STM32F103C6_GPIO_DRIVER.o
 .group         0x0000000000000000        0xc STM32F103C6_DRIVERS/MCAL/GPIO/STM32F103C6_GPIO_DRIVER.o
 .group         0x0000000000000000        0xc STM32F103C6_DRIVERS/MCAL/GPIO/STM32F103C6_GPIO_DRIVER.o
 .group         0x0000000000000000        0xc STM32F103C6_DRIVERS/MCAL/GPIO/STM32F103C6_GPIO_DRIVER.o
 .group         0x0000000000000000        0xc STM32F103C6_DRIVERS/MCAL/GPIO/STM32F103C6_GPIO_DRIVER.o
 .group         0x0000000000000000        0xc STM32F103C6_DRIVERS/MCAL/GPIO/STM32F103C6_GPIO_DRIVER.o
 .group         0x0000000000000000        0xc STM32F103C6_DRIVERS/MCAL/GPIO/STM32F103C6_GPIO_DRIVER.o
 .group         0x0000000000000000        0xc STM32F103C6_DRIVERS/MCAL/GPIO/STM32F103C6_GPIO_DRIVER.o
 .group         0x0000000000000000        0xc STM32F103C6_DRIVERS/MCAL/GPIO/STM32F103C6_GPIO_DRIVER.o
 .group         0x0000000000000000        0xc STM32F103C6_DRIVERS/MCAL/GPIO/STM32F103C6_GPIO_DRIVER.o
 .group         0x0000000000000000        0xc STM32F103C6_DRIVERS/MCAL/GPIO/STM32F103C6_GPIO_DRIVER.o
 .group         0x0000000000000000        0xc STM32F103C6_DRIVERS/MCAL/GPIO/STM32F103C6_GPIO_DRIVER.o
 .group         0x0000000000000000        0xc STM32F103C6_DRIVERS/MCAL/GPIO/STM32F103C6_GPIO_DRIVER.o
 .group         0x0000000000000000        0xc STM32F103C6_DRIVERS/MCAL/GPIO/STM32F103C6_GPIO_DRIVER.o
 .group         0x0000000000000000        0xc STM32F103C6_DRIVERS/MCAL/GPIO/STM32F103C6_GPIO_DRIVER.o
 .text          0x0000000000000000        0x0 STM32F103C6_DRIVERS/MCAL/GPIO/STM32F103C6_GPIO_DRIVER.o
 .data          0x0000000000000000        0x0 STM32F103C6_DRIVERS/MCAL/GPIO/STM32F103C6_GPIO_DRIVER.o
 .bss           0x0000000000000000        0x0 STM32F103C6_DRIVERS/MCAL/GPIO/STM32F103C6_GPIO_DRIVER.o
 .text.MCAL_GPIO_DeInit
                0x0000000000000000       0xd4 STM32F103C6_DRIVERS/MCAL/GPIO/STM32F103C6_GPIO_DRIVER.o
 .text.MCAL_GPIO_ReadPin
                0x0000000000000000       0x28 STM32F103C6_DRIVERS/MCAL/GPIO/STM32F103C6_GPIO_DRIVER.o
 .text.MCAL_GPIO_ReadPort
                0x0000000000000000       0x18 STM32F103C6_DRIVERS/MCAL/GPIO/STM32F103C6_GPIO_DRIVER.o
 .text.MCAL_GPIO_WritePort
                0x0000000000000000       0x1c STM32F103C6_DRIVERS/MCAL/GPIO/STM32F103C6_GPIO_DRIVER.o
 .text.MCAL_GPIO_TogglePin
                0x0000000000000000       0x22 STM32F103C6_DRIVERS/MCAL/GPIO/STM32F103C6_GPIO_DRIVER.o
 .text.MCAL_GPIO_LockPin
                0x0000000000000000       0x4e STM32F103C6_DRIVERS/MCAL/GPIO/STM32F103C6_GPIO_DRIVER.o
 .debug_macro   0x0000000000000000      0xa60 STM32F103C6_DRIVERS/MCAL/GPIO/STM32F103C6_GPIO_DRIVER.o
 .debug_macro   0x0000000000000000       0x18 STM32F103C6_DRIVERS/MCAL/GPIO/STM32F103C6_GPIO_DRIVER.o
 .debug_macro   0x0000000000000000       0x22 STM32F103C6_DRIVERS/MCAL/GPIO/STM32F103C6_GPIO_DRIVER.o
 .debug_macro   0x0000000000000000       0x40 STM32F103C6_DRIVERS/MCAL/GPIO/STM32F103C6_GPIO_DRIVER.o
 .debug_macro   0x0000000000000000       0x94 STM32F103C6_DRIVERS/MCAL/GPIO/STM32F103C6_GPIO_DRIVER.o
 .debug_macro   0x0000000000000000       0x3c STM32F103C6_DRIVERS/MCAL/GPIO/STM32F103C6_GPIO_DRIVER.o
 .debug_macro   0x0000000000000000       0x34 STM32F103C6_DRIVERS/MCAL/GPIO/STM32F103C6_GPIO_DRIVER.o
 .debug_macro   0x0000000000000000       0x16 STM32F103C6_DRIVERS/MCAL/GPIO/STM32F103C6_GPIO_DRIVER.o
 .debug_macro   0x0000000000000000      0x10e STM32F103C6_DRIVERS/MCAL/GPIO/STM32F103C6_GPIO_DRIVER.o
 .debug_macro   0x0000000000000000       0x8d STM32F103C6_DRIVERS/MCAL/GPIO/STM32F103C6_GPIO_DRIVER.o
 .debug_macro   0x0000000000000000       0x57 STM32F103C6_DRIVERS/MCAL/GPIO/STM32F103C6_GPIO_DRIVER.o
 .debug_macro   0x0000000000000000       0x52 STM32F103C6_DRIVERS/MCAL/GPIO/STM32F103C6_GPIO_DRIVER.o
 .debug_macro   0x0000000000000000       0x1f STM32F103C6_DRIVERS/MCAL/GPIO/STM32F103C6_GPIO_DRIVER.o
 .debug_macro   0x0000000000000000       0x43 STM32F103C6_DRIVERS/MCAL/GPIO/STM32F103C6_GPIO_DRIVER.o
 .debug_macro   0x0000000000000000       0x20 STM32F103C6_DRIVERS/MCAL/GPIO/STM32F103C6_GPIO_DRIVER.o
 .debug_macro   0x0000000000000000      0x1a3 STM32F103C6_DRIVERS/MCAL/GPIO/STM32F103C6_GPIO_DRIVER.o
 .debug_macro   0x0000000000000000      0x330 STM32F103C6_DRIVERS/MCAL/GPIO/STM32F103C6_GPIO_DRIVER.o
 .debug_macro   0x0000000000000000       0x16 STM32F103C6_DRIVERS/MCAL/GPIO/STM32F103C6_GPIO_DRIVER.o
 .debug_macro   0x0000000000000000       0x29 STM32F103C6_DRIVERS/MCAL/GPIO/STM32F103C6_GPIO_DRIVER.o
 .debug_macro   0x0000000000000000       0xef STM32F103C6_DRIVERS/MCAL/GPIO/STM32F103C6_GPIO_DRIVER.o
 .debug_macro   0x0000000000000000       0x6a STM32F103C6_DRIVERS/MCAL/GPIO/STM32F103C6_GPIO_DRIVER.o
 .debug_macro   0x0000000000000000      0x1df STM32F103C6_DRIVERS/MCAL/GPIO/STM32F103C6_GPIO_DRIVER.o
 .debug_macro   0x0000000000000000      0x2c2 STM32F103C6_DRIVERS/MCAL/GPIO/STM32F103C6_GPIO_DRIVER.o
 .debug_macro   0x0000000000000000      0x227 STM32F103C6_DRIVERS/MCAL/GPIO/STM32F103C6_GPIO_DRIVER.o
 .debug_macro   0x0000000000000000       0xd6 STM32F103C6_DRIVERS/MCAL/GPIO/STM32F103C6_GPIO_DRIVER.o
 .group         0x0000000000000000        0xc STM32F103C6_DRIVERS/MCAL/RCC/STM32F103C6_RCC_DRIVER.o
 .group         0x0000000000000000        0xc STM32F103C6_DRIVERS/MCAL/RCC/STM32F103C6_RCC_DRIVER.o
 .group         0x0000000000000000        0xc STM32F103C6_DRIVERS/MCAL/RCC/STM32F103C6_RCC_DRIVER.o
 .group         0x0000000000000000        0xc STM32F103C6_DRIVERS/MCAL/RCC/STM32F103C6_RCC_DRIVER.o
 .group         0x0000000000000000        0xc STM32F103C6_DRIVERS/MCAL/RCC/STM32F103C6_RCC_DRIVER.o
 .group         0x0000000000000000        0xc STM32F103C6_DRIVERS/MCAL/RCC/STM32F103C6_RCC_DRIVER.o
 .group         0x0000000000000000        0xc STM32F103C6_DRIVERS/MCAL/RCC/STM32F103C6_RCC_DRIVER.o
 .group         0x0000000000000000        0xc STM32F103C6_DRIVERS/MCAL/RCC/STM32F103C6_RCC_DRIVER.o
 .group         0x0000000000000000        0xc STM32F103C6_DRIVERS/MCAL/RCC/STM32F103C6_RCC_DRIVER.o
 .group         0x0000000000000000        0xc STM32F103C6_DRIVERS/MCAL/RCC/STM32F103C6_RCC_DRIVER.o
 .group         0x0000000000000000        0xc STM32F103C6_DRIVERS/MCAL/RCC/STM32F103C6_RCC_DRIVER.o
 .group         0x0000000000000000        0xc STM32F103C6_DRIVERS/MCAL/RCC/STM32F103C6_RCC_DRIVER.o
 .group         0x0000000000000000        0xc STM32F103C6_DRIVERS/MCAL/RCC/STM32F103C6_RCC_DRIVER.o
 .group         0x0000000000000000        0xc STM32F103C6_DRIVERS/MCAL/RCC/STM32F103C6_RCC_DRIVER.o
 .group         0x0000000000000000        0xc STM32F103C6_DRIVERS/MCAL/RCC/STM32F103C6_RCC_DRIVER.o
 .group         0x0000000000000000        0xc STM32F103C6_DRIVERS/MCAL/RCC/STM32F103C6_RCC_DRIVER.o
 .group         0x0000000000000000        0xc STM32F103C6_DRIVERS/MCAL/RCC/STM32F103C6_RCC_DRIVER.o
 .group         0x0000000000000000        0xc STM32F103C6_DRIVERS/MCAL/RCC/STM32F103C6_RCC_DRIVER.o
 .group         0x0000000000000000        0xc STM32F103C6_DRIVERS/MCAL/RCC/STM32F103C6_RCC_DRIVER.o
 .group         0x0000000000000000        0xc STM32F103C6_DRIVERS/MCAL/RCC/STM32F103C6_RCC_DRIVER.o
 .group         0x0000000000000000        0xc STM32F103C6_DRIVERS/MCAL/RCC/STM32F103C6_RCC_DRIVER.o
 .group         0x0000000000000000        0xc STM32F103C6_DRIVERS/MCAL/RCC/STM32F103C6_RCC_DRIVER.o
 .group         0x0000000000000000        0xc STM32F103C6_DRIVERS/MCAL/RCC/STM32F103C6_RCC_DRIVER.o
 .group         0x0000000000000000        0xc STM32F103C6_DRIVERS/MCAL/RCC/STM32F103C6_RCC_DRIVER.o
 .group         0x0000000000000000        0xc STM32F103C6_DRIVERS/MCAL/RCC/STM32F103C6_RCC_DRIVER.o
 .group         0x0000000000000000        0xc STM32F103C6_DRIVERS/MCAL/RCC/STM32F103C6_RCC_DRIVER.o
 .text          0x0000000000000000        0x0 STM32F103C6_DRIVERS/MCAL/RCC/STM32F103C6_RCC_DRIVER.o
 .data          0x0000000000000000        0x0 STM32F103C6_DRIVERS/MCAL/RCC/STM32F103C6_RCC_DRIVER.o
 .bss           0x0000000000000000        0x0 STM32F103C6_DRIVERS/MCAL/RCC/STM32F103C6_RCC_DRIVER.o
 .debug_macro   0x0000000000000000      0xa60 STM32F103C6_DRIVERS/MCAL/RCC/STM32F103C6_RCC_DRIVER.o
 .debug_macro   0x0000000000000000       0x18 STM32F103C6_DRIVERS/MCAL/RCC/STM32F103C6_RCC_DRIVER.o
 .debug_macro   0x0000000000000000       0x22 STM32F103C6_DRIVERS/MCAL/RCC/STM32F103C6_RCC_DRIVER.o
 .debug_macro   0x0000000000000000       0x40 STM32F103C6_DRIVERS/MCAL/RCC/STM32F103C6_RCC_DRIVER.o
 .debug_macro   0x0000000000000000       0x94 STM32F103C6_DRIVERS/MCAL/RCC/STM32F103C6_RCC_DRIVER.o
 .debug_macro   0x0000000000000000       0x3c STM32F103C6_DRIVERS/MCAL/RCC/STM32F103C6_RCC_DRIVER.o
 .debug_macro   0x0000000000000000       0x34 STM32F103C6_DRIVERS/MCAL/RCC/STM32F103C6_RCC_DRIVER.o
 .debug_macro   0x0000000000000000       0x16 STM32F103C6_DRIVERS/MCAL/RCC/STM32F103C6_RCC_DRIVER.o
 .debug_macro   0x0000000000000000      0x10e STM32F103C6_DRIVERS/MCAL/RCC/STM32F103C6_RCC_DRIVER.o
 .debug_macro   0x0000000000000000       0x8d STM32F103C6_DRIVERS/MCAL/RCC/STM32F103C6_RCC_DRIVER.o
 .debug_macro   0x0000000000000000       0x57 STM32F103C6_DRIVERS/MCAL/RCC/STM32F103C6_RCC_DRIVER.o
 .debug_macro   0x0000000000000000       0x52 STM32F103C6_DRIVERS/MCAL/RCC/STM32F103C6_RCC_DRIVER.o
 .debug_macro   0x0000000000000000       0x1f STM32F103C6_DRIVERS/MCAL/RCC/STM32F103C6_RCC_DRIVER.o
 .debug_macro   0x0000000000000000       0x43 STM32F103C6_DRIVERS/MCAL/RCC/STM32F103C6_RCC_DRIVER.o
 .debug_macro   0x0000000000000000       0x20 STM32F103C6_DRIVERS/MCAL/RCC/STM32F103C6_RCC_DRIVER.o
 .debug_macro   0x0000000000000000      0x1a3 STM32F103C6_DRIVERS/MCAL/RCC/STM32F103C6_RCC_DRIVER.o
 .debug_macro   0x0000000000000000      0x330 STM32F103C6_DRIVERS/MCAL/RCC/STM32F103C6_RCC_DRIVER.o
 .debug_macro   0x0000000000000000       0x16 STM32F103C6_DRIVERS/MCAL/RCC/STM32F103C6_RCC_DRIVER.o
 .debug_macro   0x0000000000000000       0x29 STM32F103C6_DRIVERS/MCAL/RCC/STM32F103C6_RCC_DRIVER.o
 .debug_macro   0x0000000000000000       0xef STM32F103C6_DRIVERS/MCAL/RCC/STM32F103C6_RCC_DRIVER.o
 .debug_macro   0x0000000000000000       0x6a STM32F103C6_DRIVERS/MCAL/RCC/STM32F103C6_RCC_DRIVER.o
 .debug_macro   0x0000000000000000      0x1df STM32F103C6_DRIVERS/MCAL/RCC/STM32F103C6_RCC_DRIVER.o
 .debug_macro   0x0000000000000000      0x2c2 STM32F103C6_DRIVERS/MCAL/RCC/STM32F103C6_RCC_DRIVER.o
 .debug_macro   0x0000000000000000      0x227 STM32F103C6_DRIVERS/MCAL/RCC/STM32F103C6_RCC_DRIVER.o
 .debug_macro   0x0000000000000000       0xd6 STM32F103C6_DRIVERS/MCAL/RCC/STM32F103C6_RCC_DRIVER.o
 .group         0x0000000000000000        0xc STM32F103C6_DRIVERS/MCAL/SPI/STM32F103C6_SPI_DRIVER.o
 .group         0x0000000000000000        0xc STM32F103C6_DRIVERS/MCAL/SPI/STM32F103C6_SPI_DRIVER.o
 .group         0x0000000000000000        0xc STM32F103C6_DRIVERS/MCAL/SPI/STM32F103C6_SPI_DRIVER.o
 .group         0x0000000000000000        0xc STM32F103C6_DRIVERS/MCAL/SPI/STM32F103C6_SPI_DRIVER.o
 .group         0x0000000000000000        0xc STM32F103C6_DRIVERS/MCAL/SPI/STM32F103C6_SPI_DRIVER.o
 .group         0x0000000000000000        0xc STM32F103C6_DRIVERS/MCAL/SPI/STM32F103C6_SPI_DRIVER.o
 .group         0x0000000000000000        0xc STM32F103C6_DRIVERS/MCAL/SPI/STM32F103C6_SPI_DRIVER.o
 .group         0x0000000000000000        0xc STM32F103C6_DRIVERS/MCAL/SPI/STM32F103C6_SPI_DRIVER.o
 .group         0x0000000000000000        0xc STM32F103C6_DRIVERS/MCAL/SPI/STM32F103C6_SPI_DRIVER.o
 .group         0x0000000000000000        0xc STM32F103C6_DRIVERS/MCAL/SPI/STM32F103C6_SPI_DRIVER.o
 .group         0x0000000000000000        0xc STM32F103C6_DRIVERS/MCAL/SPI/STM32F103C6_SPI_DRIVER.o
 .group         0x0000000000000000        0xc STM32F103C6_DRIVERS/MCAL/SPI/STM32F103C6_SPI_DRIVER.o
 .group         0x0000000000000000        0xc STM32F103C6_DRIVERS/MCAL/SPI/STM32F103C6_SPI_DRIVER.o
 .group         0x0000000000000000        0xc STM32F103C6_DRIVERS/MCAL/SPI/STM32F103C6_SPI_DRIVER.o
 .group         0x0000000000000000        0xc STM32F103C6_DRIVERS/MCAL/SPI/STM32F103C6_SPI_DRIVER.o
 .group         0x0000000000000000        0xc STM32F103C6_DRIVERS/MCAL/SPI/STM32F103C6_SPI_DRIVER.o
 .group         0x0000000000000000        0xc STM32F103C6_DRIVERS/MCAL/SPI/STM32F103C6_SPI_DRIVER.o
 .group         0x0000000000000000        0xc STM32F103C6_DRIVERS/MCAL/SPI/STM32F103C6_SPI_DRIVER.o
 .group         0x0000000000000000        0xc STM32F103C6_DRIVERS/MCAL/SPI/STM32F103C6_SPI_DRIVER.o
 .group         0x0000000000000000        0xc STM32F103C6_DRIVERS/MCAL/SPI/STM32F103C6_SPI_DRIVER.o
 .group         0x0000000000000000        0xc STM32F103C6_DRIVERS/MCAL/SPI/STM32F103C6_SPI_DRIVER.o
 .group         0x0000000000000000        0xc STM32F103C6_DRIVERS/MCAL/SPI/STM32F103C6_SPI_DRIVER.o
 .group         0x0000000000000000        0xc STM32F103C6_DRIVERS/MCAL/SPI/STM32F103C6_SPI_DRIVER.o
 .group         0x0000000000000000        0xc STM32F103C6_DRIVERS/MCAL/SPI/STM32F103C6_SPI_DRIVER.o
 .group         0x0000000000000000        0xc STM32F103C6_DRIVERS/MCAL/SPI/STM32F103C6_SPI_DRIVER.o
 .group         0x0000000000000000        0xc STM32F103C6_DRIVERS/MCAL/SPI/STM32F103C6_SPI_DRIVER.o
 .group         0x0000000000000000        0xc STM32F103C6_DRIVERS/MCAL/SPI/STM32F103C6_SPI_DRIVER.o
 .text          0x0000000000000000        0x0 STM32F103C6_DRIVERS/MCAL/SPI/STM32F103C6_SPI_DRIVER.o
 .data          0x0000000000000000        0x0 STM32F103C6_DRIVERS/MCAL/SPI/STM32F103C6_SPI_DRIVER.o
 .bss           0x0000000000000000        0x0 STM32F103C6_DRIVERS/MCAL/SPI/STM32F103C6_SPI_DRIVER.o
 .text.MCAL_SPI_DeInit
                0x0000000000000000       0x64 STM32F103C6_DRIVERS/MCAL/SPI/STM32F103C6_SPI_DRIVER.o
 .text.MCAL_SPI_SendData
                0x0000000000000000       0x60 STM32F103C6_DRIVERS/MCAL/SPI/STM32F103C6_SPI_DRIVER.o
 .text.MCAL_SPI_ReceiveData
                0x0000000000000000       0x60 STM32F103C6_DRIVERS/MCAL/SPI/STM32F103C6_SPI_DRIVER.o
 .debug_macro   0x0000000000000000      0xa60 STM32F103C6_DRIVERS/MCAL/SPI/STM32F103C6_SPI_DRIVER.o
 .debug_macro   0x0000000000000000       0x18 STM32F103C6_DRIVERS/MCAL/SPI/STM32F103C6_SPI_DRIVER.o
 .debug_macro   0x0000000000000000       0x22 STM32F103C6_DRIVERS/MCAL/SPI/STM32F103C6_SPI_DRIVER.o
 .debug_macro   0x0000000000000000       0x40 STM32F103C6_DRIVERS/MCAL/SPI/STM32F103C6_SPI_DRIVER.o
 .debug_macro   0x0000000000000000       0x94 STM32F103C6_DRIVERS/MCAL/SPI/STM32F103C6_SPI_DRIVER.o
 .debug_macro   0x0000000000000000       0x3c STM32F103C6_DRIVERS/MCAL/SPI/STM32F103C6_SPI_DRIVER.o
 .debug_macro   0x0000000000000000       0x34 STM32F103C6_DRIVERS/MCAL/SPI/STM32F103C6_SPI_DRIVER.o
 .debug_macro   0x0000000000000000       0x16 STM32F103C6_DRIVERS/MCAL/SPI/STM32F103C6_SPI_DRIVER.o
 .debug_macro   0x0000000000000000      0x10e STM32F103C6_DRIVERS/MCAL/SPI/STM32F103C6_SPI_DRIVER.o
 .debug_macro   0x0000000000000000       0x8d STM32F103C6_DRIVERS/MCAL/SPI/STM32F103C6_SPI_DRIVER.o
 .debug_macro   0x0000000000000000       0x57 STM32F103C6_DRIVERS/MCAL/SPI/STM32F103C6_SPI_DRIVER.o
 .debug_macro   0x0000000000000000       0x52 STM32F103C6_DRIVERS/MCAL/SPI/STM32F103C6_SPI_DRIVER.o
 .debug_macro   0x0000000000000000       0x1f STM32F103C6_DRIVERS/MCAL/SPI/STM32F103C6_SPI_DRIVER.o
 .debug_macro   0x0000000000000000       0x43 STM32F103C6_DRIVERS/MCAL/SPI/STM32F103C6_SPI_DRIVER.o
 .debug_macro   0x0000000000000000       0x20 STM32F103C6_DRIVERS/MCAL/SPI/STM32F103C6_SPI_DRIVER.o
 .debug_macro   0x0000000000000000      0x1a3 STM32F103C6_DRIVERS/MCAL/SPI/STM32F103C6_SPI_DRIVER.o
 .debug_macro   0x0000000000000000      0x330 STM32F103C6_DRIVERS/MCAL/SPI/STM32F103C6_SPI_DRIVER.o
 .debug_macro   0x0000000000000000       0x16 STM32F103C6_DRIVERS/MCAL/SPI/STM32F103C6_SPI_DRIVER.o
 .debug_macro   0x0000000000000000       0x29 STM32F103C6_DRIVERS/MCAL/SPI/STM32F103C6_SPI_DRIVER.o
 .debug_macro   0x0000000000000000       0xef STM32F103C6_DRIVERS/MCAL/SPI/STM32F103C6_SPI_DRIVER.o
 .debug_macro   0x0000000000000000       0x6a STM32F103C6_DRIVERS/MCAL/SPI/STM32F103C6_SPI_DRIVER.o
 .debug_macro   0x0000000000000000      0x1df STM32F103C6_DRIVERS/MCAL/SPI/STM32F103C6_SPI_DRIVER.o
 .debug_macro   0x0000000000000000      0x2c2 STM32F103C6_DRIVERS/MCAL/SPI/STM32F103C6_SPI_DRIVER.o
 .debug_macro   0x0000000000000000      0x227 STM32F103C6_DRIVERS/MCAL/SPI/STM32F103C6_SPI_DRIVER.o
 .debug_macro   0x0000000000000000       0xd6 STM32F103C6_DRIVERS/MCAL/SPI/STM32F103C6_SPI_DRIVER.o
 .group         0x0000000000000000        0xc STM32F103C6_DRIVERS/MCAL/USART/STM32F103C6_USART_DRIVER.o
 .group         0x0000000000000000        0xc STM32F103C6_DRIVERS/MCAL/USART/STM32F103C6_USART_DRIVER.o
 .group         0x0000000000000000        0xc STM32F103C6_DRIVERS/MCAL/USART/STM32F103C6_USART_DRIVER.o
 .group         0x0000000000000000        0xc STM32F103C6_DRIVERS/MCAL/USART/STM32F103C6_USART_DRIVER.o
 .group         0x0000000000000000        0xc STM32F103C6_DRIVERS/MCAL/USART/STM32F103C6_USART_DRIVER.o
 .group         0x0000000000000000        0xc STM32F103C6_DRIVERS/MCAL/USART/STM32F103C6_USART_DRIVER.o
 .group         0x0000000000000000        0xc STM32F103C6_DRIVERS/MCAL/USART/STM32F103C6_USART_DRIVER.o
 .group         0x0000000000000000        0xc STM32F103C6_DRIVERS/MCAL/USART/STM32F103C6_USART_DRIVER.o
 .group         0x0000000000000000        0xc STM32F103C6_DRIVERS/MCAL/USART/STM32F103C6_USART_DRIVER.o
 .group         0x0000000000000000        0xc STM32F103C6_DRIVERS/MCAL/USART/STM32F103C6_USART_DRIVER.o
 .group         0x0000000000000000        0xc STM32F103C6_DRIVERS/MCAL/USART/STM32F103C6_USART_DRIVER.o
 .group         0x0000000000000000        0xc STM32F103C6_DRIVERS/MCAL/USART/STM32F103C6_USART_DRIVER.o
 .group         0x0000000000000000        0xc STM32F103C6_DRIVERS/MCAL/USART/STM32F103C6_USART_DRIVER.o
 .group         0x0000000000000000        0xc STM32F103C6_DRIVERS/MCAL/USART/STM32F103C6_USART_DRIVER.o
 .group         0x0000000000000000        0xc STM32F103C6_DRIVERS/MCAL/USART/STM32F103C6_USART_DRIVER.o
 .group         0x0000000000000000        0xc STM32F103C6_DRIVERS/MCAL/USART/STM32F103C6_USART_DRIVER.o
 .group         0x0000000000000000        0xc STM32F103C6_DRIVERS/MCAL/USART/STM32F103C6_USART_DRIVER.o
 .group         0x0000000000000000        0xc STM32F103C6_DRIVERS/MCAL/USART/STM32F103C6_USART_DRIVER.o
 .group         0x0000000000000000        0xc STM32F103C6_DRIVERS/MCAL/USART/STM32F103C6_USART_DRIVER.o
 .group         0x0000000000000000        0xc STM32F103C6_DRIVERS/MCAL/USART/STM32F103C6_USART_DRIVER.o
 .group         0x0000000000000000        0xc STM32F103C6_DRIVERS/MCAL/USART/STM32F103C6_USART_DRIVER.o
 .group         0x0000000000000000        0xc STM32F103C6_DRIVERS/MCAL/USART/STM32F103C6_USART_DRIVER.o
 .group         0x0000000000000000        0xc STM32F103C6_DRIVERS/MCAL/USART/STM32F103C6_USART_DRIVER.o
 .group         0x0000000000000000        0xc STM32F103C6_DRIVERS/MCAL/USART/STM32F103C6_USART_DRIVER.o
 .group         0x0000000000000000        0xc STM32F103C6_DRIVERS/MCAL/USART/STM32F103C6_USART_DRIVER.o
 .group         0x0000000000000000        0xc STM32F103C6_DRIVERS/MCAL/USART/STM32F103C6_USART_DRIVER.o
 .group         0x0000000000000000        0xc STM32F103C6_DRIVERS/MCAL/USART/STM32F103C6_USART_DRIVER.o
 .text          0x0000000000000000        0x0 STM32F103C6_DRIVERS/MCAL/USART/STM32F103C6_USART_DRIVER.o
 .data          0x0000000000000000        0x0 STM32F103C6_DRIVERS/MCAL/USART/STM32F103C6_USART_DRIVER.o
 .bss           0x0000000000000000        0x0 STM32F103C6_DRIVERS/MCAL/USART/STM32F103C6_USART_DRIVER.o
 .text.MCAL_UART_DeInit
                0x0000000000000000       0x8c STM32F103C6_DRIVERS/MCAL/USART/STM32F103C6_USART_DRIVER.o
 .text.MCAL_UART_WAIT_TC
                0x0000000000000000       0x22 STM32F103C6_DRIVERS/MCAL/USART/STM32F103C6_USART_DRIVER.o
 .debug_macro   0x0000000000000000      0xa60 STM32F103C6_DRIVERS/MCAL/USART/STM32F103C6_USART_DRIVER.o
 .debug_macro   0x0000000000000000       0x18 STM32F103C6_DRIVERS/MCAL/USART/STM32F103C6_USART_DRIVER.o
 .debug_macro   0x0000000000000000       0x22 STM32F103C6_DRIVERS/MCAL/USART/STM32F103C6_USART_DRIVER.o
 .debug_macro   0x0000000000000000       0x40 STM32F103C6_DRIVERS/MCAL/USART/STM32F103C6_USART_DRIVER.o
 .debug_macro   0x0000000000000000       0x94 STM32F103C6_DRIVERS/MCAL/USART/STM32F103C6_USART_DRIVER.o
 .debug_macro   0x0000000000000000       0x3c STM32F103C6_DRIVERS/MCAL/USART/STM32F103C6_USART_DRIVER.o
 .debug_macro   0x0000000000000000       0x34 STM32F103C6_DRIVERS/MCAL/USART/STM32F103C6_USART_DRIVER.o
 .debug_macro   0x0000000000000000       0x16 STM32F103C6_DRIVERS/MCAL/USART/STM32F103C6_USART_DRIVER.o
 .debug_macro   0x0000000000000000      0x10e STM32F103C6_DRIVERS/MCAL/USART/STM32F103C6_USART_DRIVER.o
 .debug_macro   0x0000000000000000       0x8d STM32F103C6_DRIVERS/MCAL/USART/STM32F103C6_USART_DRIVER.o
 .debug_macro   0x0000000000000000       0x57 STM32F103C6_DRIVERS/MCAL/USART/STM32F103C6_USART_DRIVER.o
 .debug_macro   0x0000000000000000       0x52 STM32F103C6_DRIVERS/MCAL/USART/STM32F103C6_USART_DRIVER.o
 .debug_macro   0x0000000000000000       0x1f STM32F103C6_DRIVERS/MCAL/USART/STM32F103C6_USART_DRIVER.o
 .debug_macro   0x0000000000000000       0x43 STM32F103C6_DRIVERS/MCAL/USART/STM32F103C6_USART_DRIVER.o
 .debug_macro   0x0000000000000000       0x20 STM32F103C6_DRIVERS/MCAL/USART/STM32F103C6_USART_DRIVER.o
 .debug_macro   0x0000000000000000      0x1a3 STM32F103C6_DRIVERS/MCAL/USART/STM32F103C6_USART_DRIVER.o
 .debug_macro   0x0000000000000000      0x330 STM32F103C6_DRIVERS/MCAL/USART/STM32F103C6_USART_DRIVER.o
 .debug_macro   0x0000000000000000       0x16 STM32F103C6_DRIVERS/MCAL/USART/STM32F103C6_USART_DRIVER.o
 .debug_macro   0x0000000000000000       0x29 STM32F103C6_DRIVERS/MCAL/USART/STM32F103C6_USART_DRIVER.o
 .debug_macro   0x0000000000000000       0xef STM32F103C6_DRIVERS/MCAL/USART/STM32F103C6_USART_DRIVER.o
 .debug_macro   0x0000000000000000       0x6a STM32F103C6_DRIVERS/MCAL/USART/STM32F103C6_USART_DRIVER.o
 .debug_macro   0x0000000000000000      0x1df STM32F103C6_DRIVERS/MCAL/USART/STM32F103C6_USART_DRIVER.o
 .debug_macro   0x0000000000000000      0x2c2 STM32F103C6_DRIVERS/MCAL/USART/STM32F103C6_USART_DRIVER.o
 .debug_macro   0x0000000000000000      0x227 STM32F103C6_DRIVERS/MCAL/USART/STM32F103C6_USART_DRIVER.o
 .debug_macro   0x0000000000000000       0xd6 STM32F103C6_DRIVERS/MCAL/USART/STM32F103C6_USART_DRIVER.o
 .debug_macro   0x0000000000000000       0x16 STM32F103C6_DRIVERS/MCAL/USART/STM32F103C6_USART_DRIVER.o
 .group         0x0000000000000000        0xc Src/main.o
 .group         0x0000000000000000        0xc Src/main.o
 .group         0x0000000000000000        0xc Src/main.o
 .group         0x0000000000000000        0xc Src/main.o
 .group         0x0000000000000000        0xc Src/main.o
 .group         0x0000000000000000        0xc Src/main.o
 .group         0x0000000000000000        0xc Src/main.o
 .group         0x0000000000000000        0xc Src/main.o
 .group         0x0000000000000000        0xc Src/main.o
 .group         0x0000000000000000        0xc Src/main.o
 .group         0x0000000000000000        0xc Src/main.o
 .group         0x0000000000000000        0xc Src/main.o
 .group         0x0000000000000000        0xc Src/main.o
 .group         0x0000000000000000        0xc Src/main.o
 .group         0x0000000000000000        0xc Src/main.o
 .group         0x0000000000000000        0xc Src/main.o
 .group         0x0000000000000000        0xc Src/main.o
 .group         0x0000000000000000        0xc Src/main.o
 .group         0x0000000000000000        0xc Src/main.o
 .group         0x0000000000000000        0xc Src/main.o
 .group         0x0000000000000000        0xc Src/main.o
 .group         0x0000000000000000        0xc Src/main.o
 .group         0x0000000000000000        0xc Src/main.o
 .group         0x0000000000000000        0xc Src/main.o
 .group         0x0000000000000000        0xc Src/main.o
 .group         0x0000000000000000        0xc Src/main.o
 .group         0x0000000000000000        0xc Src/main.o
 .group         0x0000000000000000        0xc Src/main.o
 .text          0x0000000000000000        0x0 Src/main.o
 .data          0x0000000000000000        0x0 Src/main.o
 .bss           0x0000000000000000        0x0 Src/main.o
 .debug_macro   0x0000000000000000      0xa60 Src/main.o
 .debug_macro   0x0000000000000000       0x18 Src/main.o
 .debug_macro   0x0000000000000000       0x22 Src/main.o
 .debug_macro   0x0000000000000000       0x40 Src/main.o
 .debug_macro   0x0000000000000000       0x94 Src/main.o
 .debug_macro   0x0000000000000000       0x3c Src/main.o
 .debug_macro   0x0000000000000000       0x34 Src/main.o
 .debug_macro   0x0000000000000000       0x16 Src/main.o
 .debug_macro   0x0000000000000000      0x10e Src/main.o
 .debug_macro   0x0000000000000000       0x8d Src/main.o
 .debug_macro   0x0000000000000000       0x57 Src/main.o
 .debug_macro   0x0000000000000000       0x52 Src/main.o
 .debug_macro   0x0000000000000000       0x1f Src/main.o
 .debug_macro   0x0000000000000000       0x43 Src/main.o
 .debug_macro   0x0000000000000000       0x20 Src/main.o
 .debug_macro   0x0000000000000000      0x1a3 Src/main.o
 .debug_macro   0x0000000000000000      0x330 Src/main.o
 .debug_macro   0x0000000000000000       0x16 Src/main.o
 .debug_macro   0x0000000000000000       0x29 Src/main.o
 .debug_macro   0x0000000000000000       0xef Src/main.o
 .debug_macro   0x0000000000000000       0x6a Src/main.o
 .debug_macro   0x0000000000000000      0x1df Src/main.o
 .debug_macro   0x0000000000000000      0x2c2 Src/main.o
 .debug_macro   0x0000000000000000       0xd6 Src/main.o
 .debug_macro   0x0000000000000000      0x227 Src/main.o
 .debug_macro   0x0000000000000000       0x16 Src/main.o
 .debug_macro   0x0000000000000000       0xe8 Src/main.o
 .group         0x0000000000000000        0xc Src/syscalls.o
 .group         0x0000000000000000        0xc Src/syscalls.o
 .group         0x0000000000000000        0xc Src/syscalls.o
 .group         0x0000000000000000        0xc Src/syscalls.o
 .group         0x0000000000000000        0xc Src/syscalls.o
 .group         0x0000000000000000        0xc Src/syscalls.o
 .group         0x0000000000000000        0xc Src/syscalls.o
 .group         0x0000000000000000        0xc Src/syscalls.o
 .group         0x0000000000000000        0xc Src/syscalls.o
 .group         0x0000000000000000        0xc Src/syscalls.o
 .group         0x0000000000000000        0xc Src/syscalls.o
 .group         0x0000000000000000        0xc Src/syscalls.o
 .group         0x0000000000000000        0xc Src/syscalls.o
 .group         0x0000000000000000        0xc Src/syscalls.o
 .group         0x0000000000000000        0xc Src/syscalls.o
 .group         0x0000000000000000        0xc Src/syscalls.o
 .group         0x0000000000000000        0xc Src/syscalls.o
 .group         0x0000000000000000        0xc Src/syscalls.o
 .group         0x0000000000000000        0xc Src/syscalls.o
 .group         0x0000000000000000        0xc Src/syscalls.o
 .group         0x0000000000000000        0xc Src/syscalls.o
 .group         0x0000000000000000        0xc Src/syscalls.o
 .group         0x0000000000000000        0xc Src/syscalls.o
 .group         0x0000000000000000        0xc Src/syscalls.o
 .group         0x0000000000000000        0xc Src/syscalls.o
 .group         0x0000000000000000        0xc Src/syscalls.o
 .group         0x0000000000000000        0xc Src/syscalls.o
 .group         0x0000000000000000        0xc Src/syscalls.o
 .group         0x0000000000000000        0xc Src/syscalls.o
 .group         0x0000000000000000        0xc Src/syscalls.o
 .group         0x0000000000000000        0xc Src/syscalls.o
 .group         0x0000000000000000        0xc Src/syscalls.o
 .group         0x0000000000000000        0xc Src/syscalls.o
 .group         0x0000000000000000        0xc Src/syscalls.o
 .group         0x0000000000000000        0xc Src/syscalls.o
 .group         0x0000000000000000        0xc Src/syscalls.o
 .group         0x0000000000000000        0xc Src/syscalls.o
 .group         0x0000000000000000        0xc Src/syscalls.o
 .group         0x0000000000000000        0xc Src/syscalls.o
 .group         0x0000000000000000        0xc Src/syscalls.o
 .group         0x0000000000000000        0xc Src/syscalls.o
 .group         0x0000000000000000        0xc Src/syscalls.o
 .group         0x0000000000000000        0xc Src/syscalls.o
 .group         0x0000000000000000        0xc Src/syscalls.o
 .text          0x0000000000000000        0x0 Src/syscalls.o
 .data          0x0000000000000000        0x0 Src/syscalls.o
 .bss           0x0000000000000000        0x0 Src/syscalls.o
 .bss.__env     0x0000000000000000        0x4 Src/syscalls.o
 .data.environ  0x0000000000000000        0x4 Src/syscalls.o
 .text.initialise_monitor_handles
                0x0000000000000000        0xc Src/syscalls.o
 .text._getpid  0x0000000000000000        0xe Src/syscalls.o
 .text._kill    0x0000000000000000       0x20 Src/syscalls.o
 .text._exit    0x0000000000000000       0x14 Src/syscalls.o
 .text._read    0x0000000000000000       0x3a Src/syscalls.o
 .text._write   0x0000000000000000       0x38 Src/syscalls.o
 .text._close   0x0000000000000000       0x16 Src/syscalls.o
 .text._fstat   0x0000000000000000       0x1e Src/syscalls.o
 .text._isatty  0x0000000000000000       0x14 Src/syscalls.o
 .text._lseek   0x0000000000000000       0x18 Src/syscalls.o
 .text._open    0x0000000000000000       0x1a Src/syscalls.o
 .text._wait    0x0000000000000000       0x1e Src/syscalls.o
 .text._unlink  0x0000000000000000       0x1e Src/syscalls.o
 .text._times   0x0000000000000000       0x16 Src/syscalls.o
 .text._stat    0x0000000000000000       0x1e Src/syscalls.o
 .text._link    0x0000000000000000       0x20 Src/syscalls.o
 .text._fork    0x0000000000000000       0x16 Src/syscalls.o
 .text._execve  0x0000000000000000       0x22 Src/syscalls.o
 .debug_info    0x0000000000000000     0x1038 Src/syscalls.o
 .debug_abbrev  0x0000000000000000      0x254 Src/syscalls.o
 .debug_loc     0x0000000000000000      0x5b8 Src/syscalls.o
 .debug_aranges
                0x0000000000000000       0xa8 Src/syscalls.o
 .debug_ranges  0x0000000000000000       0x98 Src/syscalls.o
 .debug_macro   0x0000000000000000      0x243 Src/syscalls.o
 .debug_macro   0x0000000000000000      0xa60 Src/syscalls.o
 .debug_macro   0x0000000000000000       0x22 Src/syscalls.o
 .debug_macro   0x0000000000000000       0x40 Src/syscalls.o
 .debug_macro   0x0000000000000000       0x18 Src/syscalls.o
 .debug_macro   0x0000000000000000       0x94 Src/syscalls.o
 .debug_macro   0x0000000000000000       0x3c Src/syscalls.o
 .debug_macro   0x0000000000000000       0x34 Src/syscalls.o
 .debug_macro   0x0000000000000000       0x57 Src/syscalls.o
 .debug_macro   0x0000000000000000      0x174 Src/syscalls.o
 .debug_macro   0x0000000000000000      0x330 Src/syscalls.o
 .debug_macro   0x0000000000000000       0x52 Src/syscalls.o
 .debug_macro   0x0000000000000000       0x1f Src/syscalls.o
 .debug_macro   0x0000000000000000       0x43 Src/syscalls.o
 .debug_macro   0x0000000000000000       0x20 Src/syscalls.o
 .debug_macro   0x0000000000000000      0x1a3 Src/syscalls.o
 .debug_macro   0x0000000000000000       0x10 Src/syscalls.o
 .debug_macro   0x0000000000000000       0x35 Src/syscalls.o
 .debug_macro   0x0000000000000000       0x10 Src/syscalls.o
 .debug_macro   0x0000000000000000       0x10 Src/syscalls.o
 .debug_macro   0x0000000000000000       0x10 Src/syscalls.o
 .debug_macro   0x0000000000000000       0x6a Src/syscalls.o
 .debug_macro   0x0000000000000000       0x1c Src/syscalls.o
 .debug_macro   0x0000000000000000       0x52 Src/syscalls.o
 .debug_macro   0x0000000000000000       0x40 Src/syscalls.o
 .debug_macro   0x0000000000000000       0x10 Src/syscalls.o
 .debug_macro   0x0000000000000000       0x40 Src/syscalls.o
 .debug_macro   0x0000000000000000       0xd7 Src/syscalls.o
 .debug_macro   0x0000000000000000       0x1c Src/syscalls.o
 .debug_macro   0x0000000000000000       0x3d Src/syscalls.o
 .debug_macro   0x0000000000000000       0x35 Src/syscalls.o
 .debug_macro   0x0000000000000000      0x122 Src/syscalls.o
 .debug_macro   0x0000000000000000       0x16 Src/syscalls.o
 .debug_macro   0x0000000000000000       0x16 Src/syscalls.o
 .debug_macro   0x0000000000000000       0x29 Src/syscalls.o
 .debug_macro   0x0000000000000000       0x10 Src/syscalls.o
 .debug_macro   0x0000000000000000      0x241 Src/syscalls.o
 .debug_macro   0x0000000000000000       0x1c Src/syscalls.o
 .debug_macro   0x0000000000000000       0x10 Src/syscalls.o
 .debug_macro   0x0000000000000000       0x10 Src/syscalls.o
 .debug_macro   0x0000000000000000       0x16 Src/syscalls.o
 .debug_macro   0x0000000000000000      0x145 Src/syscalls.o
 .debug_macro   0x0000000000000000      0x189 Src/syscalls.o
 .debug_macro   0x0000000000000000       0x16 Src/syscalls.o
 .debug_macro   0x0000000000000000       0x88 Src/syscalls.o
 .debug_line    0x0000000000000000      0x739 Src/syscalls.o
 .debug_str     0x0000000000000000     0x88ac Src/syscalls.o
 .comment       0x0000000000000000       0x7c Src/syscalls.o
 .debug_frame   0x0000000000000000      0x2ac Src/syscalls.o
 .ARM.attributes
                0x0000000000000000       0x33 Src/syscalls.o
 .group         0x0000000000000000        0xc Src/sysmem.o
 .group         0x0000000000000000        0xc Src/sysmem.o
 .group         0x0000000000000000        0xc Src/sysmem.o
 .group         0x0000000000000000        0xc Src/sysmem.o
 .group         0x0000000000000000        0xc Src/sysmem.o
 .group         0x0000000000000000        0xc Src/sysmem.o
 .group         0x0000000000000000        0xc Src/sysmem.o
 .group         0x0000000000000000        0xc Src/sysmem.o
 .group         0x0000000000000000        0xc Src/sysmem.o
 .group         0x0000000000000000        0xc Src/sysmem.o
 .group         0x0000000000000000        0xc Src/sysmem.o
 .group         0x0000000000000000        0xc Src/sysmem.o
 .group         0x0000000000000000        0xc Src/sysmem.o
 .group         0x0000000000000000        0xc Src/sysmem.o
 .group         0x0000000000000000        0xc Src/sysmem.o
 .group         0x0000000000000000        0xc Src/sysmem.o
 .group         0x0000000000000000        0xc Src/sysmem.o
 .group         0x0000000000000000        0xc Src/sysmem.o
 .group         0x0000000000000000        0xc Src/sysmem.o
 .text          0x0000000000000000        0x0 Src/sysmem.o
 .data          0x0000000000000000        0x0 Src/sysmem.o
 .bss           0x0000000000000000        0x0 Src/sysmem.o
 .bss.__sbrk_heap_end
                0x0000000000000000        0x4 Src/sysmem.o
 .text._sbrk    0x0000000000000000       0x6c Src/sysmem.o
 .debug_info    0x0000000000000000      0xa7c Src/sysmem.o
 .debug_abbrev  0x0000000000000000      0x18e Src/sysmem.o
 .debug_loc     0x0000000000000000       0x50 Src/sysmem.o
 .debug_aranges
                0x0000000000000000       0x20 Src/sysmem.o
 .debug_ranges  0x0000000000000000       0x10 Src/sysmem.o
 .debug_macro   0x0000000000000000       0xee Src/sysmem.o
 .debug_macro   0x0000000000000000      0xa60 Src/sysmem.o
 .debug_macro   0x0000000000000000       0x10 Src/sysmem.o
 .debug_macro   0x0000000000000000       0x22 Src/sysmem.o
 .debug_macro   0x0000000000000000       0x40 Src/sysmem.o
 .debug_macro   0x0000000000000000       0x18 Src/sysmem.o
 .debug_macro   0x0000000000000000       0x94 Src/sysmem.o
 .debug_macro   0x0000000000000000       0x3c Src/sysmem.o
 .debug_macro   0x0000000000000000       0x34 Src/sysmem.o
 .debug_macro   0x0000000000000000      0x174 Src/sysmem.o
 .debug_macro   0x0000000000000000       0x57 Src/sysmem.o
 .debug_macro   0x0000000000000000       0x52 Src/sysmem.o
 .debug_macro   0x0000000000000000       0x1f Src/sysmem.o
 .debug_macro   0x0000000000000000       0x43 Src/sysmem.o
 .debug_macro   0x0000000000000000       0x20 Src/sysmem.o
 .debug_macro   0x0000000000000000      0x1a3 Src/sysmem.o
 .debug_macro   0x0000000000000000      0x23b Src/sysmem.o
 .debug_macro   0x0000000000000000       0xef Src/sysmem.o
 .debug_macro   0x0000000000000000       0x6a Src/sysmem.o
 .debug_macro   0x0000000000000000      0x1df Src/sysmem.o
 .debug_line    0x0000000000000000      0x4c2 Src/sysmem.o
 .debug_str     0x0000000000000000     0x5f7a Src/sysmem.o
 .comment       0x0000000000000000       0x7c Src/sysmem.o
 .debug_frame   0x0000000000000000       0x34 Src/sysmem.o
 .ARM.attributes
                0x0000000000000000       0x33 Src/sysmem.o
 .text          0x0000000000000000       0x14 Startup/startup_stm32f103c6tx.o
 .data          0x0000000000000000        0x0 Startup/startup_stm32f103c6tx.o
 .bss           0x0000000000000000        0x0 Startup/startup_stm32f103c6tx.o
 .text          0x0000000000000000        0x0 c:/st/stm32cubeide_1.4.0/stm32cubeide/plugins/com.st.stm32cube.ide.mcu.externaltools.gnu-tools-for-stm32.7-2018-q2-update.win32_1.4.0.202007081208/tools/bin/../lib/gcc/arm-none-eabi/7.3.1/../../../../arm-none-eabi/lib/thumb/v7-m\libc_nano.a(lib_a-errno.o)
 .data          0x0000000000000000        0x0 c:/st/stm32cubeide_1.4.0/stm32cubeide/plugins/com.st.stm32cube.ide.mcu.externaltools.gnu-tools-for-stm32.7-2018-q2-update.win32_1.4.0.202007081208/tools/bin/../lib/gcc/arm-none-eabi/7.3.1/../../../../arm-none-eabi/lib/thumb/v7-m\libc_nano.a(lib_a-errno.o)
 .bss           0x0000000000000000        0x0 c:/st/stm32cubeide_1.4.0/stm32cubeide/plugins/com.st.stm32cube.ide.mcu.externaltools.gnu-tools-for-stm32.7-2018-q2-update.win32_1.4.0.202007081208/tools/bin/../lib/gcc/arm-none-eabi/7.3.1/../../../../arm-none-eabi/lib/thumb/v7-m\libc_nano.a(lib_a-errno.o)
 .text.__errno  0x0000000000000000        0xc c:/st/stm32cubeide_1.4.0/stm32cubeide/plugins/com.st.stm32cube.ide.mcu.externaltools.gnu-tools-for-stm32.7-2018-q2-update.win32_1.4.0.202007081208/tools/bin/../lib/gcc/arm-none-eabi/7.3.1/../../../../arm-none-eabi/lib/thumb/v7-m\libc_nano.a(lib_a-errno.o)
 .debug_frame   0x0000000000000000       0x20 c:/st/stm32cubeide_1.4.0/stm32cubeide/plugins/com.st.stm32cube.ide.mcu.externaltools.gnu-tools-for-stm32.7-2018-q2-update.win32_1.4.0.202007081208/tools/bin/../lib/gcc/arm-none-eabi/7.3.1/../../../../arm-none-eabi/lib/thumb/v7-m\libc_nano.a(lib_a-errno.o)
 .ARM.attributes
                0x0000000000000000       0x2d c:/st/stm32cubeide_1.4.0/stm32cubeide/plugins/com.st.stm32cube.ide.mcu.externaltools.gnu-tools-for-stm32.7-2018-q2-update.win32_1.4.0.202007081208/tools/bin/../lib/gcc/arm-none-eabi/7.3.1/../../../../arm-none-eabi/lib/thumb/v7-m\libc_nano.a(lib_a-errno.o)
 .text          0x0000000000000000        0x0 c:/st/stm32cubeide_1.4.0/stm32cubeide/plugins/com.st.stm32cube.ide.mcu.externaltools.gnu-tools-for-stm32.7-2018-q2-update.win32_1.4.0.202007081208/tools/bin/../lib/gcc/arm-none-eabi/7.3.1/../../../../arm-none-eabi/lib/thumb/v7-m\libc_nano.a(lib_a-exit.o)
 .data          0x0000000000000000        0x0 c:/st/stm32cubeide_1.4.0/stm32cubeide/plugins/com.st.stm32cube.ide.mcu.externaltools.gnu-tools-for-stm32.7-2018-q2-update.win32_1.4.0.202007081208/tools/bin/../lib/gcc/arm-none-eabi/7.3.1/../../../../arm-none-eabi/lib/thumb/v7-m\libc_nano.a(lib_a-exit.o)
 .bss           0x0000000000000000        0x0 c:/st/stm32cubeide_1.4.0/stm32cubeide/plugins/com.st.stm32cube.ide.mcu.externaltools.gnu-tools-for-stm32.7-2018-q2-update.win32_1.4.0.202007081208/tools/bin/../lib/gcc/arm-none-eabi/7.3.1/../../../../arm-none-eabi/lib/thumb/v7-m\libc_nano.a(lib_a-exit.o)
 .text.exit     0x0000000000000000       0x28 c:/st/stm32cubeide_1.4.0/stm32cubeide/plugins/com.st.stm32cube.ide.mcu.externaltools.gnu-tools-for-stm32.7-2018-q2-update.win32_1.4.0.202007081208/tools/bin/../lib/gcc/arm-none-eabi/7.3.1/../../../../arm-none-eabi/lib/thumb/v7-m\libc_nano.a(lib_a-exit.o)
 .debug_frame   0x0000000000000000       0x28 c:/st/stm32cubeide_1.4.0/stm32cubeide/plugins/com.st.stm32cube.ide.mcu.externaltools.gnu-tools-for-stm32.7-2018-q2-update.win32_1.4.0.202007081208/tools/bin/../lib/gcc/arm-none-eabi/7.3.1/../../../../arm-none-eabi/lib/thumb/v7-m\libc_nano.a(lib_a-exit.o)
 .ARM.attributes
                0x0000000000000000       0x2d c:/st/stm32cubeide_1.4.0/stm32cubeide/plugins/com.st.stm32cube.ide.mcu.externaltools.gnu-tools-for-stm32.7-2018-q2-update.win32_1.4.0.202007081208/tools/bin/../lib/gcc/arm-none-eabi/7.3.1/../../../../arm-none-eabi/lib/thumb/v7-m\libc_nano.a(lib_a-exit.o)
 .text          0x0000000000000000        0x0 c:/st/stm32cubeide_1.4.0/stm32cubeide/plugins/com.st.stm32cube.ide.mcu.externaltools.gnu-tools-for-stm32.7-2018-q2-update.win32_1.4.0.202007081208/tools/bin/../lib/gcc/arm-none-eabi/7.3.1/../../../../arm-none-eabi/lib/thumb/v7-m\libc_nano.a(lib_a-impure.o)
 .data          0x0000000000000000        0x0 c:/st/stm32cubeide_1.4.0/stm32cubeide/plugins/com.st.stm32cube.ide.mcu.externaltools.gnu-tools-for-stm32.7-2018-q2-update.win32_1.4.0.202007081208/tools/bin/../lib/gcc/arm-none-eabi/7.3.1/../../../../arm-none-eabi/lib/thumb/v7-m\libc_nano.a(lib_a-impure.o)
 .bss           0x0000000000000000        0x0 c:/st/stm32cubeide_1.4.0/stm32cubeide/plugins/com.st.stm32cube.ide.mcu.externaltools.gnu-tools-for-stm32.7-2018-q2-update.win32_1.4.0.202007081208/tools/bin/../lib/gcc/arm-none-eabi/7.3.1/../../../../arm-none-eabi/lib/thumb/v7-m\libc_nano.a(lib_a-impure.o)
 .data._impure_ptr
                0x0000000000000000        0x4 c:/st/stm32cubeide_1.4.0/stm32cubeide/plugins/com.st.stm32cube.ide.mcu.externaltools.gnu-tools-for-stm32.7-2018-q2-update.win32_1.4.0.202007081208/tools/bin/../lib/gcc/arm-none-eabi/7.3.1/../../../../arm-none-eabi/lib/thumb/v7-m\libc_nano.a(lib_a-impure.o)
 .data.impure_data
                0x0000000000000000       0x60 c:/st/stm32cubeide_1.4.0/stm32cubeide/plugins/com.st.stm32cube.ide.mcu.externaltools.gnu-tools-for-stm32.7-2018-q2-update.win32_1.4.0.202007081208/tools/bin/../lib/gcc/arm-none-eabi/7.3.1/../../../../arm-none-eabi/lib/thumb/v7-m\libc_nano.a(lib_a-impure.o)
 .rodata._global_impure_ptr
                0x0000000000000000        0x4 c:/st/stm32cubeide_1.4.0/stm32cubeide/plugins/com.st.stm32cube.ide.mcu.externaltools.gnu-tools-for-stm32.7-2018-q2-update.win32_1.4.0.202007081208/tools/bin/../lib/gcc/arm-none-eabi/7.3.1/../../../../arm-none-eabi/lib/thumb/v7-m\libc_nano.a(lib_a-impure.o)
 .ARM.attributes
                0x0000000000000000       0x2d c:/st/stm32cubeide_1.4.0/stm32cubeide/plugins/com.st.stm32cube.ide.mcu.externaltools.gnu-tools-for-stm32.7-2018-q2-update.win32_1.4.0.202007081208/tools/bin/../lib/gcc/arm-none-eabi/7.3.1/../../../../arm-none-eabi/lib/thumb/v7-m\libc_nano.a(lib_a-impure.o)
 .text          0x0000000000000000        0x0 c:/st/stm32cubeide_1.4.0/stm32cubeide/plugins/com.st.stm32cube.ide.mcu.externaltools.gnu-tools-for-stm32.7-2018-q2-update.win32_1.4.0.202007081208/tools/bin/../lib/gcc/arm-none-eabi/7.3.1/../../../../arm-none-eabi/lib/thumb/v7-m\libc_nano.a(lib_a-init.o)
 .data          0x0000000000000000        0x0 c:/st/stm32cubeide_1.4.0/stm32cubeide/plugins/com.st.stm32cube.ide.mcu.externaltools.gnu-tools-for-stm32.7-2018-q2-update.win32_1.4.0.202007081208/tools/bin/../lib/gcc/arm-none-eabi/7.3.1/../../../../arm-none-eabi/lib/thumb/v7-m\libc_nano.a(lib_a-init.o)
 .bss           0x0000000000000000        0x0 c:/st/stm32cubeide_1.4.0/stm32cubeide/plugins/com.st.stm32cube.ide.mcu.externaltools.gnu-tools-for-stm32.7-2018-q2-update.win32_1.4.0.202007081208/tools/bin/../lib/gcc/arm-none-eabi/7.3.1/../../../../arm-none-eabi/lib/thumb/v7-m\libc_nano.a(lib_a-init.o)
 .text          0x0000000000000000        0x0 c:/st/stm32cubeide_1.4.0/stm32cubeide/plugins/com.st.stm32cube.ide.mcu.externaltools.gnu-tools-for-stm32.7-2018-q2-update.win32_1.4.0.202007081208/tools/bin/../lib/gcc/arm-none-eabi/7.3.1/../../../../arm-none-eabi/lib/thumb/v7-m\libc_nano.a(lib_a-memset.o)
 .data          0x0000000000000000        0x0 c:/st/stm32cubeide_1.4.0/stm32cubeide/plugins/com.st.stm32cube.ide.mcu.externaltools.gnu-tools-for-stm32.7-2018-q2-update.win32_1.4.0.202007081208/tools/bin/../lib/gcc/arm-none-eabi/7.3.1/../../../../arm-none-eabi/lib/thumb/v7-m\libc_nano.a(lib_a-memset.o)
 .bss           0x0000000000000000        0x0 c:/st/stm32cubeide_1.4.0/stm32cubeide/plugins/com.st.stm32cube.ide.mcu.externaltools.gnu-tools-for-stm32.7-2018-q2-update.win32_1.4.0.202007081208/tools/bin/../lib/gcc/arm-none-eabi/7.3.1/../../../../arm-none-eabi/lib/thumb/v7-m\libc_nano.a(lib_a-memset.o)
 .text.memset   0x0000000000000000       0x10 c:/st/stm32cubeide_1.4.0/stm32cubeide/plugins/com.st.stm32cube.ide.mcu.externaltools.gnu-tools-for-stm32.7-2018-q2-update.win32_1.4.0.202007081208/tools/bin/../lib/gcc/arm-none-eabi/7.3.1/../../../../arm-none-eabi/lib/thumb/v7-m\libc_nano.a(lib_a-memset.o)
 .debug_frame   0x0000000000000000       0x20 c:/st/stm32cubeide_1.4.0/stm32cubeide/plugins/com.st.stm32cube.ide.mcu.externaltools.gnu-tools-for-stm32.7-2018-q2-update.win32_1.4.0.202007081208/tools/bin/../lib/gcc/arm-none-eabi/7.3.1/../../../../arm-none-eabi/lib/thumb/v7-m\libc_nano.a(lib_a-memset.o)
 .ARM.attributes
                0x0000000000000000       0x2d c:/st/stm32cubeide_1.4.0/stm32cubeide/plugins/com.st.stm32cube.ide.mcu.externaltools.gnu-tools-for-stm32.7-2018-q2-update.win32_1.4.0.202007081208/tools/bin/../lib/gcc/arm-none-eabi/7.3.1/../../../../arm-none-eabi/lib/thumb/v7-m\libc_nano.a(lib_a-memset.o)
 .text          0x0000000000000000        0x0 c:/st/stm32cubeide_1.4.0/stm32cubeide/plugins/com.st.stm32cube.ide.mcu.externaltools.gnu-tools-for-stm32.7-2018-q2-update.win32_1.4.0.202007081208/tools/bin/../lib/gcc/arm-none-eabi/7.3.1/thumb/v7-m/crtend.o
 .data          0x0000000000000000        0x0 c:/st/stm32cubeide_1.4.0/stm32cubeide/plugins/com.st.stm32cube.ide.mcu.externaltools.gnu-tools-for-stm32.7-2018-q2-update.win32_1.4.0.202007081208/tools/bin/../lib/gcc/arm-none-eabi/7.3.1/thumb/v7-m/crtend.o
 .bss           0x0000000000000000        0x0 c:/st/stm32cubeide_1.4.0/stm32cubeide/plugins/com.st.stm32cube.ide.mcu.externaltools.gnu-tools-for-stm32.7-2018-q2-update.win32_1.4.0.202007081208/tools/bin/../lib/gcc/arm-none-eabi/7.3.1/thumb/v7-m/crtend.o
 .eh_frame      0x0000000000000000        0x4 c:/st/stm32cubeide_1.4.0/stm32cubeide/plugins/com.st.stm32cube.ide.mcu.externaltools.gnu-tools-for-stm32.7-2018-q2-update.win32_1.4.0.202007081208/tools/bin/../lib/gcc/arm-none-eabi/7.3.1/thumb/v7-m/crtend.o
 .ARM.attributes
                0x0000000000000000       0x2d c:/st/stm32cubeide_1.4.0/stm32cubeide/plugins/com.st.stm32cube.ide.mcu.externaltools.gnu-tools-for-stm32.7-2018-q2-update.win32_1.4.0.202007081208/tools/bin/../lib/gcc/arm-none-eabi/7.3.1/thumb/v7-m/crtend.o
 .text          0x0000000000000000        0x0 c:/st/stm32cubeide_1.4.0/stm32cubeide/plugins/com.st.stm32cube.ide.mcu.externaltools.gnu-tools-for-stm32.7-2018-q2-update.win32_1.4.0.202007081208/tools/bin/../lib/gcc/arm-none-eabi/7.3.1/thumb/v7-m/crtn.o
 .data          0x0000000000000000        0x0 c:/st/stm32cubeide_1.4.0/stm32cubeide/plugins/com.st.stm32cube.ide.mcu.externaltools.gnu-tools-for-stm32.7-2018-q2-update.win32_1.4.0.202007081208/tools/bin/../lib/gcc/arm-none-eabi/7.3.1/thumb/v7-m/crtn.o
 .bss           0x0000000000000000        0x0 c:/st/stm32cubeide_1.4.0/stm32cubeide/plugins/com.st.stm32cube.ide.mcu.externaltools.gnu-tools-for-stm32.7-2018-q2-update.win32_1.4.0.202007081208/tools/bin/../lib/gcc/arm-none-eabi/7.3.1/thumb/v7-m/crtn.o

Memory Configuration

Name             Origin             Length             Attributes
RAM              0x0000000020000000 0x0000000000002800 xrw
ROM              0x0000000008000000 0x0000000000008000 xr
*default*        0x0000000000000000 0xffffffffffffffff

Linker script and memory map

LOAD c:/st/stm32cubeide_1.4.0/stm32cubeide/plugins/com.st.stm32cube.ide.mcu.externaltools.gnu-tools-for-stm32.7-2018-q2-update.win32_1.4.0.202007081208/tools/bin/../lib/gcc/arm-none-eabi/7.3.1/thumb/v7-m/crti.o
LOAD c:/st/stm32cubeide_1.4.0/stm32cubeide/plugins/com.st.stm32cube.ide.mcu.externaltools.gnu-tools-for-stm32.7-2018-q2-update.win32_1.4.0.202007081208/tools/bin/../lib/gcc/arm-none-eabi/7.3.1/thumb/v7-m/crtbegin.o
LOAD c:/st/stm32cubeide_1.4.0/stm32cubeide/plugins/com.st.stm32cube.ide.mcu.externaltools.gnu-tools-for-stm32.7-2018-q2-update.win32_1.4.0.202007081208/tools/bin/../lib/gcc/arm-none-eabi/7.3.1/../../../../arm-none-eabi/lib/thumb/v7-m/crt0.o
LOAD STM32F103C6_DRIVERS/MCAL/EXTI/STM32F103C6_EXTI_DRIVER.o
LOAD STM32F103C6_DRIVERS/MCAL/GPIO/STM32F103C6_GPIO_DRIVER.o
LOAD STM32F103C6_DRIVERS/MCAL/RCC/STM32F103C6_RCC_DRIVER.o
LOAD STM32F103C6_DRIVERS/MCAL/SPI/STM32F103C6_SPI_DRIVER.o
LOAD STM32F103C6_DRIVERS/MCAL/USART/STM32F103C6_USART_DRIVER.o
LOAD Src/main.o
LOAD Src/syscalls.o
LOAD Src/sysmem.o
LOAD Startup/startup_stm32f103c6tx.o
START GROUP
LOAD c:/st/stm32cubeide_1.4.0/stm32cubeide/plugins/com.st.stm32cube.ide.mcu.externaltools.gnu-tools-for-stm32.7-2018-q2-update.win32_1.4.0.202007081208/tools/bin/../lib/gcc/arm-none-eabi/7.3.1/../../../../arm-none-eabi/lib/thumb/v7-m\libc_nano.a
LOAD c:/st/stm32cubeide_1.4.0/stm32cubeide/plugins/com.st.stm32cube.ide.mcu.externaltools.gnu-tools-for-stm32.7-2018-q2-update.win32_1.4.0.202007081208/tools/bin/../lib/gcc/arm-none-eabi/7.3.1/../../../../arm-none-eabi/lib/thumb/v7-m\libm.a
END GROUP
START GROUP
LOAD c:/st/stm32cubeide_1.4.0/stm32cubeide/plugins/com.st.stm32cube.ide.mcu.externaltools.gnu-tools-for-stm32.7-2018-q2-update.win32_1.4.0.202007081208/tools/bin/../lib/gcc/arm-none-eabi/7.3.1/thumb/v7-m\libgcc.a
LOAD c:/st/stm32cubeide_1.4.0/stm32cubeide/plugins/com.st.stm32cube.ide.mcu.externaltools.gnu-tools-for-stm32.7-2018-q2-update.win32_1.4.0.202007081208/tools/bin/../lib/gcc/arm-none-eabi/7.3.1/../../../../arm-none-eabi/lib/thumb/v7-m\libg_nano.a
LOAD c:/st/stm32cubeide_1.4.0/stm32cubeide/plugins/com.st.stm32cube.ide.mcu.externaltools.gnu-tools-for-stm32.7-2018-q2-update.win32_1.4.0.202007081208/tools/bin/../lib/gcc/arm-none-eabi/7.3.1/../../../../arm-none-eabi/lib/thumb/v7-m\libc_nano.a
END GROUP
START GROUP
LOAD c:/st/stm32cubeide_1.4.0/stm32cubeide/plugins/com.st.stm32cube.ide.mcu.externaltools.gnu-tools-for-stm32.7-2018-q2-update.win32_1.4.0.202007081208/tools/bin/../lib/gcc/arm-none-eabi/7.3.1/thumb/v7-m\libgcc.a
LOAD c:/st/stm32cubeide_1.4.0/stm32cubeide/plugins/com.st.stm32cube.ide.mcu.externaltools.gnu-tools-for-stm32.7-2018-q2-update.win32_1.4.0.202007081208/tools/bin/../lib/gcc/arm-none-eabi/7.3.1/../../../../arm-none-eabi/lib/thumb/v7-m\libc_nano.a
LOAD c:/st/stm32cubeide_1.4.0/stm32cubeide/plugins/com.st.stm32cube.ide.mcu.externaltools.gnu-tools-for-stm32.7-2018-q2-update.win32_1.4.0.202007081208/tools/bin/../lib/gcc/arm-none-eabi/7.3.1/../../../../arm-none-eabi/lib/thumb/v7-m\libnosys.a
END GROUP
START GROUP
LOAD c:/st/stm32cubeide_1.4.0/stm32cubeide/plugins/com.st.stm32cube.ide.mcu.externaltools.gnu-tools-for-stm32.7-2018-q2-update.win32_1.4.0.202007081208/tools/bin/../lib/gcc/arm-none-eabi/7.3.1/thumb/v7-m\libgcc.a
LOAD c:/st/stm32cubeide_1.4.0/stm32cubeide/plugins/com.st.stm32cube.ide.mcu.externaltools.gnu-tools-for-stm32.7-2018-q2-update.win32_1.4.0.202007081208/tools/bin/../lib/gcc/arm-none-eabi/7.3.1/../../../../arm-none-eabi/lib/thumb/v7-m\libc_nano.a
LOAD c:/st/stm32cubeide_1.4.0/stm32cubeide/plugins/com.st.stm32cube.ide.mcu.externaltools.gnu-tools-for-stm32.7-2018-q2-update.win32_1.4.0.202007081208/tools/bin/../lib/gcc/arm-none-eabi/7.3.1/../../../../arm-none-eabi/lib/thumb/v7-m\libnosys.a
END GROUP
LOAD c:/st/stm32cubeide_1.4.0/stm32cubeide/plugins/com.st.stm32cube.ide.mcu.externaltools.gnu-tools-for-stm32.7-2018-q2-update.win32_1.4.0.202007081208/tools/bin/../lib/gcc/arm-none-eabi/7.3.1/thumb/v7-m/crtend.o
LOAD c:/st/stm32cubeide_1.4.0/stm32cubeide/plugins/com.st.stm32cube.ide.mcu.externaltools.gnu-tools-for-stm32.7-2018-q2-update.win32_1.4.0.202007081208/tools/bin/../lib/gcc/arm-none-eabi/7.3.1/thumb/v7-m/crtn.o
                0x0000000020002800                _estack = (ORIGIN (RAM) + LENGTH (RAM))
                0x0000000000000200                _Min_Heap_Size = 0x200
                0x0000000000000400                _Min_Stack_Size = 0x400

.isr_vector     0x0000000008000000      0x130
                0x0000000008000000                . = ALIGN (0x4)
 *(.isr_vector)
 .isr_vector    0x0000000008000000      0x130 Startup/startup_stm32f103c6tx.o
                0x0000000008000000                g_pfnVectors
                0x0000000008000130                . = ALIGN (0x4)

.text           0x0000000008000130      0xc64
                0x0000000008000130                . = ALIGN (0x4)
 *(.text)
 .text          0x0000000008000130       0x40 c:/st/stm32cubeide_1.4.0/stm32cubeide/plugins/com.st.stm32cube.ide.mcu.externaltools.gnu-tools-for-stm32.7-2018-q2-update.win32_1.4.0.202007081208/tools/bin/../lib/gcc/arm-none-eabi/7.3.1/thumb/v7-m/crtbegin.o
 *(.text*)
 .text.Get_PIN_Position
                0x0000000008000170       0xa6 STM32F103C6_DRIVERS/MCAL/GPIO/STM32F103C6_GPIO_DRIVER.o
                0x0000000008000170                Get_PIN_Position
 .text.MCAL_GPIO_Init
                0x0000000008000216      0x10e STM32F103C6_DRIVERS/MCAL/GPIO/STM32F103C6_GPIO_DRIVER.o
                0x0000000008000216                MCAL_GPIO_Init
 .text.MCAL_GPIO_WritePin
                0x0000000008000324       0x34 STM32F103C6_DRIVERS/MCAL/GPIO/STM32F103C6_GPIO_DRIVER.o
                0x0000000008000324                MCAL_GPIO_WritePin
 .text.MCAL_RCC_GetSYSCLKFreq
                0x0000000008000358       0x3c STM32F103C6_DRIVERS/MCAL/RCC/STM32F103C6_RCC_DRIVER.o
                0x0000000008000358                MCAL_RCC_GetSYSCLKFreq
 .text.MCAL_RCC_GetHCLKFreq
                0x0000000008000394       0x28 STM32F103C6_DRIVERS/MCAL/RCC/STM32F103C6_RCC_DRIVER.o
                0x0000000008000394                MCAL_RCC_GetHCLKFreq
 .text.MCAL_RCC_GetPCLK1Freq
                0x00000000080003bc       0x28 STM32F103C6_DRIVERS/MCAL/RCC/STM32F103C6_RCC_DRIVER.o
                0x00000000080003bc                MCAL_RCC_GetPCLK1Freq
 .text.MCAL_RCC_GetPCLK2Freq
                0x00000000080003e4       0x28 STM32F103C6_DRIVERS/MCAL/RCC/STM32F103C6_RCC_DRIVER.o
                0x00000000080003e4                MCAL_RCC_GetPCLK2Freq
 .text.MCAL_SPI_Init
                0x000000000800040c      0x124 STM32F103C6_DRIVERS/MCAL/SPI/STM32F103C6_SPI_DRIVER.o
                0x000000000800040c                MCAL_SPI_Init
 .text.MCAL_SPI_Tx_Rx
                0x0000000008000530       0x56 STM32F103C6_DRIVERS/MCAL/SPI/STM32F103C6_SPI_DRIVER.o
                0x0000000008000530                MCAL_SPI_Tx_Rx
 *fill*         0x0000000008000586        0x2 
 .text.MCAL_GPIO_SPI_Set_Pins
                0x0000000008000588      0x208 STM32F103C6_DRIVERS/MCAL/SPI/STM32F103C6_SPI_DRIVER.o
                0x0000000008000588                MCAL_GPIO_SPI_Set_Pins
 .text.SPI1_IRQHandler
                0x0000000008000790       0x5c STM32F103C6_DRIVERS/MCAL/SPI/STM32F103C6_SPI_DRIVER.o
                0x0000000008000790                SPI1_IRQHandler
 .text.SPI2_IRQHandler
                0x00000000080007ec       0x5c STM32F103C6_DRIVERS/MCAL/SPI/STM32F103C6_SPI_DRIVER.o
                0x00000000080007ec                SPI2_IRQHandler
 .text.MCAL_UART_Init
                0x0000000008000848      0x1a8 STM32F103C6_DRIVERS/MCAL/USART/STM32F103C6_USART_DRIVER.o
                0x0000000008000848                MCAL_UART_Init
 .text.MCAL_UART_SendData
                0x00000000080009f0       0x48 STM32F103C6_DRIVERS/MCAL/USART/STM32F103C6_USART_DRIVER.o
                0x00000000080009f0                MCAL_UART_SendData
 .text.MCAL_UART_ReceiveData
                0x0000000008000a38       0x68 STM32F103C6_DRIVERS/MCAL/USART/STM32F103C6_USART_DRIVER.o
                0x0000000008000a38                MCAL_UART_ReceiveData
 .text.MCAL_UART_GPIO_Set_Pins
                0x0000000008000aa0       0xcc STM32F103C6_DRIVERS/MCAL/USART/STM32F103C6_USART_DRIVER.o
                0x0000000008000aa0                MCAL_UART_GPIO_Set_Pins
 .text.USART1_IRQHandler
                0x0000000008000b6c       0x14 STM32F103C6_DRIVERS/MCAL/USART/STM32F103C6_USART_DRIVER.o
                0x0000000008000b6c                USART1_IRQHandler
 .text.USART2_IRQHandler
                0x0000000008000b80       0x14 STM32F103C6_DRIVERS/MCAL/USART/STM32F103C6_USART_DRIVER.o
                0x0000000008000b80                USART2_IRQHandler
 .text.USART3_IRQHandler
                0x0000000008000b94       0x14 STM32F103C6_DRIVERS/MCAL/USART/STM32F103C6_USART_DRIVER.o
                0x0000000008000b94                USART3_IRQHandler
 .text.Clock_Init
                0x0000000008000ba8       0x34 Src/main.o
                0x0000000008000ba8                Clock_Init
 .text.main     0x0000000008000bdc       0xb8 Src/main.o
                0x0000000008000bdc                main
 .text.UART_IRQ_CallBack
                0x0000000008000c94       0x4c Src/main.o
                0x0000000008000c94                UART_IRQ_CallBack
 .text.Reset_Handler
                0x0000000008000ce0       0x50 Startup/startup_stm32f103c6tx.o
                0x0000000008000ce0                Reset_Handler
 .text.Default_Handler
                0x0000000008000d30        0x2 Startup/startup_stm32f103c6tx.o
                0x0000000008000d30                EXTI2_IRQHandler
                0x0000000008000d30                TIM8_TRG_COM_IRQHandler
                0x0000000008000d30                TIM8_CC_IRQHandler
                0x0000000008000d30                DebugMon_Handler
                0x0000000008000d30                TIM1_CC_IRQHandler
                0x0000000008000d30                HardFault_Handler
                0x0000000008000d30                TIM6_IRQHandler
                0x0000000008000d30                SysTick_Handler
                0x0000000008000d30                PVD_IRQHandler
                0x0000000008000d30                SDIO_IRQHandler
                0x0000000008000d30                PendSV_Handler
                0x0000000008000d30                NMI_Handler
                0x0000000008000d30                EXTI3_IRQHandler
                0x0000000008000d30                USB_HP_CAN_TX_IRQHandler
                0x0000000008000d30                EXTI0_IRQHandler
                0x0000000008000d30                I2C2_EV_IRQHandler
                0x0000000008000d30                UsageFault_Handler
                0x0000000008000d30                ADC1_2_IRQHandler
                0x0000000008000d30                CAN_SCE_IRQHandler
                0x0000000008000d30                TAMPER_IRQHandler
                0x0000000008000d30                TIM8_UP_IRQHandler
                0x0000000008000d30                DMA2_Channel2_IRQHandler
                0x0000000008000d30                DMA1_Channel4_IRQHandler
                0x0000000008000d30                RTC_IRQHandler
                0x0000000008000d30                DMA1_Channel7_IRQHandler
                0x0000000008000d30                UART5_IRQHandler
                0x0000000008000d30                ADC3_IRQHandler
                0x0000000008000d30                TIM4_IRQHandler
                0x0000000008000d30                CAN_RX1_IRQHandler
                0x0000000008000d30                DMA2_Channel1_IRQHandler
                0x0000000008000d30                I2C1_EV_IRQHandler
                0x0000000008000d30                DMA1_Channel6_IRQHandler
                0x0000000008000d30                UART4_IRQHandler
                0x0000000008000d30                TIM3_IRQHandler
                0x0000000008000d30                RCC_IRQHandler
                0x0000000008000d30                TIM1_TRG_COM_IRQHandler
                0x0000000008000d30                DMA1_Channel1_IRQHandler
                0x0000000008000d30                Default_Handler
                0x0000000008000d30                EXTI15_10_IRQHandler
                0x0000000008000d30                TIM7_IRQHandler
                0x0000000008000d30                TIM5_IRQHandler
                0x0000000008000d30                EXTI9_5_IRQHandler
                0x0000000008000d30                USB_LP_CAN_RX0_IRQHandler
                0x0000000008000d30                MemManage_Handler
                0x0000000008000d30                SVC_Handler
                0x0000000008000d30                DMA1_Channel5_IRQHandler
                0x0000000008000d30                EXTI4_IRQHandler
                0x0000000008000d30                DMA1_Channel3_IRQHandler
                0x0000000008000d30                FSMC_IRQHandler
                0x0000000008000d30                TIM1_UP_IRQHandler
                0x0000000008000d30                WWDG_IRQHandler
                0x0000000008000d30                TIM2_IRQHandler
                0x0000000008000d30                TIM1_BRK_IRQHandler
                0x0000000008000d30                EXTI1_IRQHandler
                0x0000000008000d30                RTCAlarm_IRQHandler
                0x0000000008000d30                DMA2_Channel4_5_IRQHandler
                0x0000000008000d30                I2C2_ER_IRQHandler
                0x0000000008000d30                DMA1_Channel2_IRQHandler
                0x0000000008000d30                TIM8_BRK_IRQHandler
                0x0000000008000d30                FLASH_IRQHandler
                0x0000000008000d30                BusFault_Handler
                0x0000000008000d30                SPI3_IRQHandler
                0x0000000008000d30                I2C1_ER_IRQHandler
                0x0000000008000d30                DMA2_Channel3_IRQHandler
 *fill*         0x0000000008000d32        0x2 
 .text.__libc_init_array
                0x0000000008000d34       0x48 c:/st/stm32cubeide_1.4.0/stm32cubeide/plugins/com.st.stm32cube.ide.mcu.externaltools.gnu-tools-for-stm32.7-2018-q2-update.win32_1.4.0.202007081208/tools/bin/../lib/gcc/arm-none-eabi/7.3.1/../../../../arm-none-eabi/lib/thumb/v7-m\libc_nano.a(lib_a-init.o)
                0x0000000008000d34                __libc_init_array
 *(.glue_7)
 .glue_7        0x0000000008000d7c        0x0 linker stubs
 *(.glue_7t)
 .glue_7t       0x0000000008000d7c        0x0 linker stubs
 *(.eh_frame)
 .eh_frame      0x0000000008000d7c        0x0 c:/st/stm32cubeide_1.4.0/stm32cubeide/plugins/com.st.stm32cube.ide.mcu.externaltools.gnu-tools-for-stm32.7-2018-q2-update.win32_1.4.0.202007081208/tools/bin/../lib/gcc/arm-none-eabi/7.3.1/thumb/v7-m/crtbegin.o
 *(.init)
 .init          0x0000000008000d7c        0x4 c:/st/stm32cubeide_1.4.0/stm32cubeide/plugins/com.st.stm32cube.ide.mcu.externaltools.gnu-tools-for-stm32.7-2018-q2-update.win32_1.4.0.202007081208/tools/bin/../lib/gcc/arm-none-eabi/7.3.1/thumb/v7-m/crti.o
                0x0000000008000d7c                _init
 .init          0x0000000008000d80        0x8 c:/st/stm32cubeide_1.4.0/stm32cubeide/plugins/com.st.stm32cube.ide.mcu.externaltools.gnu-tools-for-stm32.7-2018-q2-update.win32_1.4.0.202007081208/tools/bin/../lib/gcc/arm-none-eabi/7.3.1/thumb/v7-m/crtn.o
 *(.fini)
 .fini          0x0000000008000d88        0x4 c:/st/stm32cubeide_1.4.0/stm32cubeide/plugins/com.st.stm32cube.ide.mcu.externaltools.gnu-tools-for-stm32.7-2018-q2-update.win32_1.4.0.202007081208/tools/bin/../lib/gcc/arm-none-eabi/7.3.1/thumb/v7-m/crti.o
                0x0000000008000d88                _fini
 .fini          0x0000000008000d8c        0x8 c:/st/stm32cubeide_1.4.0/stm32cubeide/plugins/com.st.stm32cube.ide.mcu.externaltools.gnu-tools-for-stm32.7-2018-q2-update.win32_1.4.0.202007081208/tools/bin/../lib/gcc/arm-none-eabi/7.3.1/thumb/v7-m/crtn.o
                0x0000000008000d94                . = ALIGN (0x4)
                0x0000000008000d94                _etext = .

.vfp11_veneer   0x0000000008000d94        0x0
 .vfp11_veneer  0x0000000008000d94        0x0 linker stubs

.v4_bx          0x0000000008000d94        0x0
 .v4_bx         0x0000000008000d94        0x0 linker stubs

.iplt           0x0000000008000d94        0x0
 .iplt          0x0000000008000d94        0x0 c:/st/stm32cubeide_1.4.0/stm32cubeide/plugins/com.st.stm32cube.ide.mcu.externaltools.gnu-tools-for-stm32.7-2018-q2-update.win32_1.4.0.202007081208/tools/bin/../lib/gcc/arm-none-eabi/7.3.1/thumb/v7-m/crtbegin.o

.rodata         0x0000000008000d94       0x18
                0x0000000008000d94                . = ALIGN (0x4)
 *(.rodata)
 *(.rodata*)
 .rodata.APBprescaler_Table
                0x0000000008000d94        0x8 STM32F103C6_DRIVERS/MCAL/RCC/STM32F103C6_RCC_DRIVER.o
                0x0000000008000d94                APBprescaler_Table
 .rodata.AHBprescaler_Table
                0x0000000008000d9c       0x10 STM32F103C6_DRIVERS/MCAL/RCC/STM32F103C6_RCC_DRIVER.o
                0x0000000008000d9c                AHBprescaler_Table
                0x0000000008000dac                . = ALIGN (0x4)

.rel.dyn        0x0000000008000dac        0x0
 .rel.iplt      0x0000000008000dac        0x0 c:/st/stm32cubeide_1.4.0/stm32cubeide/plugins/com.st.stm32cube.ide.mcu.externaltools.gnu-tools-for-stm32.7-2018-q2-update.win32_1.4.0.202007081208/tools/bin/../lib/gcc/arm-none-eabi/7.3.1/thumb/v7-m/crtbegin.o

.ARM.extab      0x0000000008000dac        0x0
                0x0000000008000dac                . = ALIGN (0x4)
 *(.ARM.extab* .gnu.linkonce.armextab.*)
                0x0000000008000dac                . = ALIGN (0x4)

.ARM            0x0000000008000dac        0x0
                0x0000000008000dac                . = ALIGN (0x4)
                0x0000000008000dac                __exidx_start = .
 *(.ARM.exidx*)
                0x0000000008000dac                __exidx_end = .
                0x0000000008000dac                . = ALIGN (0x4)

.preinit_array  0x0000000008000dac        0x0
                0x0000000008000dac                . = ALIGN (0x4)
                0x0000000008000dac                PROVIDE (__preinit_array_start = .)
 *(.preinit_array*)
                0x0000000008000dac                PROVIDE (__preinit_array_end = .)
                0x0000000008000dac                . = ALIGN (0x4)

.init_array     0x0000000008000dac        0x4
                0x0000000008000dac                . = ALIGN (0x4)
                0x0000000008000dac                PROVIDE (__init_array_start = .)
 *(SORT_BY_NAME(.init_array.*))
 *(.init_array*)
 .init_array    0x0000000008000dac        0x4 c:/st/stm32cubeide_1.4.0/stm32cubeide/plugins/com.st.stm32cube.ide.mcu.externaltools.gnu-tools-for-stm32.7-2018-q2-update.win32_1.4.0.202007081208/tools/bin/../lib/gcc/arm-none-eabi/7.3.1/thumb/v7-m/crtbegin.o
                0x0000000008000db0                PROVIDE (__init_array_end = .)
                0x0000000008000db0                . = ALIGN (0x4)

.fini_array     0x0000000008000db0        0x4
                0x0000000008000db0                . = ALIGN (0x4)
                [!provide]                        PROVIDE (__fini_array_start = .)
 *(SORT_BY_NAME(.fini_array.*))
 *(.fini_array*)
 .fini_array    0x0000000008000db0        0x4 c:/st/stm32cubeide_1.4.0/stm32cubeide/plugins/com.st.stm32cube.ide.mcu.externaltools.gnu-tools-for-stm32.7-2018-q2-update.win32_1.4.0.202007081208/tools/bin/../lib/gcc/arm-none-eabi/7.3.1/thumb/v7-m/crtbegin.o
                [!provide]                        PROVIDE (__fini_array_end = .)
                0x0000000008000db4                . = ALIGN (0x4)
                0x0000000008000db4                _sidata = LOADADDR (.data)

.data           0x0000000020000000        0x0 load address 0x0000000008000db4
                0x0000000020000000                . = ALIGN (0x4)
                0x0000000020000000                _sdata = .
 *(.data)
 *(.data*)
                0x0000000020000000                . = ALIGN (0x4)
                0x0000000020000000                _edata = .

.igot.plt       0x0000000020000000        0x0 load address 0x0000000008000db4
 .igot.plt      0x0000000020000000        0x0 c:/st/stm32cubeide_1.4.0/stm32cubeide/plugins/com.st.stm32cube.ide.mcu.externaltools.gnu-tools-for-stm32.7-2018-q2-update.win32_1.4.0.202007081208/tools/bin/../lib/gcc/arm-none-eabi/7.3.1/thumb/v7-m/crtbegin.o
                0x0000000020000000                . = ALIGN (0x4)

.bss            0x0000000020000000       0x3c load address 0x0000000008000db4
                0x0000000020000000                _sbss = .
                0x0000000020000000                __bss_start__ = _sbss
 *(.bss)
 .bss           0x0000000020000000       0x1c c:/st/stm32cubeide_1.4.0/stm32cubeide/plugins/com.st.stm32cube.ide.mcu.externaltools.gnu-tools-for-stm32.7-2018-q2-update.win32_1.4.0.202007081208/tools/bin/../lib/gcc/arm-none-eabi/7.3.1/thumb/v7-m/crtbegin.o
 *(.bss*)
 .bss.Gl_SPI_CFG
                0x000000002000001c        0x4 STM32F103C6_DRIVERS/MCAL/SPI/STM32F103C6_SPI_DRIVER.o
                0x000000002000001c                Gl_SPI_CFG
 .bss.Gl_ASPI_CFG
                0x0000000020000020        0x8 STM32F103C6_DRIVERS/MCAL/SPI/STM32F103C6_SPI_DRIVER.o
                0x0000000020000020                Gl_ASPI_CFG
 .bss.Gl_UART_CFG
                0x0000000020000028        0x4 STM32F103C6_DRIVERS/MCAL/USART/STM32F103C6_USART_DRIVER.o
                0x0000000020000028                Gl_UART_CFG
 .bss.Gl_AUARTx_CFG
                0x000000002000002c        0xc STM32F103C6_DRIVERS/MCAL/USART/STM32F103C6_USART_DRIVER.o
                0x000000002000002c                Gl_AUARTx_CFG
 *(COMMON)
 COMMON         0x0000000020000038        0x1 Src/main.o
                0x0000000020000038                ch
                0x000000002000003c                . = ALIGN (0x4)
 *fill*         0x0000000020000039        0x3 
                0x000000002000003c                _ebss = .
                0x000000002000003c                __bss_end__ = _ebss

._user_heap_stack
                0x000000002000003c      0x604 load address 0x0000000008000db4
                0x0000000020000040                . = ALIGN (0x8)
 *fill*         0x000000002000003c        0x4 
                [!provide]                        PROVIDE (end = .)
                0x0000000020000040                PROVIDE (_end = .)
                0x0000000020000240                . = (. + _Min_Heap_Size)
 *fill*         0x0000000020000040      0x200 
                0x0000000020000640                . = (. + _Min_Stack_Size)
 *fill*         0x0000000020000240      0x400 
                0x0000000020000640                . = ALIGN (0x8)

/DISCARD/
 libc.a(*)
 libm.a(*)
 libgcc.a(*)

.ARM.attributes
                0x0000000000000000       0x29
 *(.ARM.attributes)
 .ARM.attributes
                0x0000000000000000       0x1d c:/st/stm32cubeide_1.4.0/stm32cubeide/plugins/com.st.stm32cube.ide.mcu.externaltools.gnu-tools-for-stm32.7-2018-q2-update.win32_1.4.0.202007081208/tools/bin/../lib/gcc/arm-none-eabi/7.3.1/thumb/v7-m/crti.o
 .ARM.attributes
                0x000000000000001d       0x2d c:/st/stm32cubeide_1.4.0/stm32cubeide/plugins/com.st.stm32cube.ide.mcu.externaltools.gnu-tools-for-stm32.7-2018-q2-update.win32_1.4.0.202007081208/tools/bin/../lib/gcc/arm-none-eabi/7.3.1/thumb/v7-m/crtbegin.o
 .ARM.attributes
                0x000000000000004a       0x33 STM32F103C6_DRIVERS/MCAL/GPIO/STM32F103C6_GPIO_DRIVER.o
 .ARM.attributes
                0x000000000000007d       0x33 STM32F103C6_DRIVERS/MCAL/RCC/STM32F103C6_RCC_DRIVER.o
 .ARM.attributes
                0x00000000000000b0       0x33 STM32F103C6_DRIVERS/MCAL/SPI/STM32F103C6_SPI_DRIVER.o
 .ARM.attributes
                0x00000000000000e3       0x33 STM32F103C6_DRIVERS/MCAL/USART/STM32F103C6_USART_DRIVER.o
 .ARM.attributes
                0x0000000000000116       0x33 Src/main.o
 .ARM.attributes
                0x0000000000000149       0x21 Startup/startup_stm32f103c6tx.o
 .ARM.attributes
                0x000000000000016a       0x2d c:/st/stm32cubeide_1.4.0/stm32cubeide/plugins/com.st.stm32cube.ide.mcu.externaltools.gnu-tools-for-stm32.7-2018-q2-update.win32_1.4.0.202007081208/tools/bin/../lib/gcc/arm-none-eabi/7.3.1/../../../../arm-none-eabi/lib/thumb/v7-m\libc_nano.a(lib_a-init.o)
 .ARM.attributes
                0x0000000000000197       0x1d c:/st/stm32cubeide_1.4.0/stm32cubeide/plugins/com.st.stm32cube.ide.mcu.externaltools.gnu-tools-for-stm32.7-2018-q2-update.win32_1.4.0.202007081208/tools/bin/../lib/gcc/arm-none-eabi/7.3.1/thumb/v7-m/crtn.o
OUTPUT(Lesson_5_SPI_DRIVER_Lab1.elf elf32-littlearm)

.debug_info     0x0000000000000000     0x43cf
 .debug_info    0x0000000000000000      0xd42 STM32F103C6_DRIVERS/MCAL/GPIO/STM32F103C6_GPIO_DRIVER.o
 .debug_info    0x0000000000000d42      0xb09 STM32F103C6_DRIVERS/MCAL/RCC/STM32F103C6_RCC_DRIVER.o
 .debug_info    0x000000000000184b      0xee3 STM32F103C6_DRIVERS/MCAL/SPI/STM32F103C6_SPI_DRIVER.o
 .debug_info    0x000000000000272e      0xe1b STM32F103C6_DRIVERS/MCAL/USART/STM32F103C6_USART_DRIVER.o
 .debug_info    0x0000000000003549      0xe64 Src/main.o
 .debug_info    0x00000000000043ad       0x22 Startup/startup_stm32f103c6tx.o

.debug_abbrev   0x0000000000000000      0xa39
 .debug_abbrev  0x0000000000000000      0x232 STM32F103C6_DRIVERS/MCAL/GPIO/STM32F103C6_GPIO_DRIVER.o
 .debug_abbrev  0x0000000000000232      0x19b STM32F103C6_DRIVERS/MCAL/RCC/STM32F103C6_RCC_DRIVER.o
 .debug_abbrev  0x00000000000003cd      0x240 STM32F103C6_DRIVERS/MCAL/SPI/STM32F103C6_SPI_DRIVER.o
 .debug_abbrev  0x000000000000060d      0x214 STM32F103C6_DRIVERS/MCAL/USART/STM32F103C6_USART_DRIVER.o
 .debug_abbrev  0x0000000000000821      0x206 Src/main.o
 .debug_abbrev  0x0000000000000a27       0x12 Startup/startup_stm32f103c6tx.o

.debug_loc      0x0000000000000000      0x9f0
 .debug_loc     0x0000000000000000      0x330 STM32F103C6_DRIVERS/MCAL/GPIO/STM32F103C6_GPIO_DRIVER.o
 .debug_loc     0x0000000000000330       0xc8 STM32F103C6_DRIVERS/MCAL/RCC/STM32F103C6_RCC_DRIVER.o
 .debug_loc     0x00000000000003f8      0x2bc STM32F103C6_DRIVERS/MCAL/SPI/STM32F103C6_SPI_DRIVER.o
 .debug_loc     0x00000000000006b4      0x294 STM32F103C6_DRIVERS/MCAL/USART/STM32F103C6_USART_DRIVER.o
 .debug_loc     0x0000000000000948       0xa8 Src/main.o

.debug_aranges  0x0000000000000000      0x1a8
 .debug_aranges
                0x0000000000000000       0x60 STM32F103C6_DRIVERS/MCAL/GPIO/STM32F103C6_GPIO_DRIVER.o
 .debug_aranges
                0x0000000000000060       0x38 STM32F103C6_DRIVERS/MCAL/RCC/STM32F103C6_RCC_DRIVER.o
 .debug_aranges
                0x0000000000000098       0x58 STM32F103C6_DRIVERS/MCAL/SPI/STM32F103C6_SPI_DRIVER.o
 .debug_aranges
                0x00000000000000f0       0x60 STM32F103C6_DRIVERS/MCAL/USART/STM32F103C6_USART_DRIVER.o
 .debug_aranges
                0x0000000000000150       0x30 Src/main.o
 .debug_aranges
                0x0000000000000180       0x28 Startup/startup_stm32f103c6tx.o

.debug_ranges   0x0000000000000000      0x150
 .debug_ranges  0x0000000000000000       0x50 STM32F103C6_DRIVERS/MCAL/GPIO/STM32F103C6_GPIO_DRIVER.o
 .debug_ranges  0x0000000000000050       0x28 STM32F103C6_DRIVERS/MCAL/RCC/STM32F103C6_RCC_DRIVER.o
 .debug_ranges  0x0000000000000078       0x48 STM32F103C6_DRIVERS/MCAL/SPI/STM32F103C6_SPI_DRIVER.o
 .debug_ranges  0x00000000000000c0       0x50 STM32F103C6_DRIVERS/MCAL/USART/STM32F103C6_USART_DRIVER.o
 .debug_ranges  0x0000000000000110       0x20 Src/main.o
 .debug_ranges  0x0000000000000130       0x20 Startup/startup_stm32f103c6tx.o

.debug_macro    0x0000000000000000      0xa0e
 .debug_macro   0x0000000000000000      0x15a STM32F103C6_DRIVERS/MCAL/GPIO/STM32F103C6_GPIO_DRIVER.o
 .debug_macro   0x000000000000015a      0x169 STM32F103C6_DRIVERS/MCAL/RCC/STM32F103C6_RCC_DRIVER.o
 .debug_macro   0x00000000000002c3       0x10 STM32F103C6_DRIVERS/MCAL/RCC/STM32F103C6_RCC_DRIVER.o
 .debug_macro   0x00000000000002d3      0x18a STM32F103C6_DRIVERS/MCAL/SPI/STM32F103C6_SPI_DRIVER.o
 .debug_macro   0x000000000000045d       0x16 STM32F103C6_DRIVERS/MCAL/SPI/STM32F103C6_SPI_DRIVER.o
 .debug_macro   0x0000000000000473       0xd9 STM32F103C6_DRIVERS/MCAL/SPI/STM32F103C6_SPI_DRIVER.o
 .debug_macro   0x000000000000054c      0x176 STM32F103C6_DRIVERS/MCAL/USART/STM32F103C6_USART_DRIVER.o
 .debug_macro   0x00000000000006c2       0xe8 STM32F103C6_DRIVERS/MCAL/USART/STM32F103C6_USART_DRIVER.o
 .debug_macro   0x00000000000007aa      0x185 Src/main.o
 .debug_macro   0x000000000000092f       0xdf Src/main.o

.debug_line     0x0000000000000000     0x29c4
 .debug_line    0x0000000000000000      0x7ff STM32F103C6_DRIVERS/MCAL/GPIO/STM32F103C6_GPIO_DRIVER.o
 .debug_line    0x00000000000007ff      0x72d STM32F103C6_DRIVERS/MCAL/RCC/STM32F103C6_RCC_DRIVER.o
 .debug_line    0x0000000000000f2c      0x8bb STM32F103C6_DRIVERS/MCAL/SPI/STM32F103C6_SPI_DRIVER.o
 .debug_line    0x00000000000017e7      0x8af STM32F103C6_DRIVERS/MCAL/USART/STM32F103C6_USART_DRIVER.o
 .debug_line    0x0000000000002096      0x8aa Src/main.o
 .debug_line    0x0000000000002940       0x84 Startup/startup_stm32f103c6tx.o

.debug_str      0x0000000000000000     0xa72b
 .debug_str     0x0000000000000000     0x93ad STM32F103C6_DRIVERS/MCAL/GPIO/STM32F103C6_GPIO_DRIVER.o
                                       0x961d (size before relaxing)
 .debug_str     0x00000000000093ad      0x113 STM32F103C6_DRIVERS/MCAL/RCC/STM32F103C6_RCC_DRIVER.o
                                       0x958f (size before relaxing)
 .debug_str     0x00000000000094c0      0x8c0 STM32F103C6_DRIVERS/MCAL/SPI/STM32F103C6_SPI_DRIVER.o
                                       0x9e16 (size before relaxing)
 .debug_str     0x0000000000009d80      0x8c9 STM32F103C6_DRIVERS/MCAL/USART/STM32F103C6_USART_DRIVER.o
                                       0x9e27 (size before relaxing)
 .debug_str     0x000000000000a649       0xb1 Src/main.o
                                       0xa4a6 (size before relaxing)
 .debug_str     0x000000000000a6fa       0x31 Startup/startup_stm32f103c6tx.o
                                         0x9d (size before relaxing)

.comment        0x0000000000000000       0x7b
 .comment       0x0000000000000000       0x7b STM32F103C6_DRIVERS/MCAL/GPIO/STM32F103C6_GPIO_DRIVER.o
                                         0x7c (size before relaxing)
 .comment       0x000000000000007b       0x7c STM32F103C6_DRIVERS/MCAL/RCC/STM32F103C6_RCC_DRIVER.o
 .comment       0x000000000000007b       0x7c STM32F103C6_DRIVERS/MCAL/SPI/STM32F103C6_SPI_DRIVER.o
 .comment       0x000000000000007b       0x7c STM32F103C6_DRIVERS/MCAL/USART/STM32F103C6_USART_DRIVER.o
 .comment       0x000000000000007b       0x7c Src/main.o

.debug_frame    0x0000000000000000      0x524
 .debug_frame   0x0000000000000000      0x178 STM32F103C6_DRIVERS/MCAL/GPIO/STM32F103C6_GPIO_DRIVER.o
 .debug_frame   0x0000000000000178       0x84 STM32F103C6_DRIVERS/MCAL/RCC/STM32F103C6_RCC_DRIVER.o
 .debug_frame   0x00000000000001fc      0x144 STM32F103C6_DRIVERS/MCAL/SPI/STM32F103C6_SPI_DRIVER.o
 .debug_frame   0x0000000000000340      0x14c STM32F103C6_DRIVERS/MCAL/USART/STM32F103C6_USART_DRIVER.o
 .debug_frame   0x000000000000048c       0x6c Src/main.o
 .debug_frame   0x00000000000004f8       0x2c c:/st/stm32cubeide_1.4.0/stm32cubeide/plugins/com.st.stm32cube.ide.mcu.externaltools.gnu-tools-for-stm32.7-2018-q2-update.win32_1.4.0.202007081208/tools/bin/../lib/gcc/arm-none-eabi/7.3.1/../../../../arm-none-eabi/lib/thumb/v7-m\libc_nano.a(lib_a-init.o)
