Archive member included to satisfy reference by file (symbol)

c:/st/stm32cubeide_1.4.0/stm32cubeide/plugins/com.st.stm32cube.ide.mcu.externaltools.gnu-tools-for-stm32.7-2018-q2-update.win32_1.4.0.202007081208/tools/bin/../lib/gcc/arm-none-eabi/7.3.1/../../../../arm-none-eabi/lib/thumb/v7-m\libc_nano.a(lib_a-errno.o)
                              Src/syscalls.o (__errno)
c:/st/stm32cubeide_1.4.0/stm32cubeide/plugins/com.st.stm32cube.ide.mcu.externaltools.gnu-tools-for-stm32.7-2018-q2-update.win32_1.4.0.202007081208/tools/bin/../lib/gcc/arm-none-eabi/7.3.1/../../../../arm-none-eabi/lib/thumb/v7-m\libc_nano.a(lib_a-exit.o)
                              c:/st/stm32cubeide_1.4.0/stm32cubeide/plugins/com.st.stm32cube.ide.mcu.externaltools.gnu-tools-for-stm32.7-2018-q2-update.win32_1.4.0.202007081208/tools/bin/../lib/gcc/arm-none-eabi/7.3.1/../../../../arm-none-eabi/lib/thumb/v7-m/crt0.o (exit)
c:/st/stm32cubeide_1.4.0/stm32cubeide/plugins/com.st.stm32cube.ide.mcu.externaltools.gnu-tools-for-stm32.7-2018-q2-update.win32_1.4.0.202007081208/tools/bin/../lib/gcc/arm-none-eabi/7.3.1/../../../../arm-none-eabi/lib/thumb/v7-m\libc_nano.a(lib_a-impure.o)
                              c:/st/stm32cubeide_1.4.0/stm32cubeide/plugins/com.st.stm32cube.ide.mcu.externaltools.gnu-tools-for-stm32.7-2018-q2-update.win32_1.4.0.202007081208/tools/bin/../lib/gcc/arm-none-eabi/7.3.1/../../../../arm-none-eabi/lib/thumb/v7-m\libc_nano.a(lib_a-exit.o) (_global_impure_ptr)
c:/st/stm32cubeide_1.4.0/stm32cubeide/plugins/com.st.stm32cube.ide.mcu.externaltools.gnu-tools-for-stm32.7-2018-q2-update.win32_1.4.0.202007081208/tools/bin/../lib/gcc/arm-none-eabi/7.3.1/../../../../arm-none-eabi/lib/thumb/v7-m\libc_nano.a(lib_a-init.o)
                              c:/st/stm32cubeide_1.4.0/stm32cubeide/plugins/com.st.stm32cube.ide.mcu.externaltools.gnu-tools-for-stm32.7-2018-q2-update.win32_1.4.0.202007081208/tools/bin/../lib/gcc/arm-none-eabi/7.3.1/../../../../arm-none-eabi/lib/thumb/v7-m/crt0.o (__libc_init_array)
c:/st/stm32cubeide_1.4.0/stm32cubeide/plugins/com.st.stm32cube.ide.mcu.externaltools.gnu-tools-for-stm32.7-2018-q2-update.win32_1.4.0.202007081208/tools/bin/../lib/gcc/arm-none-eabi/7.3.1/../../../../arm-none-eabi/lib/thumb/v7-m\libc_nano.a(lib_a-memset.o)
                              c:/st/stm32cubeide_1.4.0/stm32cubeide/plugins/com.st.stm32cube.ide.mcu.externaltools.gnu-tools-for-stm32.7-2018-q2-update.win32_1.4.0.202007081208/tools/bin/../lib/gcc/arm-none-eabi/7.3.1/../../../../arm-none-eabi/lib/thumb/v7-m/crt0.o (memset)

Allocating common symbols
Common symbol       size              file

Gl_AI2C_CFG         0x38              STM32F103C6_DRIVERS/MCAL/I2C/STM32F103C6_I2C_DRIVER.o

Discarded input sections

 .text          0x0000000000000000        0x0 c:/st/stm32cubeide_1.4.0/stm32cubeide/plugins/com.st.stm32cube.ide.mcu.externaltools.gnu-tools-for-stm32.7-2018-q2-update.win32_1.4.0.202007081208/tools/bin/../lib/gcc/arm-none-eabi/7.3.1/thumb/v7-m/crti.o
 .data          0x0000000000000000        0x0 c:/st/stm32cubeide_1.4.0/stm32cubeide/plugins/com.st.stm32cube.ide.mcu.externaltools.gnu-tools-for-stm32.7-2018-q2-update.win32_1.4.0.202007081208/tools/bin/../lib/gcc/arm-none-eabi/7.3.1/thumb/v7-m/crti.o
 .bss           0x0000000000000000        0x0 c:/st/stm32cubeide_1.4.0/stm32cubeide/plugins/com.st.stm32cube.ide.mcu.externaltools.gnu-tools-for-stm32.7-2018-q2-update.win32_1.4.0.202007081208/tools/bin/../lib/gcc/arm-none-eabi/7.3.1/thumb/v7-m/crti.o
 .data          0x0000000000000000        0x4 c:/st/stm32cubeide_1.4.0/stm32cubeide/plugins/com.st.stm32cube.ide.mcu.externaltools.gnu-tools-for-stm32.7-2018-q2-update.win32_1.4.0.202007081208/tools/bin/../lib/gcc/arm-none-eabi/7.3.1/thumb/v7-m/crtbegin.o
 .text          0x0000000000000000       0x74 c:/st/stm32cubeide_1.4.0/stm32cubeide/plugins/com.st.stm32cube.ide.mcu.externaltools.gnu-tools-for-stm32.7-2018-q2-update.win32_1.4.0.202007081208/tools/bin/../lib/gcc/arm-none-eabi/7.3.1/../../../../arm-none-eabi/lib/thumb/v7-m/crt0.o
 .data          0x0000000000000000        0x0 c:/st/stm32cubeide_1.4.0/stm32cubeide/plugins/com.st.stm32cube.ide.mcu.externaltools.gnu-tools-for-stm32.7-2018-q2-update.win32_1.4.0.202007081208/tools/bin/../lib/gcc/arm-none-eabi/7.3.1/../../../../arm-none-eabi/lib/thumb/v7-m/crt0.o
 .bss           0x0000000000000000        0x0 c:/st/stm32cubeide_1.4.0/stm32cubeide/plugins/com.st.stm32cube.ide.mcu.externaltools.gnu-tools-for-stm32.7-2018-q2-update.win32_1.4.0.202007081208/tools/bin/../lib/gcc/arm-none-eabi/7.3.1/../../../../arm-none-eabi/lib/thumb/v7-m/crt0.o
 .ARM.extab     0x0000000000000000        0x0 c:/st/stm32cubeide_1.4.0/stm32cubeide/plugins/com.st.stm32cube.ide.mcu.externaltools.gnu-tools-for-stm32.7-2018-q2-update.win32_1.4.0.202007081208/tools/bin/../lib/gcc/arm-none-eabi/7.3.1/../../../../arm-none-eabi/lib/thumb/v7-m/crt0.o
 .ARM.exidx     0x0000000000000000        0x8 c:/st/stm32cubeide_1.4.0/stm32cubeide/plugins/com.st.stm32cube.ide.mcu.externaltools.gnu-tools-for-stm32.7-2018-q2-update.win32_1.4.0.202007081208/tools/bin/../lib/gcc/arm-none-eabi/7.3.1/../../../../arm-none-eabi/lib/thumb/v7-m/crt0.o
 .ARM.attributes
                0x0000000000000000       0x1b c:/st/stm32cubeide_1.4.0/stm32cubeide/plugins/com.st.stm32cube.ide.mcu.externaltools.gnu-tools-for-stm32.7-2018-q2-update.win32_1.4.0.202007081208/tools/bin/../lib/gcc/arm-none-eabi/7.3.1/../../../../arm-none-eabi/lib/thumb/v7-m/crt0.o
 .group         0x0000000000000000        0xc HAL/EEPROM/I2C_SLAVE_EEPROM.o
 .group         0x0000000000000000        0xc HAL/EEPROM/I2C_SLAVE_EEPROM.o
 .group         0x0000000000000000        0xc HAL/EEPROM/I2C_SLAVE_EEPROM.o
 .group         0x0000000000000000        0xc HAL/EEPROM/I2C_SLAVE_EEPROM.o
 .group         0x0000000000000000        0xc HAL/EEPROM/I2C_SLAVE_EEPROM.o
 .group         0x0000000000000000        0xc HAL/EEPROM/I2C_SLAVE_EEPROM.o
 .group         0x0000000000000000        0xc HAL/EEPROM/I2C_SLAVE_EEPROM.o
 .group         0x0000000000000000        0xc HAL/EEPROM/I2C_SLAVE_EEPROM.o
 .group         0x0000000000000000        0xc HAL/EEPROM/I2C_SLAVE_EEPROM.o
 .group         0x0000000000000000        0xc HAL/EEPROM/I2C_SLAVE_EEPROM.o
 .group         0x0000000000000000        0xc HAL/EEPROM/I2C_SLAVE_EEPROM.o
 .group         0x0000000000000000        0xc HAL/EEPROM/I2C_SLAVE_EEPROM.o
 .group         0x0000000000000000        0xc HAL/EEPROM/I2C_SLAVE_EEPROM.o
 .group         0x0000000000000000        0xc HAL/EEPROM/I2C_SLAVE_EEPROM.o
 .group         0x0000000000000000        0xc HAL/EEPROM/I2C_SLAVE_EEPROM.o
 .group         0x0000000000000000        0xc HAL/EEPROM/I2C_SLAVE_EEPROM.o
 .group         0x0000000000000000        0xc HAL/EEPROM/I2C_SLAVE_EEPROM.o
 .group         0x0000000000000000        0xc HAL/EEPROM/I2C_SLAVE_EEPROM.o
 .group         0x0000000000000000        0xc HAL/EEPROM/I2C_SLAVE_EEPROM.o
 .group         0x0000000000000000        0xc HAL/EEPROM/I2C_SLAVE_EEPROM.o
 .group         0x0000000000000000        0xc HAL/EEPROM/I2C_SLAVE_EEPROM.o
 .group         0x0000000000000000        0xc HAL/EEPROM/I2C_SLAVE_EEPROM.o
 .group         0x0000000000000000        0xc HAL/EEPROM/I2C_SLAVE_EEPROM.o
 .group         0x0000000000000000        0xc HAL/EEPROM/I2C_SLAVE_EEPROM.o
 .group         0x0000000000000000        0xc HAL/EEPROM/I2C_SLAVE_EEPROM.o
 .group         0x0000000000000000        0xc HAL/EEPROM/I2C_SLAVE_EEPROM.o
 .text          0x0000000000000000        0x0 HAL/EEPROM/I2C_SLAVE_EEPROM.o
 .data          0x0000000000000000        0x0 HAL/EEPROM/I2C_SLAVE_EEPROM.o
 .bss           0x0000000000000000        0x0 HAL/EEPROM/I2C_SLAVE_EEPROM.o
 .group         0x0000000000000000        0xc STM32F103C6_DRIVERS/MCAL/EXTI/STM32F103C6_EXTI_DRIVER.o
 .group         0x0000000000000000        0xc STM32F103C6_DRIVERS/MCAL/EXTI/STM32F103C6_EXTI_DRIVER.o
 .group         0x0000000000000000        0xc STM32F103C6_DRIVERS/MCAL/EXTI/STM32F103C6_EXTI_DRIVER.o
 .group         0x0000000000000000        0xc STM32F103C6_DRIVERS/MCAL/EXTI/STM32F103C6_EXTI_DRIVER.o
 .group         0x0000000000000000        0xc STM32F103C6_DRIVERS/MCAL/EXTI/STM32F103C6_EXTI_DRIVER.o
 .group         0x0000000000000000        0xc STM32F103C6_DRIVERS/MCAL/EXTI/STM32F103C6_EXTI_DRIVER.o
 .group         0x0000000000000000        0xc STM32F103C6_DRIVERS/MCAL/EXTI/STM32F103C6_EXTI_DRIVER.o
 .group         0x0000000000000000        0xc STM32F103C6_DRIVERS/MCAL/EXTI/STM32F103C6_EXTI_DRIVER.o
 .group         0x0000000000000000        0xc STM32F103C6_DRIVERS/MCAL/EXTI/STM32F103C6_EXTI_DRIVER.o
 .group         0x0000000000000000        0xc STM32F103C6_DRIVERS/MCAL/EXTI/STM32F103C6_EXTI_DRIVER.o
 .group         0x0000000000000000        0xc STM32F103C6_DRIVERS/MCAL/EXTI/STM32F103C6_EXTI_DRIVER.o
 .group         0x0000000000000000        0xc STM32F103C6_DRIVERS/MCAL/EXTI/STM32F103C6_EXTI_DRIVER.o
 .group         0x0000000000000000        0xc STM32F103C6_DRIVERS/MCAL/EXTI/STM32F103C6_EXTI_DRIVER.o
 .group         0x0000000000000000        0xc STM32F103C6_DRIVERS/MCAL/EXTI/STM32F103C6_EXTI_DRIVER.o
 .group         0x0000000000000000        0xc STM32F103C6_DRIVERS/MCAL/EXTI/STM32F103C6_EXTI_DRIVER.o
 .group         0x0000000000000000        0xc STM32F103C6_DRIVERS/MCAL/EXTI/STM32F103C6_EXTI_DRIVER.o
 .group         0x0000000000000000        0xc STM32F103C6_DRIVERS/MCAL/EXTI/STM32F103C6_EXTI_DRIVER.o
 .group         0x0000000000000000        0xc STM32F103C6_DRIVERS/MCAL/EXTI/STM32F103C6_EXTI_DRIVER.o
 .group         0x0000000000000000        0xc STM32F103C6_DRIVERS/MCAL/EXTI/STM32F103C6_EXTI_DRIVER.o
 .group         0x0000000000000000        0xc STM32F103C6_DRIVERS/MCAL/EXTI/STM32F103C6_EXTI_DRIVER.o
 .group         0x0000000000000000        0xc STM32F103C6_DRIVERS/MCAL/EXTI/STM32F103C6_EXTI_DRIVER.o
 .group         0x0000000000000000        0xc STM32F103C6_DRIVERS/MCAL/EXTI/STM32F103C6_EXTI_DRIVER.o
 .group         0x0000000000000000        0xc STM32F103C6_DRIVERS/MCAL/EXTI/STM32F103C6_EXTI_DRIVER.o
 .group         0x0000000000000000        0xc STM32F103C6_DRIVERS/MCAL/EXTI/STM32F103C6_EXTI_DRIVER.o
 .group         0x0000000000000000        0xc STM32F103C6_DRIVERS/MCAL/EXTI/STM32F103C6_EXTI_DRIVER.o
 .text          0x0000000000000000        0x0 STM32F103C6_DRIVERS/MCAL/EXTI/STM32F103C6_EXTI_DRIVER.o
 .data          0x0000000000000000        0x0 STM32F103C6_DRIVERS/MCAL/EXTI/STM32F103C6_EXTI_DRIVER.o
 .bss           0x0000000000000000        0x0 STM32F103C6_DRIVERS/MCAL/EXTI/STM32F103C6_EXTI_DRIVER.o
 .debug_info    0x0000000000000000      0x972 STM32F103C6_DRIVERS/MCAL/EXTI/STM32F103C6_EXTI_DRIVER.o
 .debug_abbrev  0x0000000000000000      0x149 STM32F103C6_DRIVERS/MCAL/EXTI/STM32F103C6_EXTI_DRIVER.o
 .debug_aranges
                0x0000000000000000       0x18 STM32F103C6_DRIVERS/MCAL/EXTI/STM32F103C6_EXTI_DRIVER.o
 .debug_macro   0x0000000000000000      0x1c6 STM32F103C6_DRIVERS/MCAL/EXTI/STM32F103C6_EXTI_DRIVER.o
 .debug_macro   0x0000000000000000      0xa60 STM32F103C6_DRIVERS/MCAL/EXTI/STM32F103C6_EXTI_DRIVER.o
 .debug_macro   0x0000000000000000       0x18 STM32F103C6_DRIVERS/MCAL/EXTI/STM32F103C6_EXTI_DRIVER.o
 .debug_macro   0x0000000000000000       0x22 STM32F103C6_DRIVERS/MCAL/EXTI/STM32F103C6_EXTI_DRIVER.o
 .debug_macro   0x0000000000000000       0x40 STM32F103C6_DRIVERS/MCAL/EXTI/STM32F103C6_EXTI_DRIVER.o
 .debug_macro   0x0000000000000000       0x94 STM32F103C6_DRIVERS/MCAL/EXTI/STM32F103C6_EXTI_DRIVER.o
 .debug_macro   0x0000000000000000       0x3c STM32F103C6_DRIVERS/MCAL/EXTI/STM32F103C6_EXTI_DRIVER.o
 .debug_macro   0x0000000000000000       0x34 STM32F103C6_DRIVERS/MCAL/EXTI/STM32F103C6_EXTI_DRIVER.o
 .debug_macro   0x0000000000000000       0x16 STM32F103C6_DRIVERS/MCAL/EXTI/STM32F103C6_EXTI_DRIVER.o
 .debug_macro   0x0000000000000000      0x10e STM32F103C6_DRIVERS/MCAL/EXTI/STM32F103C6_EXTI_DRIVER.o
 .debug_macro   0x0000000000000000       0x8d STM32F103C6_DRIVERS/MCAL/EXTI/STM32F103C6_EXTI_DRIVER.o
 .debug_macro   0x0000000000000000       0x57 STM32F103C6_DRIVERS/MCAL/EXTI/STM32F103C6_EXTI_DRIVER.o
 .debug_macro   0x0000000000000000       0x52 STM32F103C6_DRIVERS/MCAL/EXTI/STM32F103C6_EXTI_DRIVER.o
 .debug_macro   0x0000000000000000       0x1f STM32F103C6_DRIVERS/MCAL/EXTI/STM32F103C6_EXTI_DRIVER.o
 .debug_macro   0x0000000000000000       0x43 STM32F103C6_DRIVERS/MCAL/EXTI/STM32F103C6_EXTI_DRIVER.o
 .debug_macro   0x0000000000000000       0x20 STM32F103C6_DRIVERS/MCAL/EXTI/STM32F103C6_EXTI_DRIVER.o
 .debug_macro   0x0000000000000000      0x1a3 STM32F103C6_DRIVERS/MCAL/EXTI/STM32F103C6_EXTI_DRIVER.o
 .debug_macro   0x0000000000000000      0x330 STM32F103C6_DRIVERS/MCAL/EXTI/STM32F103C6_EXTI_DRIVER.o
 .debug_macro   0x0000000000000000       0x16 STM32F103C6_DRIVERS/MCAL/EXTI/STM32F103C6_EXTI_DRIVER.o
 .debug_macro   0x0000000000000000       0x29 STM32F103C6_DRIVERS/MCAL/EXTI/STM32F103C6_EXTI_DRIVER.o
 .debug_macro   0x0000000000000000       0xef STM32F103C6_DRIVERS/MCAL/EXTI/STM32F103C6_EXTI_DRIVER.o
 .debug_macro   0x0000000000000000       0x6a STM32F103C6_DRIVERS/MCAL/EXTI/STM32F103C6_EXTI_DRIVER.o
 .debug_macro   0x0000000000000000      0x1df STM32F103C6_DRIVERS/MCAL/EXTI/STM32F103C6_EXTI_DRIVER.o
 .debug_macro   0x0000000000000000      0x720 STM32F103C6_DRIVERS/MCAL/EXTI/STM32F103C6_EXTI_DRIVER.o
 .debug_macro   0x0000000000000000       0xdc STM32F103C6_DRIVERS/MCAL/EXTI/STM32F103C6_EXTI_DRIVER.o
 .debug_macro   0x0000000000000000      0x226 STM32F103C6_DRIVERS/MCAL/EXTI/STM32F103C6_EXTI_DRIVER.o
 .debug_line    0x0000000000000000      0x624 STM32F103C6_DRIVERS/MCAL/EXTI/STM32F103C6_EXTI_DRIVER.o
 .debug_str     0x0000000000000000     0xaa63 STM32F103C6_DRIVERS/MCAL/EXTI/STM32F103C6_EXTI_DRIVER.o
 .comment       0x0000000000000000       0x7c STM32F103C6_DRIVERS/MCAL/EXTI/STM32F103C6_EXTI_DRIVER.o
 .ARM.attributes
                0x0000000000000000       0x33 STM32F103C6_DRIVERS/MCAL/EXTI/STM32F103C6_EXTI_DRIVER.o
 .group         0x0000000000000000        0xc STM32F103C6_DRIVERS/MCAL/GPIO/STM32F103C6_GPIO_DRIVER.o
 .group         0x0000000000000000        0xc STM32F103C6_DRIVERS/MCAL/GPIO/STM32F103C6_GPIO_DRIVER.o
 .group         0x0000000000000000        0xc STM32F103C6_DRIVERS/MCAL/GPIO/STM32F103C6_GPIO_DRIVER.o
 .group         0x0000000000000000        0xc STM32F103C6_DRIVERS/MCAL/GPIO/STM32F103C6_GPIO_DRIVER.o
 .group         0x0000000000000000        0xc STM32F103C6_DRIVERS/MCAL/GPIO/STM32F103C6_GPIO_DRIVER.o
 .group         0x0000000000000000        0xc STM32F103C6_DRIVERS/MCAL/GPIO/STM32F103C6_GPIO_DRIVER.o
 .group         0x0000000000000000        0xc STM32F103C6_DRIVERS/MCAL/GPIO/STM32F103C6_GPIO_DRIVER.o
 .group         0x0000000000000000        0xc STM32F103C6_DRIVERS/MCAL/GPIO/STM32F103C6_GPIO_DRIVER.o
 .group         0x0000000000000000        0xc STM32F103C6_DRIVERS/MCAL/GPIO/STM32F103C6_GPIO_DRIVER.o
 .group         0x0000000000000000        0xc STM32F103C6_DRIVERS/MCAL/GPIO/STM32F103C6_GPIO_DRIVER.o
 .group         0x0000000000000000        0xc STM32F103C6_DRIVERS/MCAL/GPIO/STM32F103C6_GPIO_DRIVER.o
 .group         0x0000000000000000        0xc STM32F103C6_DRIVERS/MCAL/GPIO/STM32F103C6_GPIO_DRIVER.o
 .group         0x0000000000000000        0xc STM32F103C6_DRIVERS/MCAL/GPIO/STM32F103C6_GPIO_DRIVER.o
 .group         0x0000000000000000        0xc STM32F103C6_DRIVERS/MCAL/GPIO/STM32F103C6_GPIO_DRIVER.o
 .group         0x0000000000000000        0xc STM32F103C6_DRIVERS/MCAL/GPIO/STM32F103C6_GPIO_DRIVER.o
 .group         0x0000000000000000        0xc STM32F103C6_DRIVERS/MCAL/GPIO/STM32F103C6_GPIO_DRIVER.o
 .group         0x0000000000000000        0xc STM32F103C6_DRIVERS/MCAL/GPIO/STM32F103C6_GPIO_DRIVER.o
 .group         0x0000000000000000        0xc STM32F103C6_DRIVERS/MCAL/GPIO/STM32F103C6_GPIO_DRIVER.o
 .group         0x0000000000000000        0xc STM32F103C6_DRIVERS/MCAL/GPIO/STM32F103C6_GPIO_DRIVER.o
 .group         0x0000000000000000        0xc STM32F103C6_DRIVERS/MCAL/GPIO/STM32F103C6_GPIO_DRIVER.o
 .group         0x0000000000000000        0xc STM32F103C6_DRIVERS/MCAL/GPIO/STM32F103C6_GPIO_DRIVER.o
 .group         0x0000000000000000        0xc STM32F103C6_DRIVERS/MCAL/GPIO/STM32F103C6_GPIO_DRIVER.o
 .group         0x0000000000000000        0xc STM32F103C6_DRIVERS/MCAL/GPIO/STM32F103C6_GPIO_DRIVER.o
 .group         0x0000000000000000        0xc STM32F103C6_DRIVERS/MCAL/GPIO/STM32F103C6_GPIO_DRIVER.o
 .text          0x0000000000000000        0x0 STM32F103C6_DRIVERS/MCAL/GPIO/STM32F103C6_GPIO_DRIVER.o
 .data          0x0000000000000000        0x0 STM32F103C6_DRIVERS/MCAL/GPIO/STM32F103C6_GPIO_DRIVER.o
 .bss           0x0000000000000000        0x0 STM32F103C6_DRIVERS/MCAL/GPIO/STM32F103C6_GPIO_DRIVER.o
 .text.MCAL_GPIO_DeInit
                0x0000000000000000       0xd4 STM32F103C6_DRIVERS/MCAL/GPIO/STM32F103C6_GPIO_DRIVER.o
 .text.MCAL_GPIO_ReadPin
                0x0000000000000000       0x28 STM32F103C6_DRIVERS/MCAL/GPIO/STM32F103C6_GPIO_DRIVER.o
 .text.MCAL_GPIO_ReadPort
                0x0000000000000000       0x18 STM32F103C6_DRIVERS/MCAL/GPIO/STM32F103C6_GPIO_DRIVER.o
 .text.MCAL_GPIO_WritePin
                0x0000000000000000       0x34 STM32F103C6_DRIVERS/MCAL/GPIO/STM32F103C6_GPIO_DRIVER.o
 .text.MCAL_GPIO_WritePort
                0x0000000000000000       0x1c STM32F103C6_DRIVERS/MCAL/GPIO/STM32F103C6_GPIO_DRIVER.o
 .text.MCAL_GPIO_TogglePin
                0x0000000000000000       0x22 STM32F103C6_DRIVERS/MCAL/GPIO/STM32F103C6_GPIO_DRIVER.o
 .text.MCAL_GPIO_LockPin
                0x0000000000000000       0x4e STM32F103C6_DRIVERS/MCAL/GPIO/STM32F103C6_GPIO_DRIVER.o
 .debug_macro   0x0000000000000000      0xa60 STM32F103C6_DRIVERS/MCAL/GPIO/STM32F103C6_GPIO_DRIVER.o
 .debug_macro   0x0000000000000000       0x18 STM32F103C6_DRIVERS/MCAL/GPIO/STM32F103C6_GPIO_DRIVER.o
 .debug_macro   0x0000000000000000       0x22 STM32F103C6_DRIVERS/MCAL/GPIO/STM32F103C6_GPIO_DRIVER.o
 .debug_macro   0x0000000000000000       0x40 STM32F103C6_DRIVERS/MCAL/GPIO/STM32F103C6_GPIO_DRIVER.o
 .debug_macro   0x0000000000000000       0x94 STM32F103C6_DRIVERS/MCAL/GPIO/STM32F103C6_GPIO_DRIVER.o
 .debug_macro   0x0000000000000000       0x3c STM32F103C6_DRIVERS/MCAL/GPIO/STM32F103C6_GPIO_DRIVER.o
 .debug_macro   0x0000000000000000       0x34 STM32F103C6_DRIVERS/MCAL/GPIO/STM32F103C6_GPIO_DRIVER.o
 .debug_macro   0x0000000000000000       0x16 STM32F103C6_DRIVERS/MCAL/GPIO/STM32F103C6_GPIO_DRIVER.o
 .debug_macro   0x0000000000000000      0x10e STM32F103C6_DRIVERS/MCAL/GPIO/STM32F103C6_GPIO_DRIVER.o
 .debug_macro   0x0000000000000000       0x8d STM32F103C6_DRIVERS/MCAL/GPIO/STM32F103C6_GPIO_DRIVER.o
 .debug_macro   0x0000000000000000       0x57 STM32F103C6_DRIVERS/MCAL/GPIO/STM32F103C6_GPIO_DRIVER.o
 .debug_macro   0x0000000000000000       0x52 STM32F103C6_DRIVERS/MCAL/GPIO/STM32F103C6_GPIO_DRIVER.o
 .debug_macro   0x0000000000000000       0x1f STM32F103C6_DRIVERS/MCAL/GPIO/STM32F103C6_GPIO_DRIVER.o
 .debug_macro   0x0000000000000000       0x43 STM32F103C6_DRIVERS/MCAL/GPIO/STM32F103C6_GPIO_DRIVER.o
 .debug_macro   0x0000000000000000       0x20 STM32F103C6_DRIVERS/MCAL/GPIO/STM32F103C6_GPIO_DRIVER.o
 .debug_macro   0x0000000000000000      0x1a3 STM32F103C6_DRIVERS/MCAL/GPIO/STM32F103C6_GPIO_DRIVER.o
 .debug_macro   0x0000000000000000      0x330 STM32F103C6_DRIVERS/MCAL/GPIO/STM32F103C6_GPIO_DRIVER.o
 .debug_macro   0x0000000000000000       0x16 STM32F103C6_DRIVERS/MCAL/GPIO/STM32F103C6_GPIO_DRIVER.o
 .debug_macro   0x0000000000000000       0x29 STM32F103C6_DRIVERS/MCAL/GPIO/STM32F103C6_GPIO_DRIVER.o
 .debug_macro   0x0000000000000000       0xef STM32F103C6_DRIVERS/MCAL/GPIO/STM32F103C6_GPIO_DRIVER.o
 .debug_macro   0x0000000000000000       0x6a STM32F103C6_DRIVERS/MCAL/GPIO/STM32F103C6_GPIO_DRIVER.o
 .debug_macro   0x0000000000000000      0x1df STM32F103C6_DRIVERS/MCAL/GPIO/STM32F103C6_GPIO_DRIVER.o
 .debug_macro   0x0000000000000000      0x720 STM32F103C6_DRIVERS/MCAL/GPIO/STM32F103C6_GPIO_DRIVER.o
 .group         0x0000000000000000        0xc STM32F103C6_DRIVERS/MCAL/I2C/STM32F103C6_I2C_DRIVER.o
 .group         0x0000000000000000        0xc STM32F103C6_DRIVERS/MCAL/I2C/STM32F103C6_I2C_DRIVER.o
 .group         0x0000000000000000        0xc STM32F103C6_DRIVERS/MCAL/I2C/STM32F103C6_I2C_DRIVER.o
 .group         0x0000000000000000        0xc STM32F103C6_DRIVERS/MCAL/I2C/STM32F103C6_I2C_DRIVER.o
 .group         0x0000000000000000        0xc STM32F103C6_DRIVERS/MCAL/I2C/STM32F103C6_I2C_DRIVER.o
 .group         0x0000000000000000        0xc STM32F103C6_DRIVERS/MCAL/I2C/STM32F103C6_I2C_DRIVER.o
 .group         0x0000000000000000        0xc STM32F103C6_DRIVERS/MCAL/I2C/STM32F103C6_I2C_DRIVER.o
 .group         0x0000000000000000        0xc STM32F103C6_DRIVERS/MCAL/I2C/STM32F103C6_I2C_DRIVER.o
 .group         0x0000000000000000        0xc STM32F103C6_DRIVERS/MCAL/I2C/STM32F103C6_I2C_DRIVER.o
 .group         0x0000000000000000        0xc STM32F103C6_DRIVERS/MCAL/I2C/STM32F103C6_I2C_DRIVER.o
 .group         0x0000000000000000        0xc STM32F103C6_DRIVERS/MCAL/I2C/STM32F103C6_I2C_DRIVER.o
 .group         0x0000000000000000        0xc STM32F103C6_DRIVERS/MCAL/I2C/STM32F103C6_I2C_DRIVER.o
 .group         0x0000000000000000        0xc STM32F103C6_DRIVERS/MCAL/I2C/STM32F103C6_I2C_DRIVER.o
 .group         0x0000000000000000        0xc STM32F103C6_DRIVERS/MCAL/I2C/STM32F103C6_I2C_DRIVER.o
 .group         0x0000000000000000        0xc STM32F103C6_DRIVERS/MCAL/I2C/STM32F103C6_I2C_DRIVER.o
 .group         0x0000000000000000        0xc STM32F103C6_DRIVERS/MCAL/I2C/STM32F103C6_I2C_DRIVER.o
 .group         0x0000000000000000        0xc STM32F103C6_DRIVERS/MCAL/I2C/STM32F103C6_I2C_DRIVER.o
 .group         0x0000000000000000        0xc STM32F103C6_DRIVERS/MCAL/I2C/STM32F103C6_I2C_DRIVER.o
 .group         0x0000000000000000        0xc STM32F103C6_DRIVERS/MCAL/I2C/STM32F103C6_I2C_DRIVER.o
 .group         0x0000000000000000        0xc STM32F103C6_DRIVERS/MCAL/I2C/STM32F103C6_I2C_DRIVER.o
 .group         0x0000000000000000        0xc STM32F103C6_DRIVERS/MCAL/I2C/STM32F103C6_I2C_DRIVER.o
 .group         0x0000000000000000        0xc STM32F103C6_DRIVERS/MCAL/I2C/STM32F103C6_I2C_DRIVER.o
 .group         0x0000000000000000        0xc STM32F103C6_DRIVERS/MCAL/I2C/STM32F103C6_I2C_DRIVER.o
 .group         0x0000000000000000        0xc STM32F103C6_DRIVERS/MCAL/I2C/STM32F103C6_I2C_DRIVER.o
 .group         0x0000000000000000        0xc STM32F103C6_DRIVERS/MCAL/I2C/STM32F103C6_I2C_DRIVER.o
 .group         0x0000000000000000        0xc STM32F103C6_DRIVERS/MCAL/I2C/STM32F103C6_I2C_DRIVER.o
 .text          0x0000000000000000        0x0 STM32F103C6_DRIVERS/MCAL/I2C/STM32F103C6_I2C_DRIVER.o
 .data          0x0000000000000000        0x0 STM32F103C6_DRIVERS/MCAL/I2C/STM32F103C6_I2C_DRIVER.o
 .bss           0x0000000000000000        0x0 STM32F103C6_DRIVERS/MCAL/I2C/STM32F103C6_I2C_DRIVER.o
 .text.I2C_Generate_Start_Condition
                0x0000000000000000       0x54 STM32F103C6_DRIVERS/MCAL/I2C/STM32F103C6_I2C_DRIVER.o
 .text.I2C_Get_Flag_Status
                0x0000000000000000       0xfc STM32F103C6_DRIVERS/MCAL/I2C/STM32F103C6_I2C_DRIVER.o
 .text.I2C_Send_Address
                0x0000000000000000       0x80 STM32F103C6_DRIVERS/MCAL/I2C/STM32F103C6_I2C_DRIVER.o
 .text.I2C_Generate_Stop_Condition
                0x0000000000000000       0x3c STM32F103C6_DRIVERS/MCAL/I2C/STM32F103C6_I2C_DRIVER.o
 .text.I2C_Acknowledge_Config
                0x0000000000000000       0x3c STM32F103C6_DRIVERS/MCAL/I2C/STM32F103C6_I2C_DRIVER.o
 .text.MCAL_I2C_DeInit
                0x0000000000000000       0x80 STM32F103C6_DRIVERS/MCAL/I2C/STM32F103C6_I2C_DRIVER.o
 .text.MCAL_I2C_Master_Tx
                0x0000000000000000       0xac STM32F103C6_DRIVERS/MCAL/I2C/STM32F103C6_I2C_DRIVER.o
 .text.MCAL_I2C_Master_Rx
                0x0000000000000000       0xec STM32F103C6_DRIVERS/MCAL/I2C/STM32F103C6_I2C_DRIVER.o
 .text.MCAL_I2C_Slave_Tx
                0x0000000000000000       0x1c STM32F103C6_DRIVERS/MCAL/I2C/STM32F103C6_I2C_DRIVER.o
 .text.MCAL_I2C_Slave_Rx
                0x0000000000000000       0x18 STM32F103C6_DRIVERS/MCAL/I2C/STM32F103C6_I2C_DRIVER.o
 .debug_macro   0x0000000000000000      0xa60 STM32F103C6_DRIVERS/MCAL/I2C/STM32F103C6_I2C_DRIVER.o
 .debug_macro   0x0000000000000000       0x18 STM32F103C6_DRIVERS/MCAL/I2C/STM32F103C6_I2C_DRIVER.o
 .debug_macro   0x0000000000000000       0x22 STM32F103C6_DRIVERS/MCAL/I2C/STM32F103C6_I2C_DRIVER.o
 .debug_macro   0x0000000000000000       0x40 STM32F103C6_DRIVERS/MCAL/I2C/STM32F103C6_I2C_DRIVER.o
 .debug_macro   0x0000000000000000       0x94 STM32F103C6_DRIVERS/MCAL/I2C/STM32F103C6_I2C_DRIVER.o
 .debug_macro   0x0000000000000000       0x3c STM32F103C6_DRIVERS/MCAL/I2C/STM32F103C6_I2C_DRIVER.o
 .debug_macro   0x0000000000000000       0x34 STM32F103C6_DRIVERS/MCAL/I2C/STM32F103C6_I2C_DRIVER.o
 .debug_macro   0x0000000000000000       0x16 STM32F103C6_DRIVERS/MCAL/I2C/STM32F103C6_I2C_DRIVER.o
 .debug_macro   0x0000000000000000      0x10e STM32F103C6_DRIVERS/MCAL/I2C/STM32F103C6_I2C_DRIVER.o
 .debug_macro   0x0000000000000000       0x8d STM32F103C6_DRIVERS/MCAL/I2C/STM32F103C6_I2C_DRIVER.o
 .debug_macro   0x0000000000000000       0x57 STM32F103C6_DRIVERS/MCAL/I2C/STM32F103C6_I2C_DRIVER.o
 .debug_macro   0x0000000000000000       0x52 STM32F103C6_DRIVERS/MCAL/I2C/STM32F103C6_I2C_DRIVER.o
 .debug_macro   0x0000000000000000       0x1f STM32F103C6_DRIVERS/MCAL/I2C/STM32F103C6_I2C_DRIVER.o
 .debug_macro   0x0000000000000000       0x43 STM32F103C6_DRIVERS/MCAL/I2C/STM32F103C6_I2C_DRIVER.o
 .debug_macro   0x0000000000000000       0x20 STM32F103C6_DRIVERS/MCAL/I2C/STM32F103C6_I2C_DRIVER.o
 .debug_macro   0x0000000000000000      0x1a3 STM32F103C6_DRIVERS/MCAL/I2C/STM32F103C6_I2C_DRIVER.o
 .debug_macro   0x0000000000000000      0x330 STM32F103C6_DRIVERS/MCAL/I2C/STM32F103C6_I2C_DRIVER.o
 .debug_macro   0x0000000000000000       0x16 STM32F103C6_DRIVERS/MCAL/I2C/STM32F103C6_I2C_DRIVER.o
 .debug_macro   0x0000000000000000       0x29 STM32F103C6_DRIVERS/MCAL/I2C/STM32F103C6_I2C_DRIVER.o
 .debug_macro   0x0000000000000000       0xef STM32F103C6_DRIVERS/MCAL/I2C/STM32F103C6_I2C_DRIVER.o
 .debug_macro   0x0000000000000000       0x6a STM32F103C6_DRIVERS/MCAL/I2C/STM32F103C6_I2C_DRIVER.o
 .debug_macro   0x0000000000000000      0x1df STM32F103C6_DRIVERS/MCAL/I2C/STM32F103C6_I2C_DRIVER.o
 .debug_macro   0x0000000000000000      0x720 STM32F103C6_DRIVERS/MCAL/I2C/STM32F103C6_I2C_DRIVER.o
 .debug_macro   0x0000000000000000       0xdc STM32F103C6_DRIVERS/MCAL/I2C/STM32F103C6_I2C_DRIVER.o
 .debug_macro   0x0000000000000000       0x16 STM32F103C6_DRIVERS/MCAL/I2C/STM32F103C6_I2C_DRIVER.o
 .debug_macro   0x0000000000000000       0x83 STM32F103C6_DRIVERS/MCAL/I2C/STM32F103C6_I2C_DRIVER.o
 .group         0x0000000000000000        0xc STM32F103C6_DRIVERS/MCAL/RCC/STM32F103C6_RCC_DRIVER.o
 .group         0x0000000000000000        0xc STM32F103C6_DRIVERS/MCAL/RCC/STM32F103C6_RCC_DRIVER.o
 .group         0x0000000000000000        0xc STM32F103C6_DRIVERS/MCAL/RCC/STM32F103C6_RCC_DRIVER.o
 .group         0x0000000000000000        0xc STM32F103C6_DRIVERS/MCAL/RCC/STM32F103C6_RCC_DRIVER.o
 .group         0x0000000000000000        0xc STM32F103C6_DRIVERS/MCAL/RCC/STM32F103C6_RCC_DRIVER.o
 .group         0x0000000000000000        0xc STM32F103C6_DRIVERS/MCAL/RCC/STM32F103C6_RCC_DRIVER.o
 .group         0x0000000000000000        0xc STM32F103C6_DRIVERS/MCAL/RCC/STM32F103C6_RCC_DRIVER.o
 .group         0x0000000000000000        0xc STM32F103C6_DRIVERS/MCAL/RCC/STM32F103C6_RCC_DRIVER.o
 .group         0x0000000000000000        0xc STM32F103C6_DRIVERS/MCAL/RCC/STM32F103C6_RCC_DRIVER.o
 .group         0x0000000000000000        0xc STM32F103C6_DRIVERS/MCAL/RCC/STM32F103C6_RCC_DRIVER.o
 .group         0x0000000000000000        0xc STM32F103C6_DRIVERS/MCAL/RCC/STM32F103C6_RCC_DRIVER.o
 .group         0x0000000000000000        0xc STM32F103C6_DRIVERS/MCAL/RCC/STM32F103C6_RCC_DRIVER.o
 .group         0x0000000000000000        0xc STM32F103C6_DRIVERS/MCAL/RCC/STM32F103C6_RCC_DRIVER.o
 .group         0x0000000000000000        0xc STM32F103C6_DRIVERS/MCAL/RCC/STM32F103C6_RCC_DRIVER.o
 .group         0x0000000000000000        0xc STM32F103C6_DRIVERS/MCAL/RCC/STM32F103C6_RCC_DRIVER.o
 .group         0x0000000000000000        0xc STM32F103C6_DRIVERS/MCAL/RCC/STM32F103C6_RCC_DRIVER.o
 .group         0x0000000000000000        0xc STM32F103C6_DRIVERS/MCAL/RCC/STM32F103C6_RCC_DRIVER.o
 .group         0x0000000000000000        0xc STM32F103C6_DRIVERS/MCAL/RCC/STM32F103C6_RCC_DRIVER.o
 .group         0x0000000000000000        0xc STM32F103C6_DRIVERS/MCAL/RCC/STM32F103C6_RCC_DRIVER.o
 .group         0x0000000000000000        0xc STM32F103C6_DRIVERS/MCAL/RCC/STM32F103C6_RCC_DRIVER.o
 .group         0x0000000000000000        0xc STM32F103C6_DRIVERS/MCAL/RCC/STM32F103C6_RCC_DRIVER.o
 .group         0x0000000000000000        0xc STM32F103C6_DRIVERS/MCAL/RCC/STM32F103C6_RCC_DRIVER.o
 .group         0x0000000000000000        0xc STM32F103C6_DRIVERS/MCAL/RCC/STM32F103C6_RCC_DRIVER.o
 .group         0x0000000000000000        0xc STM32F103C6_DRIVERS/MCAL/RCC/STM32F103C6_RCC_DRIVER.o
 .group         0x0000000000000000        0xc STM32F103C6_DRIVERS/MCAL/RCC/STM32F103C6_RCC_DRIVER.o
 .text          0x0000000000000000        0x0 STM32F103C6_DRIVERS/MCAL/RCC/STM32F103C6_RCC_DRIVER.o
 .data          0x0000000000000000        0x0 STM32F103C6_DRIVERS/MCAL/RCC/STM32F103C6_RCC_DRIVER.o
 .bss           0x0000000000000000        0x0 STM32F103C6_DRIVERS/MCAL/RCC/STM32F103C6_RCC_DRIVER.o
 .text.MCAL_RCC_GetPCLK2Freq
                0x0000000000000000       0x28 STM32F103C6_DRIVERS/MCAL/RCC/STM32F103C6_RCC_DRIVER.o
 .debug_macro   0x0000000000000000      0xa60 STM32F103C6_DRIVERS/MCAL/RCC/STM32F103C6_RCC_DRIVER.o
 .debug_macro   0x0000000000000000       0x18 STM32F103C6_DRIVERS/MCAL/RCC/STM32F103C6_RCC_DRIVER.o
 .debug_macro   0x0000000000000000       0x22 STM32F103C6_DRIVERS/MCAL/RCC/STM32F103C6_RCC_DRIVER.o
 .debug_macro   0x0000000000000000       0x40 STM32F103C6_DRIVERS/MCAL/RCC/STM32F103C6_RCC_DRIVER.o
 .debug_macro   0x0000000000000000       0x94 STM32F103C6_DRIVERS/MCAL/RCC/STM32F103C6_RCC_DRIVER.o
 .debug_macro   0x0000000000000000       0x3c STM32F103C6_DRIVERS/MCAL/RCC/STM32F103C6_RCC_DRIVER.o
 .debug_macro   0x0000000000000000       0x34 STM32F103C6_DRIVERS/MCAL/RCC/STM32F103C6_RCC_DRIVER.o
 .debug_macro   0x0000000000000000       0x16 STM32F103C6_DRIVERS/MCAL/RCC/STM32F103C6_RCC_DRIVER.o
 .debug_macro   0x0000000000000000      0x10e STM32F103C6_DRIVERS/MCAL/RCC/STM32F103C6_RCC_DRIVER.o
 .debug_macro   0x0000000000000000       0x8d STM32F103C6_DRIVERS/MCAL/RCC/STM32F103C6_RCC_DRIVER.o
 .debug_macro   0x0000000000000000       0x57 STM32F103C6_DRIVERS/MCAL/RCC/STM32F103C6_RCC_DRIVER.o
 .debug_macro   0x0000000000000000       0x52 STM32F103C6_DRIVERS/MCAL/RCC/STM32F103C6_RCC_DRIVER.o
 .debug_macro   0x0000000000000000       0x1f STM32F103C6_DRIVERS/MCAL/RCC/STM32F103C6_RCC_DRIVER.o
 .debug_macro   0x0000000000000000       0x43 STM32F103C6_DRIVERS/MCAL/RCC/STM32F103C6_RCC_DRIVER.o
 .debug_macro   0x0000000000000000       0x20 STM32F103C6_DRIVERS/MCAL/RCC/STM32F103C6_RCC_DRIVER.o
 .debug_macro   0x0000000000000000      0x1a3 STM32F103C6_DRIVERS/MCAL/RCC/STM32F103C6_RCC_DRIVER.o
 .debug_macro   0x0000000000000000      0x330 STM32F103C6_DRIVERS/MCAL/RCC/STM32F103C6_RCC_DRIVER.o
 .debug_macro   0x0000000000000000       0x16 STM32F103C6_DRIVERS/MCAL/RCC/STM32F103C6_RCC_DRIVER.o
 .debug_macro   0x0000000000000000       0x29 STM32F103C6_DRIVERS/MCAL/RCC/STM32F103C6_RCC_DRIVER.o
 .debug_macro   0x0000000000000000       0xef STM32F103C6_DRIVERS/MCAL/RCC/STM32F103C6_RCC_DRIVER.o
 .debug_macro   0x0000000000000000       0x6a STM32F103C6_DRIVERS/MCAL/RCC/STM32F103C6_RCC_DRIVER.o
 .debug_macro   0x0000000000000000      0x1df STM32F103C6_DRIVERS/MCAL/RCC/STM32F103C6_RCC_DRIVER.o
 .debug_macro   0x0000000000000000      0x720 STM32F103C6_DRIVERS/MCAL/RCC/STM32F103C6_RCC_DRIVER.o
 .debug_macro   0x0000000000000000       0xdc STM32F103C6_DRIVERS/MCAL/RCC/STM32F103C6_RCC_DRIVER.o
 .group         0x0000000000000000        0xc STM32F103C6_DRIVERS/MCAL/USART/STM32F103C6_USART_DRIVER.o
 .group         0x0000000000000000        0xc STM32F103C6_DRIVERS/MCAL/USART/STM32F103C6_USART_DRIVER.o
 .group         0x0000000000000000        0xc STM32F103C6_DRIVERS/MCAL/USART/STM32F103C6_USART_DRIVER.o
 .group         0x0000000000000000        0xc STM32F103C6_DRIVERS/MCAL/USART/STM32F103C6_USART_DRIVER.o
 .group         0x0000000000000000        0xc STM32F103C6_DRIVERS/MCAL/USART/STM32F103C6_USART_DRIVER.o
 .group         0x0000000000000000        0xc STM32F103C6_DRIVERS/MCAL/USART/STM32F103C6_USART_DRIVER.o
 .group         0x0000000000000000        0xc STM32F103C6_DRIVERS/MCAL/USART/STM32F103C6_USART_DRIVER.o
 .group         0x0000000000000000        0xc STM32F103C6_DRIVERS/MCAL/USART/STM32F103C6_USART_DRIVER.o
 .group         0x0000000000000000        0xc STM32F103C6_DRIVERS/MCAL/USART/STM32F103C6_USART_DRIVER.o
 .group         0x0000000000000000        0xc STM32F103C6_DRIVERS/MCAL/USART/STM32F103C6_USART_DRIVER.o
 .group         0x0000000000000000        0xc STM32F103C6_DRIVERS/MCAL/USART/STM32F103C6_USART_DRIVER.o
 .group         0x0000000000000000        0xc STM32F103C6_DRIVERS/MCAL/USART/STM32F103C6_USART_DRIVER.o
 .group         0x0000000000000000        0xc STM32F103C6_DRIVERS/MCAL/USART/STM32F103C6_USART_DRIVER.o
 .group         0x0000000000000000        0xc STM32F103C6_DRIVERS/MCAL/USART/STM32F103C6_USART_DRIVER.o
 .group         0x0000000000000000        0xc STM32F103C6_DRIVERS/MCAL/USART/STM32F103C6_USART_DRIVER.o
 .group         0x0000000000000000        0xc STM32F103C6_DRIVERS/MCAL/USART/STM32F103C6_USART_DRIVER.o
 .group         0x0000000000000000        0xc STM32F103C6_DRIVERS/MCAL/USART/STM32F103C6_USART_DRIVER.o
 .group         0x0000000000000000        0xc STM32F103C6_DRIVERS/MCAL/USART/STM32F103C6_USART_DRIVER.o
 .group         0x0000000000000000        0xc STM32F103C6_DRIVERS/MCAL/USART/STM32F103C6_USART_DRIVER.o
 .group         0x0000000000000000        0xc STM32F103C6_DRIVERS/MCAL/USART/STM32F103C6_USART_DRIVER.o
 .group         0x0000000000000000        0xc STM32F103C6_DRIVERS/MCAL/USART/STM32F103C6_USART_DRIVER.o
 .group         0x0000000000000000        0xc STM32F103C6_DRIVERS/MCAL/USART/STM32F103C6_USART_DRIVER.o
 .group         0x0000000000000000        0xc STM32F103C6_DRIVERS/MCAL/USART/STM32F103C6_USART_DRIVER.o
 .group         0x0000000000000000        0xc STM32F103C6_DRIVERS/MCAL/USART/STM32F103C6_USART_DRIVER.o
 .group         0x0000000000000000        0xc STM32F103C6_DRIVERS/MCAL/USART/STM32F103C6_USART_DRIVER.o
 .group         0x0000000000000000        0xc STM32F103C6_DRIVERS/MCAL/USART/STM32F103C6_USART_DRIVER.o
 .group         0x0000000000000000        0xc STM32F103C6_DRIVERS/MCAL/USART/STM32F103C6_USART_DRIVER.o
 .text          0x0000000000000000        0x0 STM32F103C6_DRIVERS/MCAL/USART/STM32F103C6_USART_DRIVER.o
 .data          0x0000000000000000        0x0 STM32F103C6_DRIVERS/MCAL/USART/STM32F103C6_USART_DRIVER.o
 .bss           0x0000000000000000        0x0 STM32F103C6_DRIVERS/MCAL/USART/STM32F103C6_USART_DRIVER.o
 .bss.Gl_UART_CFG
                0x0000000000000000        0x4 STM32F103C6_DRIVERS/MCAL/USART/STM32F103C6_USART_DRIVER.o
 .text.MCAL_UART_Init
                0x0000000000000000      0x1a8 STM32F103C6_DRIVERS/MCAL/USART/STM32F103C6_USART_DRIVER.o
 .text.MCAL_UART_DeInit
                0x0000000000000000       0x8c STM32F103C6_DRIVERS/MCAL/USART/STM32F103C6_USART_DRIVER.o
 .text.MCAL_UART_SendData
                0x0000000000000000       0x48 STM32F103C6_DRIVERS/MCAL/USART/STM32F103C6_USART_DRIVER.o
 .text.MCAL_UART_WAIT_TC
                0x0000000000000000       0x22 STM32F103C6_DRIVERS/MCAL/USART/STM32F103C6_USART_DRIVER.o
 .text.MCAL_UART_ReceiveData
                0x0000000000000000       0x68 STM32F103C6_DRIVERS/MCAL/USART/STM32F103C6_USART_DRIVER.o
 .text.MCAL_UART_GPIO_Set_Pins
                0x0000000000000000       0xcc STM32F103C6_DRIVERS/MCAL/USART/STM32F103C6_USART_DRIVER.o
 .debug_macro   0x0000000000000000      0xa60 STM32F103C6_DRIVERS/MCAL/USART/STM32F103C6_USART_DRIVER.o
 .debug_macro   0x0000000000000000       0x18 STM32F103C6_DRIVERS/MCAL/USART/STM32F103C6_USART_DRIVER.o
 .debug_macro   0x0000000000000000       0x22 STM32F103C6_DRIVERS/MCAL/USART/STM32F103C6_USART_DRIVER.o
 .debug_macro   0x0000000000000000       0x40 STM32F103C6_DRIVERS/MCAL/USART/STM32F103C6_USART_DRIVER.o
 .debug_macro   0x0000000000000000       0x94 STM32F103C6_DRIVERS/MCAL/USART/STM32F103C6_USART_DRIVER.o
 .debug_macro   0x0000000000000000       0x3c STM32F103C6_DRIVERS/MCAL/USART/STM32F103C6_USART_DRIVER.o
 .debug_macro   0x0000000000000000       0x34 STM32F103C6_DRIVERS/MCAL/USART/STM32F103C6_USART_DRIVER.o
 .debug_macro   0x0000000000000000       0x16 STM32F103C6_DRIVERS/MCAL/USART/STM32F103C6_USART_DRIVER.o
 .debug_macro   0x0000000000000000      0x10e STM32F103C6_DRIVERS/MCAL/USART/STM32F103C6_USART_DRIVER.o
 .debug_macro   0x0000000000000000       0x8d STM32F103C6_DRIVERS/MCAL/USART/STM32F103C6_USART_DRIVER.o
 .debug_macro   0x0000000000000000       0x57 STM32F103C6_DRIVERS/MCAL/USART/STM32F103C6_USART_DRIVER.o
 .debug_macro   0x0000000000000000       0x52 STM32F103C6_DRIVERS/MCAL/USART/STM32F103C6_USART_DRIVER.o
 .debug_macro   0x0000000000000000       0x1f STM32F103C6_DRIVERS/MCAL/USART/STM32F103C6_USART_DRIVER.o
 .debug_macro   0x0000000000000000       0x43 STM32F103C6_DRIVERS/MCAL/USART/STM32F103C6_USART_DRIVER.o
 .debug_macro   0x0000000000000000       0x20 STM32F103C6_DRIVERS/MCAL/USART/STM32F103C6_USART_DRIVER.o
 .debug_macro   0x0000000000000000      0x1a3 STM32F103C6_DRIVERS/MCAL/USART/STM32F103C6_USART_DRIVER.o
 .debug_macro   0x0000000000000000      0x330 STM32F103C6_DRIVERS/MCAL/USART/STM32F103C6_USART_DRIVER.o
 .debug_macro   0x0000000000000000       0x16 STM32F103C6_DRIVERS/MCAL/USART/STM32F103C6_USART_DRIVER.o
 .debug_macro   0x0000000000000000       0x29 STM32F103C6_DRIVERS/MCAL/USART/STM32F103C6_USART_DRIVER.o
 .debug_macro   0x0000000000000000       0xef STM32F103C6_DRIVERS/MCAL/USART/STM32F103C6_USART_DRIVER.o
 .debug_macro   0x0000000000000000       0x6a STM32F103C6_DRIVERS/MCAL/USART/STM32F103C6_USART_DRIVER.o
 .debug_macro   0x0000000000000000      0x1df STM32F103C6_DRIVERS/MCAL/USART/STM32F103C6_USART_DRIVER.o
 .debug_macro   0x0000000000000000      0x720 STM32F103C6_DRIVERS/MCAL/USART/STM32F103C6_USART_DRIVER.o
 .debug_macro   0x0000000000000000       0xdc STM32F103C6_DRIVERS/MCAL/USART/STM32F103C6_USART_DRIVER.o
 .debug_macro   0x0000000000000000       0x16 STM32F103C6_DRIVERS/MCAL/USART/STM32F103C6_USART_DRIVER.o
 .group         0x0000000000000000        0xc Src/main.o
 .group         0x0000000000000000        0xc Src/main.o
 .group         0x0000000000000000        0xc Src/main.o
 .group         0x0000000000000000        0xc Src/main.o
 .group         0x0000000000000000        0xc Src/main.o
 .group         0x0000000000000000        0xc Src/main.o
 .group         0x0000000000000000        0xc Src/main.o
 .group         0x0000000000000000        0xc Src/main.o
 .group         0x0000000000000000        0xc Src/main.o
 .group         0x0000000000000000        0xc Src/main.o
 .group         0x0000000000000000        0xc Src/main.o
 .group         0x0000000000000000        0xc Src/main.o
 .group         0x0000000000000000        0xc Src/main.o
 .group         0x0000000000000000        0xc Src/main.o
 .group         0x0000000000000000        0xc Src/main.o
 .group         0x0000000000000000        0xc Src/main.o
 .group         0x0000000000000000        0xc Src/main.o
 .group         0x0000000000000000        0xc Src/main.o
 .group         0x0000000000000000        0xc Src/main.o
 .group         0x0000000000000000        0xc Src/main.o
 .group         0x0000000000000000        0xc Src/main.o
 .group         0x0000000000000000        0xc Src/main.o
 .group         0x0000000000000000        0xc Src/main.o
 .group         0x0000000000000000        0xc Src/main.o
 .group         0x0000000000000000        0xc Src/main.o
 .group         0x0000000000000000        0xc Src/main.o
 .group         0x0000000000000000        0xc Src/main.o
 .group         0x0000000000000000        0xc Src/main.o
 .text          0x0000000000000000        0x0 Src/main.o
 .data          0x0000000000000000        0x0 Src/main.o
 .bss           0x0000000000000000        0x0 Src/main.o
 .debug_macro   0x0000000000000000      0xa60 Src/main.o
 .debug_macro   0x0000000000000000       0x18 Src/main.o
 .debug_macro   0x0000000000000000       0x22 Src/main.o
 .debug_macro   0x0000000000000000       0x40 Src/main.o
 .debug_macro   0x0000000000000000       0x94 Src/main.o
 .debug_macro   0x0000000000000000       0x3c Src/main.o
 .debug_macro   0x0000000000000000       0x34 Src/main.o
 .debug_macro   0x0000000000000000       0x16 Src/main.o
 .debug_macro   0x0000000000000000      0x10e Src/main.o
 .debug_macro   0x0000000000000000       0x8d Src/main.o
 .debug_macro   0x0000000000000000       0x57 Src/main.o
 .debug_macro   0x0000000000000000       0x52 Src/main.o
 .debug_macro   0x0000000000000000       0x1f Src/main.o
 .debug_macro   0x0000000000000000       0x43 Src/main.o
 .debug_macro   0x0000000000000000       0x20 Src/main.o
 .debug_macro   0x0000000000000000      0x1a3 Src/main.o
 .debug_macro   0x0000000000000000      0x330 Src/main.o
 .debug_macro   0x0000000000000000       0x16 Src/main.o
 .debug_macro   0x0000000000000000       0x29 Src/main.o
 .debug_macro   0x0000000000000000       0xef Src/main.o
 .debug_macro   0x0000000000000000       0x6a Src/main.o
 .debug_macro   0x0000000000000000      0x1df Src/main.o
 .debug_macro   0x0000000000000000      0x720 Src/main.o
 .debug_macro   0x0000000000000000       0xdc Src/main.o
 .debug_macro   0x0000000000000000      0x226 Src/main.o
 .debug_macro   0x0000000000000000       0x16 Src/main.o
 .group         0x0000000000000000        0xc Src/syscalls.o
 .group         0x0000000000000000        0xc Src/syscalls.o
 .group         0x0000000000000000        0xc Src/syscalls.o
 .group         0x0000000000000000        0xc Src/syscalls.o
 .group         0x0000000000000000        0xc Src/syscalls.o
 .group         0x0000000000000000        0xc Src/syscalls.o
 .group         0x0000000000000000        0xc Src/syscalls.o
 .group         0x0000000000000000        0xc Src/syscalls.o
 .group         0x0000000000000000        0xc Src/syscalls.o
 .group         0x0000000000000000        0xc Src/syscalls.o
 .group         0x0000000000000000        0xc Src/syscalls.o
 .group         0x0000000000000000        0xc Src/syscalls.o
 .group         0x0000000000000000        0xc Src/syscalls.o
 .group         0x0000000000000000        0xc Src/syscalls.o
 .group         0x0000000000000000        0xc Src/syscalls.o
 .group         0x0000000000000000        0xc Src/syscalls.o
 .group         0x0000000000000000        0xc Src/syscalls.o
 .group         0x0000000000000000        0xc Src/syscalls.o
 .group         0x0000000000000000        0xc Src/syscalls.o
 .group         0x0000000000000000        0xc Src/syscalls.o
 .group         0x0000000000000000        0xc Src/syscalls.o
 .group         0x0000000000000000        0xc Src/syscalls.o
 .group         0x0000000000000000        0xc Src/syscalls.o
 .group         0x0000000000000000        0xc Src/syscalls.o
 .group         0x0000000000000000        0xc Src/syscalls.o
 .group         0x0000000000000000        0xc Src/syscalls.o
 .group         0x0000000000000000        0xc Src/syscalls.o
 .group         0x0000000000000000        0xc Src/syscalls.o
 .group         0x0000000000000000        0xc Src/syscalls.o
 .group         0x0000000000000000        0xc Src/syscalls.o
 .group         0x0000000000000000        0xc Src/syscalls.o
 .group         0x0000000000000000        0xc Src/syscalls.o
 .group         0x0000000000000000        0xc Src/syscalls.o
 .group         0x0000000000000000        0xc Src/syscalls.o
 .group         0x0000000000000000        0xc Src/syscalls.o
 .group         0x0000000000000000        0xc Src/syscalls.o
 .group         0x0000000000000000        0xc Src/syscalls.o
 .group         0x0000000000000000        0xc Src/syscalls.o
 .group         0x0000000000000000        0xc Src/syscalls.o
 .group         0x0000000000000000        0xc Src/syscalls.o
 .group         0x0000000000000000        0xc Src/syscalls.o
 .group         0x0000000000000000        0xc Src/syscalls.o
 .group         0x0000000000000000        0xc Src/syscalls.o
 .group         0x0000000000000000        0xc Src/syscalls.o
 .text          0x0000000000000000        0x0 Src/syscalls.o
 .data          0x0000000000000000        0x0 Src/syscalls.o
 .bss           0x0000000000000000        0x0 Src/syscalls.o
 .bss.__env     0x0000000000000000        0x4 Src/syscalls.o
 .data.environ  0x0000000000000000        0x4 Src/syscalls.o
 .text.initialise_monitor_handles
                0x0000000000000000        0xc Src/syscalls.o
 .text._getpid  0x0000000000000000        0xe Src/syscalls.o
 .text._kill    0x0000000000000000       0x20 Src/syscalls.o
 .text._exit    0x0000000000000000       0x14 Src/syscalls.o
 .text._read    0x0000000000000000       0x3a Src/syscalls.o
 .text._write   0x0000000000000000       0x38 Src/syscalls.o
 .text._close   0x0000000000000000       0x16 Src/syscalls.o
 .text._fstat   0x0000000000000000       0x1e Src/syscalls.o
 .text._isatty  0x0000000000000000       0x14 Src/syscalls.o
 .text._lseek   0x0000000000000000       0x18 Src/syscalls.o
 .text._open    0x0000000000000000       0x1a Src/syscalls.o
 .text._wait    0x0000000000000000       0x1e Src/syscalls.o
 .text._unlink  0x0000000000000000       0x1e Src/syscalls.o
 .text._times   0x0000000000000000       0x16 Src/syscalls.o
 .text._stat    0x0000000000000000       0x1e Src/syscalls.o
 .text._link    0x0000000000000000       0x20 Src/syscalls.o
 .text._fork    0x0000000000000000       0x16 Src/syscalls.o
 .text._execve  0x0000000000000000       0x22 Src/syscalls.o
 .debug_info    0x0000000000000000     0x1038 Src/syscalls.o
 .debug_abbrev  0x0000000000000000      0x254 Src/syscalls.o
 .debug_loc     0x0000000000000000      0x5b8 Src/syscalls.o
 .debug_aranges
                0x0000000000000000       0xa8 Src/syscalls.o
 .debug_ranges  0x0000000000000000       0x98 Src/syscalls.o
 .debug_macro   0x0000000000000000      0x243 Src/syscalls.o
 .debug_macro   0x0000000000000000      0xa60 Src/syscalls.o
 .debug_macro   0x0000000000000000       0x22 Src/syscalls.o
 .debug_macro   0x0000000000000000       0x40 Src/syscalls.o
 .debug_macro   0x0000000000000000       0x18 Src/syscalls.o
 .debug_macro   0x0000000000000000       0x94 Src/syscalls.o
 .debug_macro   0x0000000000000000       0x3c Src/syscalls.o
 .debug_macro   0x0000000000000000       0x34 Src/syscalls.o
 .debug_macro   0x0000000000000000       0x57 Src/syscalls.o
 .debug_macro   0x0000000000000000      0x174 Src/syscalls.o
 .debug_macro   0x0000000000000000      0x330 Src/syscalls.o
 .debug_macro   0x0000000000000000       0x52 Src/syscalls.o
 .debug_macro   0x0000000000000000       0x1f Src/syscalls.o
 .debug_macro   0x0000000000000000       0x43 Src/syscalls.o
 .debug_macro   0x0000000000000000       0x20 Src/syscalls.o
 .debug_macro   0x0000000000000000      0x1a3 Src/syscalls.o
 .debug_macro   0x0000000000000000       0x10 Src/syscalls.o
 .debug_macro   0x0000000000000000       0x35 Src/syscalls.o
 .debug_macro   0x0000000000000000       0x10 Src/syscalls.o
 .debug_macro   0x0000000000000000       0x10 Src/syscalls.o
 .debug_macro   0x0000000000000000       0x10 Src/syscalls.o
 .debug_macro   0x0000000000000000       0x6a Src/syscalls.o
 .debug_macro   0x0000000000000000       0x1c Src/syscalls.o
 .debug_macro   0x0000000000000000       0x52 Src/syscalls.o
 .debug_macro   0x0000000000000000       0x40 Src/syscalls.o
 .debug_macro   0x0000000000000000       0x10 Src/syscalls.o
 .debug_macro   0x0000000000000000       0x40 Src/syscalls.o
 .debug_macro   0x0000000000000000       0xd7 Src/syscalls.o
 .debug_macro   0x0000000000000000       0x1c Src/syscalls.o
 .debug_macro   0x0000000000000000       0x3d Src/syscalls.o
 .debug_macro   0x0000000000000000       0x35 Src/syscalls.o
 .debug_macro   0x0000000000000000      0x122 Src/syscalls.o
 .debug_macro   0x0000000000000000       0x16 Src/syscalls.o
 .debug_macro   0x0000000000000000       0x16 Src/syscalls.o
 .debug_macro   0x0000000000000000       0x29 Src/syscalls.o
 .debug_macro   0x0000000000000000       0x10 Src/syscalls.o
 .debug_macro   0x0000000000000000      0x241 Src/syscalls.o
 .debug_macro   0x0000000000000000       0x1c Src/syscalls.o
 .debug_macro   0x0000000000000000       0x10 Src/syscalls.o
 .debug_macro   0x0000000000000000       0x10 Src/syscalls.o
 .debug_macro   0x0000000000000000       0x16 Src/syscalls.o
 .debug_macro   0x0000000000000000      0x145 Src/syscalls.o
 .debug_macro   0x0000000000000000      0x189 Src/syscalls.o
 .debug_macro   0x0000000000000000       0x16 Src/syscalls.o
 .debug_macro   0x0000000000000000       0x88 Src/syscalls.o
 .debug_line    0x0000000000000000      0x739 Src/syscalls.o
 .debug_str     0x0000000000000000     0x889f Src/syscalls.o
 .comment       0x0000000000000000       0x7c Src/syscalls.o
 .debug_frame   0x0000000000000000      0x2ac Src/syscalls.o
 .ARM.attributes
                0x0000000000000000       0x33 Src/syscalls.o
 .group         0x0000000000000000        0xc Src/sysmem.o
 .group         0x0000000000000000        0xc Src/sysmem.o
 .group         0x0000000000000000        0xc Src/sysmem.o
 .group         0x0000000000000000        0xc Src/sysmem.o
 .group         0x0000000000000000        0xc Src/sysmem.o
 .group         0x0000000000000000        0xc Src/sysmem.o
 .group         0x0000000000000000        0xc Src/sysmem.o
 .group         0x0000000000000000        0xc Src/sysmem.o
 .group         0x0000000000000000        0xc Src/sysmem.o
 .group         0x0000000000000000        0xc Src/sysmem.o
 .group         0x0000000000000000        0xc Src/sysmem.o
 .group         0x0000000000000000        0xc Src/sysmem.o
 .group         0x0000000000000000        0xc Src/sysmem.o
 .group         0x0000000000000000        0xc Src/sysmem.o
 .group         0x0000000000000000        0xc Src/sysmem.o
 .group         0x0000000000000000        0xc Src/sysmem.o
 .group         0x0000000000000000        0xc Src/sysmem.o
 .group         0x0000000000000000        0xc Src/sysmem.o
 .group         0x0000000000000000        0xc Src/sysmem.o
 .text          0x0000000000000000        0x0 Src/sysmem.o
 .data          0x0000000000000000        0x0 Src/sysmem.o
 .bss           0x0000000000000000        0x0 Src/sysmem.o
 .bss.__sbrk_heap_end
                0x0000000000000000        0x4 Src/sysmem.o
 .text._sbrk    0x0000000000000000       0x6c Src/sysmem.o
 .debug_info    0x0000000000000000      0xa7c Src/sysmem.o
 .debug_abbrev  0x0000000000000000      0x18e Src/sysmem.o
 .debug_loc     0x0000000000000000       0x50 Src/sysmem.o
 .debug_aranges
                0x0000000000000000       0x20 Src/sysmem.o
 .debug_ranges  0x0000000000000000       0x10 Src/sysmem.o
 .debug_macro   0x0000000000000000       0xee Src/sysmem.o
 .debug_macro   0x0000000000000000      0xa60 Src/sysmem.o
 .debug_macro   0x0000000000000000       0x10 Src/sysmem.o
 .debug_macro   0x0000000000000000       0x22 Src/sysmem.o
 .debug_macro   0x0000000000000000       0x40 Src/sysmem.o
 .debug_macro   0x0000000000000000       0x18 Src/sysmem.o
 .debug_macro   0x0000000000000000       0x94 Src/sysmem.o
 .debug_macro   0x0000000000000000       0x3c Src/sysmem.o
 .debug_macro   0x0000000000000000       0x34 Src/sysmem.o
 .debug_macro   0x0000000000000000      0x174 Src/sysmem.o
 .debug_macro   0x0000000000000000       0x57 Src/sysmem.o
 .debug_macro   0x0000000000000000       0x52 Src/sysmem.o
 .debug_macro   0x0000000000000000       0x1f Src/sysmem.o
 .debug_macro   0x0000000000000000       0x43 Src/sysmem.o
 .debug_macro   0x0000000000000000       0x20 Src/sysmem.o
 .debug_macro   0x0000000000000000      0x1a3 Src/sysmem.o
 .debug_macro   0x0000000000000000      0x23b Src/sysmem.o
 .debug_macro   0x0000000000000000       0xef Src/sysmem.o
 .debug_macro   0x0000000000000000       0x6a Src/sysmem.o
 .debug_macro   0x0000000000000000      0x1df Src/sysmem.o
 .debug_line    0x0000000000000000      0x4c2 Src/sysmem.o
 .debug_str     0x0000000000000000     0x5f6d Src/sysmem.o
 .comment       0x0000000000000000       0x7c Src/sysmem.o
 .debug_frame   0x0000000000000000       0x34 Src/sysmem.o
 .ARM.attributes
                0x0000000000000000       0x33 Src/sysmem.o
 .text          0x0000000000000000       0x14 Startup/startup_stm32f103c6tx.o
 .data          0x0000000000000000        0x0 Startup/startup_stm32f103c6tx.o
 .bss           0x0000000000000000        0x0 Startup/startup_stm32f103c6tx.o
 .text          0x0000000000000000        0x0 c:/st/stm32cubeide_1.4.0/stm32cubeide/plugins/com.st.stm32cube.ide.mcu.externaltools.gnu-tools-for-stm32.7-2018-q2-update.win32_1.4.0.202007081208/tools/bin/../lib/gcc/arm-none-eabi/7.3.1/../../../../arm-none-eabi/lib/thumb/v7-m\libc_nano.a(lib_a-errno.o)
 .data          0x0000000000000000        0x0 c:/st/stm32cubeide_1.4.0/stm32cubeide/plugins/com.st.stm32cube.ide.mcu.externaltools.gnu-tools-for-stm32.7-2018-q2-update.win32_1.4.0.202007081208/tools/bin/../lib/gcc/arm-none-eabi/7.3.1/../../../../arm-none-eabi/lib/thumb/v7-m\libc_nano.a(lib_a-errno.o)
 .bss           0x0000000000000000        0x0 c:/st/stm32cubeide_1.4.0/stm32cubeide/plugins/com.st.stm32cube.ide.mcu.externaltools.gnu-tools-for-stm32.7-2018-q2-update.win32_1.4.0.202007081208/tools/bin/../lib/gcc/arm-none-eabi/7.3.1/../../../../arm-none-eabi/lib/thumb/v7-m\libc_nano.a(lib_a-errno.o)
 .text.__errno  0x0000000000000000        0xc c:/st/stm32cubeide_1.4.0/stm32cubeide/plugins/com.st.stm32cube.ide.mcu.externaltools.gnu-tools-for-stm32.7-2018-q2-update.win32_1.4.0.202007081208/tools/bin/../lib/gcc/arm-none-eabi/7.3.1/../../../../arm-none-eabi/lib/thumb/v7-m\libc_nano.a(lib_a-errno.o)
 .debug_frame   0x0000000000000000       0x20 c:/st/stm32cubeide_1.4.0/stm32cubeide/plugins/com.st.stm32cube.ide.mcu.externaltools.gnu-tools-for-stm32.7-2018-q2-update.win32_1.4.0.202007081208/tools/bin/../lib/gcc/arm-none-eabi/7.3.1/../../../../arm-none-eabi/lib/thumb/v7-m\libc_nano.a(lib_a-errno.o)
 .ARM.attributes
                0x0000000000000000       0x2d c:/st/stm32cubeide_1.4.0/stm32cubeide/plugins/com.st.stm32cube.ide.mcu.externaltools.gnu-tools-for-stm32.7-2018-q2-update.win32_1.4.0.202007081208/tools/bin/../lib/gcc/arm-none-eabi/7.3.1/../../../../arm-none-eabi/lib/thumb/v7-m\libc_nano.a(lib_a-errno.o)
 .text          0x0000000000000000        0x0 c:/st/stm32cubeide_1.4.0/stm32cubeide/plugins/com.st.stm32cube.ide.mcu.externaltools.gnu-tools-for-stm32.7-2018-q2-update.win32_1.4.0.202007081208/tools/bin/../lib/gcc/arm-none-eabi/7.3.1/../../../../arm-none-eabi/lib/thumb/v7-m\libc_nano.a(lib_a-exit.o)
 .data          0x0000000000000000        0x0 c:/st/stm32cubeide_1.4.0/stm32cubeide/plugins/com.st.stm32cube.ide.mcu.externaltools.gnu-tools-for-stm32.7-2018-q2-update.win32_1.4.0.202007081208/tools/bin/../lib/gcc/arm-none-eabi/7.3.1/../../../../arm-none-eabi/lib/thumb/v7-m\libc_nano.a(lib_a-exit.o)
 .bss           0x0000000000000000        0x0 c:/st/stm32cubeide_1.4.0/stm32cubeide/plugins/com.st.stm32cube.ide.mcu.externaltools.gnu-tools-for-stm32.7-2018-q2-update.win32_1.4.0.202007081208/tools/bin/../lib/gcc/arm-none-eabi/7.3.1/../../../../arm-none-eabi/lib/thumb/v7-m\libc_nano.a(lib_a-exit.o)
 .text.exit     0x0000000000000000       0x28 c:/st/stm32cubeide_1.4.0/stm32cubeide/plugins/com.st.stm32cube.ide.mcu.externaltools.gnu-tools-for-stm32.7-2018-q2-update.win32_1.4.0.202007081208/tools/bin/../lib/gcc/arm-none-eabi/7.3.1/../../../../arm-none-eabi/lib/thumb/v7-m\libc_nano.a(lib_a-exit.o)
 .debug_frame   0x0000000000000000       0x28 c:/st/stm32cubeide_1.4.0/stm32cubeide/plugins/com.st.stm32cube.ide.mcu.externaltools.gnu-tools-for-stm32.7-2018-q2-update.win32_1.4.0.202007081208/tools/bin/../lib/gcc/arm-none-eabi/7.3.1/../../../../arm-none-eabi/lib/thumb/v7-m\libc_nano.a(lib_a-exit.o)
 .ARM.attributes
                0x0000000000000000       0x2d c:/st/stm32cubeide_1.4.0/stm32cubeide/plugins/com.st.stm32cube.ide.mcu.externaltools.gnu-tools-for-stm32.7-2018-q2-update.win32_1.4.0.202007081208/tools/bin/../lib/gcc/arm-none-eabi/7.3.1/../../../../arm-none-eabi/lib/thumb/v7-m\libc_nano.a(lib_a-exit.o)
 .text          0x0000000000000000        0x0 c:/st/stm32cubeide_1.4.0/stm32cubeide/plugins/com.st.stm32cube.ide.mcu.externaltools.gnu-tools-for-stm32.7-2018-q2-update.win32_1.4.0.202007081208/tools/bin/../lib/gcc/arm-none-eabi/7.3.1/../../../../arm-none-eabi/lib/thumb/v7-m\libc_nano.a(lib_a-impure.o)
 .data          0x0000000000000000        0x0 c:/st/stm32cubeide_1.4.0/stm32cubeide/plugins/com.st.stm32cube.ide.mcu.externaltools.gnu-tools-for-stm32.7-2018-q2-update.win32_1.4.0.202007081208/tools/bin/../lib/gcc/arm-none-eabi/7.3.1/../../../../arm-none-eabi/lib/thumb/v7-m\libc_nano.a(lib_a-impure.o)
 .bss           0x0000000000000000        0x0 c:/st/stm32cubeide_1.4.0/stm32cubeide/plugins/com.st.stm32cube.ide.mcu.externaltools.gnu-tools-for-stm32.7-2018-q2-update.win32_1.4.0.202007081208/tools/bin/../lib/gcc/arm-none-eabi/7.3.1/../../../../arm-none-eabi/lib/thumb/v7-m\libc_nano.a(lib_a-impure.o)
 .data._impure_ptr
                0x0000000000000000        0x4 c:/st/stm32cubeide_1.4.0/stm32cubeide/plugins/com.st.stm32cube.ide.mcu.externaltools.gnu-tools-for-stm32.7-2018-q2-update.win32_1.4.0.202007081208/tools/bin/../lib/gcc/arm-none-eabi/7.3.1/../../../../arm-none-eabi/lib/thumb/v7-m\libc_nano.a(lib_a-impure.o)
 .data.impure_data
                0x0000000000000000       0x60 c:/st/stm32cubeide_1.4.0/stm32cubeide/plugins/com.st.stm32cube.ide.mcu.externaltools.gnu-tools-for-stm32.7-2018-q2-update.win32_1.4.0.202007081208/tools/bin/../lib/gcc/arm-none-eabi/7.3.1/../../../../arm-none-eabi/lib/thumb/v7-m\libc_nano.a(lib_a-impure.o)
 .rodata._global_impure_ptr
                0x0000000000000000        0x4 c:/st/stm32cubeide_1.4.0/stm32cubeide/plugins/com.st.stm32cube.ide.mcu.externaltools.gnu-tools-for-stm32.7-2018-q2-update.win32_1.4.0.202007081208/tools/bin/../lib/gcc/arm-none-eabi/7.3.1/../../../../arm-none-eabi/lib/thumb/v7-m\libc_nano.a(lib_a-impure.o)
 .ARM.attributes
                0x0000000000000000       0x2d c:/st/stm32cubeide_1.4.0/stm32cubeide/plugins/com.st.stm32cube.ide.mcu.externaltools.gnu-tools-for-stm32.7-2018-q2-update.win32_1.4.0.202007081208/tools/bin/../lib/gcc/arm-none-eabi/7.3.1/../../../../arm-none-eabi/lib/thumb/v7-m\libc_nano.a(lib_a-impure.o)
 .text          0x0000000000000000        0x0 c:/st/stm32cubeide_1.4.0/stm32cubeide/plugins/com.st.stm32cube.ide.mcu.externaltools.gnu-tools-for-stm32.7-2018-q2-update.win32_1.4.0.202007081208/tools/bin/../lib/gcc/arm-none-eabi/7.3.1/../../../../arm-none-eabi/lib/thumb/v7-m\libc_nano.a(lib_a-init.o)
 .data          0x0000000000000000        0x0 c:/st/stm32cubeide_1.4.0/stm32cubeide/plugins/com.st.stm32cube.ide.mcu.externaltools.gnu-tools-for-stm32.7-2018-q2-update.win32_1.4.0.202007081208/tools/bin/../lib/gcc/arm-none-eabi/7.3.1/../../../../arm-none-eabi/lib/thumb/v7-m\libc_nano.a(lib_a-init.o)
 .bss           0x0000000000000000        0x0 c:/st/stm32cubeide_1.4.0/stm32cubeide/plugins/com.st.stm32cube.ide.mcu.externaltools.gnu-tools-for-stm32.7-2018-q2-update.win32_1.4.0.202007081208/tools/bin/../lib/gcc/arm-none-eabi/7.3.1/../../../../arm-none-eabi/lib/thumb/v7-m\libc_nano.a(lib_a-init.o)
 .text          0x0000000000000000        0x0 c:/st/stm32cubeide_1.4.0/stm32cubeide/plugins/com.st.stm32cube.ide.mcu.externaltools.gnu-tools-for-stm32.7-2018-q2-update.win32_1.4.0.202007081208/tools/bin/../lib/gcc/arm-none-eabi/7.3.1/../../../../arm-none-eabi/lib/thumb/v7-m\libc_nano.a(lib_a-memset.o)
 .data          0x0000000000000000        0x0 c:/st/stm32cubeide_1.4.0/stm32cubeide/plugins/com.st.stm32cube.ide.mcu.externaltools.gnu-tools-for-stm32.7-2018-q2-update.win32_1.4.0.202007081208/tools/bin/../lib/gcc/arm-none-eabi/7.3.1/../../../../arm-none-eabi/lib/thumb/v7-m\libc_nano.a(lib_a-memset.o)
 .bss           0x0000000000000000        0x0 c:/st/stm32cubeide_1.4.0/stm32cubeide/plugins/com.st.stm32cube.ide.mcu.externaltools.gnu-tools-for-stm32.7-2018-q2-update.win32_1.4.0.202007081208/tools/bin/../lib/gcc/arm-none-eabi/7.3.1/../../../../arm-none-eabi/lib/thumb/v7-m\libc_nano.a(lib_a-memset.o)
 .text.memset   0x0000000000000000       0x10 c:/st/stm32cubeide_1.4.0/stm32cubeide/plugins/com.st.stm32cube.ide.mcu.externaltools.gnu-tools-for-stm32.7-2018-q2-update.win32_1.4.0.202007081208/tools/bin/../lib/gcc/arm-none-eabi/7.3.1/../../../../arm-none-eabi/lib/thumb/v7-m\libc_nano.a(lib_a-memset.o)
 .debug_frame   0x0000000000000000       0x20 c:/st/stm32cubeide_1.4.0/stm32cubeide/plugins/com.st.stm32cube.ide.mcu.externaltools.gnu-tools-for-stm32.7-2018-q2-update.win32_1.4.0.202007081208/tools/bin/../lib/gcc/arm-none-eabi/7.3.1/../../../../arm-none-eabi/lib/thumb/v7-m\libc_nano.a(lib_a-memset.o)
 .ARM.attributes
                0x0000000000000000       0x2d c:/st/stm32cubeide_1.4.0/stm32cubeide/plugins/com.st.stm32cube.ide.mcu.externaltools.gnu-tools-for-stm32.7-2018-q2-update.win32_1.4.0.202007081208/tools/bin/../lib/gcc/arm-none-eabi/7.3.1/../../../../arm-none-eabi/lib/thumb/v7-m\libc_nano.a(lib_a-memset.o)
 .text          0x0000000000000000        0x0 c:/st/stm32cubeide_1.4.0/stm32cubeide/plugins/com.st.stm32cube.ide.mcu.externaltools.gnu-tools-for-stm32.7-2018-q2-update.win32_1.4.0.202007081208/tools/bin/../lib/gcc/arm-none-eabi/7.3.1/thumb/v7-m/crtend.o
 .data          0x0000000000000000        0x0 c:/st/stm32cubeide_1.4.0/stm32cubeide/plugins/com.st.stm32cube.ide.mcu.externaltools.gnu-tools-for-stm32.7-2018-q2-update.win32_1.4.0.202007081208/tools/bin/../lib/gcc/arm-none-eabi/7.3.1/thumb/v7-m/crtend.o
 .bss           0x0000000000000000        0x0 c:/st/stm32cubeide_1.4.0/stm32cubeide/plugins/com.st.stm32cube.ide.mcu.externaltools.gnu-tools-for-stm32.7-2018-q2-update.win32_1.4.0.202007081208/tools/bin/../lib/gcc/arm-none-eabi/7.3.1/thumb/v7-m/crtend.o
 .eh_frame      0x0000000000000000        0x4 c:/st/stm32cubeide_1.4.0/stm32cubeide/plugins/com.st.stm32cube.ide.mcu.externaltools.gnu-tools-for-stm32.7-2018-q2-update.win32_1.4.0.202007081208/tools/bin/../lib/gcc/arm-none-eabi/7.3.1/thumb/v7-m/crtend.o
 .ARM.attributes
                0x0000000000000000       0x2d c:/st/stm32cubeide_1.4.0/stm32cubeide/plugins/com.st.stm32cube.ide.mcu.externaltools.gnu-tools-for-stm32.7-2018-q2-update.win32_1.4.0.202007081208/tools/bin/../lib/gcc/arm-none-eabi/7.3.1/thumb/v7-m/crtend.o
 .text          0x0000000000000000        0x0 c:/st/stm32cubeide_1.4.0/stm32cubeide/plugins/com.st.stm32cube.ide.mcu.externaltools.gnu-tools-for-stm32.7-2018-q2-update.win32_1.4.0.202007081208/tools/bin/../lib/gcc/arm-none-eabi/7.3.1/thumb/v7-m/crtn.o
 .data          0x0000000000000000        0x0 c:/st/stm32cubeide_1.4.0/stm32cubeide/plugins/com.st.stm32cube.ide.mcu.externaltools.gnu-tools-for-stm32.7-2018-q2-update.win32_1.4.0.202007081208/tools/bin/../lib/gcc/arm-none-eabi/7.3.1/thumb/v7-m/crtn.o
 .bss           0x0000000000000000        0x0 c:/st/stm32cubeide_1.4.0/stm32cubeide/plugins/com.st.stm32cube.ide.mcu.externaltools.gnu-tools-for-stm32.7-2018-q2-update.win32_1.4.0.202007081208/tools/bin/../lib/gcc/arm-none-eabi/7.3.1/thumb/v7-m/crtn.o

Memory Configuration

Name             Origin             Length             Attributes
RAM              0x0000000020000000 0x0000000000002800 xrw
ROM              0x0000000008000000 0x0000000000008000 xr
*default*        0x0000000000000000 0xffffffffffffffff

Linker script and memory map

LOAD c:/st/stm32cubeide_1.4.0/stm32cubeide/plugins/com.st.stm32cube.ide.mcu.externaltools.gnu-tools-for-stm32.7-2018-q2-update.win32_1.4.0.202007081208/tools/bin/../lib/gcc/arm-none-eabi/7.3.1/thumb/v7-m/crti.o
LOAD c:/st/stm32cubeide_1.4.0/stm32cubeide/plugins/com.st.stm32cube.ide.mcu.externaltools.gnu-tools-for-stm32.7-2018-q2-update.win32_1.4.0.202007081208/tools/bin/../lib/gcc/arm-none-eabi/7.3.1/thumb/v7-m/crtbegin.o
LOAD c:/st/stm32cubeide_1.4.0/stm32cubeide/plugins/com.st.stm32cube.ide.mcu.externaltools.gnu-tools-for-stm32.7-2018-q2-update.win32_1.4.0.202007081208/tools/bin/../lib/gcc/arm-none-eabi/7.3.1/../../../../arm-none-eabi/lib/thumb/v7-m/crt0.o
LOAD HAL/EEPROM/I2C_SLAVE_EEPROM.o
LOAD STM32F103C6_DRIVERS/MCAL/EXTI/STM32F103C6_EXTI_DRIVER.o
LOAD STM32F103C6_DRIVERS/MCAL/GPIO/STM32F103C6_GPIO_DRIVER.o
LOAD STM32F103C6_DRIVERS/MCAL/I2C/STM32F103C6_I2C_DRIVER.o
LOAD STM32F103C6_DRIVERS/MCAL/RCC/STM32F103C6_RCC_DRIVER.o
LOAD STM32F103C6_DRIVERS/MCAL/USART/STM32F103C6_USART_DRIVER.o
LOAD Src/main.o
LOAD Src/syscalls.o
LOAD Src/sysmem.o
LOAD Startup/startup_stm32f103c6tx.o
START GROUP
LOAD c:/st/stm32cubeide_1.4.0/stm32cubeide/plugins/com.st.stm32cube.ide.mcu.externaltools.gnu-tools-for-stm32.7-2018-q2-update.win32_1.4.0.202007081208/tools/bin/../lib/gcc/arm-none-eabi/7.3.1/../../../../arm-none-eabi/lib/thumb/v7-m\libc_nano.a
LOAD c:/st/stm32cubeide_1.4.0/stm32cubeide/plugins/com.st.stm32cube.ide.mcu.externaltools.gnu-tools-for-stm32.7-2018-q2-update.win32_1.4.0.202007081208/tools/bin/../lib/gcc/arm-none-eabi/7.3.1/../../../../arm-none-eabi/lib/thumb/v7-m\libm.a
END GROUP
START GROUP
LOAD c:/st/stm32cubeide_1.4.0/stm32cubeide/plugins/com.st.stm32cube.ide.mcu.externaltools.gnu-tools-for-stm32.7-2018-q2-update.win32_1.4.0.202007081208/tools/bin/../lib/gcc/arm-none-eabi/7.3.1/thumb/v7-m\libgcc.a
LOAD c:/st/stm32cubeide_1.4.0/stm32cubeide/plugins/com.st.stm32cube.ide.mcu.externaltools.gnu-tools-for-stm32.7-2018-q2-update.win32_1.4.0.202007081208/tools/bin/../lib/gcc/arm-none-eabi/7.3.1/../../../../arm-none-eabi/lib/thumb/v7-m\libg_nano.a
LOAD c:/st/stm32cubeide_1.4.0/stm32cubeide/plugins/com.st.stm32cube.ide.mcu.externaltools.gnu-tools-for-stm32.7-2018-q2-update.win32_1.4.0.202007081208/tools/bin/../lib/gcc/arm-none-eabi/7.3.1/../../../../arm-none-eabi/lib/thumb/v7-m\libc_nano.a
END GROUP
START GROUP
LOAD c:/st/stm32cubeide_1.4.0/stm32cubeide/plugins/com.st.stm32cube.ide.mcu.externaltools.gnu-tools-for-stm32.7-2018-q2-update.win32_1.4.0.202007081208/tools/bin/../lib/gcc/arm-none-eabi/7.3.1/thumb/v7-m\libgcc.a
LOAD c:/st/stm32cubeide_1.4.0/stm32cubeide/plugins/com.st.stm32cube.ide.mcu.externaltools.gnu-tools-for-stm32.7-2018-q2-update.win32_1.4.0.202007081208/tools/bin/../lib/gcc/arm-none-eabi/7.3.1/../../../../arm-none-eabi/lib/thumb/v7-m\libc_nano.a
LOAD c:/st/stm32cubeide_1.4.0/stm32cubeide/plugins/com.st.stm32cube.ide.mcu.externaltools.gnu-tools-for-stm32.7-2018-q2-update.win32_1.4.0.202007081208/tools/bin/../lib/gcc/arm-none-eabi/7.3.1/../../../../arm-none-eabi/lib/thumb/v7-m\libnosys.a
END GROUP
START GROUP
LOAD c:/st/stm32cubeide_1.4.0/stm32cubeide/plugins/com.st.stm32cube.ide.mcu.externaltools.gnu-tools-for-stm32.7-2018-q2-update.win32_1.4.0.202007081208/tools/bin/../lib/gcc/arm-none-eabi/7.3.1/thumb/v7-m\libgcc.a
LOAD c:/st/stm32cubeide_1.4.0/stm32cubeide/plugins/com.st.stm32cube.ide.mcu.externaltools.gnu-tools-for-stm32.7-2018-q2-update.win32_1.4.0.202007081208/tools/bin/../lib/gcc/arm-none-eabi/7.3.1/../../../../arm-none-eabi/lib/thumb/v7-m\libc_nano.a
LOAD c:/st/stm32cubeide_1.4.0/stm32cubeide/plugins/com.st.stm32cube.ide.mcu.externaltools.gnu-tools-for-stm32.7-2018-q2-update.win32_1.4.0.202007081208/tools/bin/../lib/gcc/arm-none-eabi/7.3.1/../../../../arm-none-eabi/lib/thumb/v7-m\libnosys.a
END GROUP
LOAD c:/st/stm32cubeide_1.4.0/stm32cubeide/plugins/com.st.stm32cube.ide.mcu.externaltools.gnu-tools-for-stm32.7-2018-q2-update.win32_1.4.0.202007081208/tools/bin/../lib/gcc/arm-none-eabi/7.3.1/thumb/v7-m/crtend.o
LOAD c:/st/stm32cubeide_1.4.0/stm32cubeide/plugins/com.st.stm32cube.ide.mcu.externaltools.gnu-tools-for-stm32.7-2018-q2-update.win32_1.4.0.202007081208/tools/bin/../lib/gcc/arm-none-eabi/7.3.1/thumb/v7-m/crtn.o
                0x0000000020002800                _estack = (ORIGIN (RAM) + LENGTH (RAM))
                0x0000000000000200                _Min_Heap_Size = 0x200
                0x0000000000000400                _Min_Stack_Size = 0x400

.isr_vector     0x0000000008000000      0x130
                0x0000000008000000                . = ALIGN (0x4)
 *(.isr_vector)
 .isr_vector    0x0000000008000000      0x130 Startup/startup_stm32f103c6tx.o
                0x0000000008000000                g_pfnVectors
                0x0000000008000130                . = ALIGN (0x4)

.text           0x0000000008000130      0x994
                0x0000000008000130                . = ALIGN (0x4)
 *(.text)
 .text          0x0000000008000130       0x40 c:/st/stm32cubeide_1.4.0/stm32cubeide/plugins/com.st.stm32cube.ide.mcu.externaltools.gnu-tools-for-stm32.7-2018-q2-update.win32_1.4.0.202007081208/tools/bin/../lib/gcc/arm-none-eabi/7.3.1/thumb/v7-m/crtbegin.o
 *(.text*)
 .text.EEPROM_INITIALIZE
                0x0000000008000170       0x40 HAL/EEPROM/I2C_SLAVE_EEPROM.o
                0x0000000008000170                EEPROM_INITIALIZE
 .text.EEPROM_Write_NBytes
                0x00000000080001b0       0x82 HAL/EEPROM/I2C_SLAVE_EEPROM.o
                0x00000000080001b0                EEPROM_Write_NBytes
 .text.EEPROM_Read_NBytes
                0x0000000008000232       0x28 HAL/EEPROM/I2C_SLAVE_EEPROM.o
                0x0000000008000232                EEPROM_Read_NBytes
 .text.Get_PIN_Position
                0x000000000800025a       0xa6 STM32F103C6_DRIVERS/MCAL/GPIO/STM32F103C6_GPIO_DRIVER.o
                0x000000000800025a                Get_PIN_Position
 .text.MCAL_GPIO_Init
                0x0000000008000300      0x10e STM32F103C6_DRIVERS/MCAL/GPIO/STM32F103C6_GPIO_DRIVER.o
                0x0000000008000300                MCAL_GPIO_Init
 *fill*         0x000000000800040e        0x2 
 .text.Slave_States
                0x0000000008000410       0xe0 STM32F103C6_DRIVERS/MCAL/I2C/STM32F103C6_I2C_DRIVER.o
                0x0000000008000410                Slave_States
 .text.MCAL_I2C_Init
                0x00000000080004f0      0x20c STM32F103C6_DRIVERS/MCAL/I2C/STM32F103C6_I2C_DRIVER.o
                0x00000000080004f0                MCAL_I2C_Init
 .text.MCAL_GPIO_I2C_Set_Pins
                0x00000000080006fc       0x94 STM32F103C6_DRIVERS/MCAL/I2C/STM32F103C6_I2C_DRIVER.o
                0x00000000080006fc                MCAL_GPIO_I2C_Set_Pins
 .text.I2C1_EV_IRQHandler
                0x0000000008000790       0xe4 STM32F103C6_DRIVERS/MCAL/I2C/STM32F103C6_I2C_DRIVER.o
                0x0000000008000790                I2C1_EV_IRQHandler
 .text.I2C1_ER_IRQHandler
                0x0000000008000874        0xc STM32F103C6_DRIVERS/MCAL/I2C/STM32F103C6_I2C_DRIVER.o
                0x0000000008000874                I2C1_ER_IRQHandler
 .text.I2C2_EV_IRQHandler
                0x0000000008000880        0xc STM32F103C6_DRIVERS/MCAL/I2C/STM32F103C6_I2C_DRIVER.o
                0x0000000008000880                I2C2_EV_IRQHandler
 .text.I2C2_ER_IRQHandler
                0x000000000800088c        0xc STM32F103C6_DRIVERS/MCAL/I2C/STM32F103C6_I2C_DRIVER.o
                0x000000000800088c                I2C2_ER_IRQHandler
 .text.MCAL_RCC_GetSYSCLKFreq
                0x0000000008000898       0x3c STM32F103C6_DRIVERS/MCAL/RCC/STM32F103C6_RCC_DRIVER.o
                0x0000000008000898                MCAL_RCC_GetSYSCLKFreq
 .text.MCAL_RCC_GetHCLKFreq
                0x00000000080008d4       0x28 STM32F103C6_DRIVERS/MCAL/RCC/STM32F103C6_RCC_DRIVER.o
                0x00000000080008d4                MCAL_RCC_GetHCLKFreq
 .text.MCAL_RCC_GetPCLK1Freq
                0x00000000080008fc       0x28 STM32F103C6_DRIVERS/MCAL/RCC/STM32F103C6_RCC_DRIVER.o
                0x00000000080008fc                MCAL_RCC_GetPCLK1Freq
 .text.USART1_IRQHandler
                0x0000000008000924       0x14 STM32F103C6_DRIVERS/MCAL/USART/STM32F103C6_USART_DRIVER.o
                0x0000000008000924                USART1_IRQHandler
 .text.USART2_IRQHandler
                0x0000000008000938       0x14 STM32F103C6_DRIVERS/MCAL/USART/STM32F103C6_USART_DRIVER.o
                0x0000000008000938                USART2_IRQHandler
 .text.USART3_IRQHandler
                0x000000000800094c       0x14 STM32F103C6_DRIVERS/MCAL/USART/STM32F103C6_USART_DRIVER.o
                0x000000000800094c                USART3_IRQHandler
 .text.main     0x0000000008000960       0x7c Src/main.o
                0x0000000008000960                main
 .text.Clock_Init
                0x00000000080009dc       0x34 Src/main.o
                0x00000000080009dc                Clock_Init
 .text.Reset_Handler
                0x0000000008000a10       0x50 Startup/startup_stm32f103c6tx.o
                0x0000000008000a10                Reset_Handler
 .text.Default_Handler
                0x0000000008000a60        0x2 Startup/startup_stm32f103c6tx.o
                0x0000000008000a60                EXTI2_IRQHandler
                0x0000000008000a60                TIM8_TRG_COM_IRQHandler
                0x0000000008000a60                TIM8_CC_IRQHandler
                0x0000000008000a60                DebugMon_Handler
                0x0000000008000a60                TIM1_CC_IRQHandler
                0x0000000008000a60                HardFault_Handler
                0x0000000008000a60                TIM6_IRQHandler
                0x0000000008000a60                SysTick_Handler
                0x0000000008000a60                PVD_IRQHandler
                0x0000000008000a60                SDIO_IRQHandler
                0x0000000008000a60                PendSV_Handler
                0x0000000008000a60                NMI_Handler
                0x0000000008000a60                EXTI3_IRQHandler
                0x0000000008000a60                USB_HP_CAN_TX_IRQHandler
                0x0000000008000a60                EXTI0_IRQHandler
                0x0000000008000a60                UsageFault_Handler
                0x0000000008000a60                ADC1_2_IRQHandler
                0x0000000008000a60                SPI1_IRQHandler
                0x0000000008000a60                CAN_SCE_IRQHandler
                0x0000000008000a60                TAMPER_IRQHandler
                0x0000000008000a60                TIM8_UP_IRQHandler
                0x0000000008000a60                DMA2_Channel2_IRQHandler
                0x0000000008000a60                DMA1_Channel4_IRQHandler
                0x0000000008000a60                RTC_IRQHandler
                0x0000000008000a60                DMA1_Channel7_IRQHandler
                0x0000000008000a60                UART5_IRQHandler
                0x0000000008000a60                ADC3_IRQHandler
                0x0000000008000a60                TIM4_IRQHandler
                0x0000000008000a60                CAN_RX1_IRQHandler
                0x0000000008000a60                DMA2_Channel1_IRQHandler
                0x0000000008000a60                DMA1_Channel6_IRQHandler
                0x0000000008000a60                UART4_IRQHandler
                0x0000000008000a60                TIM3_IRQHandler
                0x0000000008000a60                RCC_IRQHandler
                0x0000000008000a60                TIM1_TRG_COM_IRQHandler
                0x0000000008000a60                DMA1_Channel1_IRQHandler
                0x0000000008000a60                Default_Handler
                0x0000000008000a60                EXTI15_10_IRQHandler
                0x0000000008000a60                TIM7_IRQHandler
                0x0000000008000a60                TIM5_IRQHandler
                0x0000000008000a60                EXTI9_5_IRQHandler
                0x0000000008000a60                SPI2_IRQHandler
                0x0000000008000a60                USB_LP_CAN_RX0_IRQHandler
                0x0000000008000a60                MemManage_Handler
                0x0000000008000a60                SVC_Handler
                0x0000000008000a60                DMA1_Channel5_IRQHandler
                0x0000000008000a60                EXTI4_IRQHandler
                0x0000000008000a60                DMA1_Channel3_IRQHandler
                0x0000000008000a60                FSMC_IRQHandler
                0x0000000008000a60                TIM1_UP_IRQHandler
                0x0000000008000a60                WWDG_IRQHandler
                0x0000000008000a60                TIM2_IRQHandler
                0x0000000008000a60                TIM1_BRK_IRQHandler
                0x0000000008000a60                EXTI1_IRQHandler
                0x0000000008000a60                RTCAlarm_IRQHandler
                0x0000000008000a60                DMA2_Channel4_5_IRQHandler
                0x0000000008000a60                DMA1_Channel2_IRQHandler
                0x0000000008000a60                TIM8_BRK_IRQHandler
                0x0000000008000a60                FLASH_IRQHandler
                0x0000000008000a60                BusFault_Handler
                0x0000000008000a60                SPI3_IRQHandler
                0x0000000008000a60                DMA2_Channel3_IRQHandler
 *fill*         0x0000000008000a62        0x2 
 .text.__libc_init_array
                0x0000000008000a64       0x48 c:/st/stm32cubeide_1.4.0/stm32cubeide/plugins/com.st.stm32cube.ide.mcu.externaltools.gnu-tools-for-stm32.7-2018-q2-update.win32_1.4.0.202007081208/tools/bin/../lib/gcc/arm-none-eabi/7.3.1/../../../../arm-none-eabi/lib/thumb/v7-m\libc_nano.a(lib_a-init.o)
                0x0000000008000a64                __libc_init_array
 *(.glue_7)
 .glue_7        0x0000000008000aac        0x0 linker stubs
 *(.glue_7t)
 .glue_7t       0x0000000008000aac        0x0 linker stubs
 *(.eh_frame)
 .eh_frame      0x0000000008000aac        0x0 c:/st/stm32cubeide_1.4.0/stm32cubeide/plugins/com.st.stm32cube.ide.mcu.externaltools.gnu-tools-for-stm32.7-2018-q2-update.win32_1.4.0.202007081208/tools/bin/../lib/gcc/arm-none-eabi/7.3.1/thumb/v7-m/crtbegin.o
 *(.init)
 .init          0x0000000008000aac        0x4 c:/st/stm32cubeide_1.4.0/stm32cubeide/plugins/com.st.stm32cube.ide.mcu.externaltools.gnu-tools-for-stm32.7-2018-q2-update.win32_1.4.0.202007081208/tools/bin/../lib/gcc/arm-none-eabi/7.3.1/thumb/v7-m/crti.o
                0x0000000008000aac                _init
 .init          0x0000000008000ab0        0x8 c:/st/stm32cubeide_1.4.0/stm32cubeide/plugins/com.st.stm32cube.ide.mcu.externaltools.gnu-tools-for-stm32.7-2018-q2-update.win32_1.4.0.202007081208/tools/bin/../lib/gcc/arm-none-eabi/7.3.1/thumb/v7-m/crtn.o
 *(.fini)
 .fini          0x0000000008000ab8        0x4 c:/st/stm32cubeide_1.4.0/stm32cubeide/plugins/com.st.stm32cube.ide.mcu.externaltools.gnu-tools-for-stm32.7-2018-q2-update.win32_1.4.0.202007081208/tools/bin/../lib/gcc/arm-none-eabi/7.3.1/thumb/v7-m/crti.o
                0x0000000008000ab8                _fini
 .fini          0x0000000008000abc        0x8 c:/st/stm32cubeide_1.4.0/stm32cubeide/plugins/com.st.stm32cube.ide.mcu.externaltools.gnu-tools-for-stm32.7-2018-q2-update.win32_1.4.0.202007081208/tools/bin/../lib/gcc/arm-none-eabi/7.3.1/thumb/v7-m/crtn.o
                0x0000000008000ac4                . = ALIGN (0x4)
                0x0000000008000ac4                _etext = .

.vfp11_veneer   0x0000000008000ac4        0x0
 .vfp11_veneer  0x0000000008000ac4        0x0 linker stubs

.v4_bx          0x0000000008000ac4        0x0
 .v4_bx         0x0000000008000ac4        0x0 linker stubs

.iplt           0x0000000008000ac4        0x0
 .iplt          0x0000000008000ac4        0x0 c:/st/stm32cubeide_1.4.0/stm32cubeide/plugins/com.st.stm32cube.ide.mcu.externaltools.gnu-tools-for-stm32.7-2018-q2-update.win32_1.4.0.202007081208/tools/bin/../lib/gcc/arm-none-eabi/7.3.1/thumb/v7-m/crtbegin.o

.rodata         0x0000000008000ac4       0x20
                0x0000000008000ac4                . = ALIGN (0x4)
 *(.rodata)
 .rodata        0x0000000008000ac4        0x7 Src/main.o
 *(.rodata*)
 *fill*         0x0000000008000acb        0x1 
 .rodata.APBprescaler_Table
                0x0000000008000acc        0x8 STM32F103C6_DRIVERS/MCAL/RCC/STM32F103C6_RCC_DRIVER.o
                0x0000000008000acc                APBprescaler_Table
 .rodata.AHBprescaler_Table
                0x0000000008000ad4       0x10 STM32F103C6_DRIVERS/MCAL/RCC/STM32F103C6_RCC_DRIVER.o
                0x0000000008000ad4                AHBprescaler_Table
                0x0000000008000ae4                . = ALIGN (0x4)

.rel.dyn        0x0000000008000ae4        0x0
 .rel.iplt      0x0000000008000ae4        0x0 c:/st/stm32cubeide_1.4.0/stm32cubeide/plugins/com.st.stm32cube.ide.mcu.externaltools.gnu-tools-for-stm32.7-2018-q2-update.win32_1.4.0.202007081208/tools/bin/../lib/gcc/arm-none-eabi/7.3.1/thumb/v7-m/crtbegin.o

.ARM.extab      0x0000000008000ae4        0x0
                0x0000000008000ae4                . = ALIGN (0x4)
 *(.ARM.extab* .gnu.linkonce.armextab.*)
                0x0000000008000ae4                . = ALIGN (0x4)

.ARM            0x0000000008000ae4        0x0
                0x0000000008000ae4                . = ALIGN (0x4)
                0x0000000008000ae4                __exidx_start = .
 *(.ARM.exidx*)
                0x0000000008000ae4                __exidx_end = .
                0x0000000008000ae4                . = ALIGN (0x4)

.preinit_array  0x0000000008000ae4        0x0
                0x0000000008000ae4                . = ALIGN (0x4)
                0x0000000008000ae4                PROVIDE (__preinit_array_start = .)
 *(.preinit_array*)
                0x0000000008000ae4                PROVIDE (__preinit_array_end = .)
                0x0000000008000ae4                . = ALIGN (0x4)

.init_array     0x0000000008000ae4        0x4
                0x0000000008000ae4                . = ALIGN (0x4)
                0x0000000008000ae4                PROVIDE (__init_array_start = .)
 *(SORT_BY_NAME(.init_array.*))
 *(.init_array*)
 .init_array    0x0000000008000ae4        0x4 c:/st/stm32cubeide_1.4.0/stm32cubeide/plugins/com.st.stm32cube.ide.mcu.externaltools.gnu-tools-for-stm32.7-2018-q2-update.win32_1.4.0.202007081208/tools/bin/../lib/gcc/arm-none-eabi/7.3.1/thumb/v7-m/crtbegin.o
                0x0000000008000ae8                PROVIDE (__init_array_end = .)
                0x0000000008000ae8                . = ALIGN (0x4)

.fini_array     0x0000000008000ae8        0x4
                0x0000000008000ae8                . = ALIGN (0x4)
                [!provide]                        PROVIDE (__fini_array_start = .)
 *(SORT_BY_NAME(.fini_array.*))
 *(.fini_array*)
 .fini_array    0x0000000008000ae8        0x4 c:/st/stm32cubeide_1.4.0/stm32cubeide/plugins/com.st.stm32cube.ide.mcu.externaltools.gnu-tools-for-stm32.7-2018-q2-update.win32_1.4.0.202007081208/tools/bin/../lib/gcc/arm-none-eabi/7.3.1/thumb/v7-m/crtbegin.o
                [!provide]                        PROVIDE (__fini_array_end = .)
                0x0000000008000aec                . = ALIGN (0x4)
                0x0000000008000aec                _sidata = LOADADDR (.data)

.data           0x0000000020000000        0x0 load address 0x0000000008000aec
                0x0000000020000000                . = ALIGN (0x4)
                0x0000000020000000                _sdata = .
 *(.data)
 *(.data*)
                0x0000000020000000                . = ALIGN (0x4)
                0x0000000020000000                _edata = .

.igot.plt       0x0000000020000000        0x0 load address 0x0000000008000aec
 .igot.plt      0x0000000020000000        0x0 c:/st/stm32cubeide_1.4.0/stm32cubeide/plugins/com.st.stm32cube.ide.mcu.externaltools.gnu-tools-for-stm32.7-2018-q2-update.win32_1.4.0.202007081208/tools/bin/../lib/gcc/arm-none-eabi/7.3.1/thumb/v7-m/crtbegin.o
                0x0000000020000000                . = ALIGN (0x4)

.bss            0x0000000020000000       0x60 load address 0x0000000008000aec
                0x0000000020000000                _sbss = .
                0x0000000020000000                __bss_start__ = _sbss
 *(.bss)
 .bss           0x0000000020000000       0x1c c:/st/stm32cubeide_1.4.0/stm32cubeide/plugins/com.st.stm32cube.ide.mcu.externaltools.gnu-tools-for-stm32.7-2018-q2-update.win32_1.4.0.202007081208/tools/bin/../lib/gcc/arm-none-eabi/7.3.1/thumb/v7-m/crtbegin.o
 *(.bss*)
 .bss.Gl_AUARTx_CFG
                0x000000002000001c        0xc STM32F103C6_DRIVERS/MCAL/USART/STM32F103C6_USART_DRIVER.o
                0x000000002000001c                Gl_AUARTx_CFG
 *(COMMON)
 COMMON         0x0000000020000028       0x38 STM32F103C6_DRIVERS/MCAL/I2C/STM32F103C6_I2C_DRIVER.o
                0x0000000020000028                Gl_AI2C_CFG
                0x0000000020000060                . = ALIGN (0x4)
                0x0000000020000060                _ebss = .
                0x0000000020000060                __bss_end__ = _ebss

._user_heap_stack
                0x0000000020000060      0x600 load address 0x0000000008000aec
                0x0000000020000060                . = ALIGN (0x8)
                [!provide]                        PROVIDE (end = .)
                0x0000000020000060                PROVIDE (_end = .)
                0x0000000020000260                . = (. + _Min_Heap_Size)
 *fill*         0x0000000020000060      0x200 
                0x0000000020000660                . = (. + _Min_Stack_Size)
 *fill*         0x0000000020000260      0x400 
                0x0000000020000660                . = ALIGN (0x8)

/DISCARD/
 libc.a(*)
 libm.a(*)
 libgcc.a(*)

.ARM.attributes
                0x0000000000000000       0x29
 *(.ARM.attributes)
 .ARM.attributes
                0x0000000000000000       0x1d c:/st/stm32cubeide_1.4.0/stm32cubeide/plugins/com.st.stm32cube.ide.mcu.externaltools.gnu-tools-for-stm32.7-2018-q2-update.win32_1.4.0.202007081208/tools/bin/../lib/gcc/arm-none-eabi/7.3.1/thumb/v7-m/crti.o
 .ARM.attributes
                0x000000000000001d       0x2d c:/st/stm32cubeide_1.4.0/stm32cubeide/plugins/com.st.stm32cube.ide.mcu.externaltools.gnu-tools-for-stm32.7-2018-q2-update.win32_1.4.0.202007081208/tools/bin/../lib/gcc/arm-none-eabi/7.3.1/thumb/v7-m/crtbegin.o
 .ARM.attributes
                0x000000000000004a       0x33 HAL/EEPROM/I2C_SLAVE_EEPROM.o
 .ARM.attributes
                0x000000000000007d       0x33 STM32F103C6_DRIVERS/MCAL/GPIO/STM32F103C6_GPIO_DRIVER.o
 .ARM.attributes
                0x00000000000000b0       0x33 STM32F103C6_DRIVERS/MCAL/I2C/STM32F103C6_I2C_DRIVER.o
 .ARM.attributes
                0x00000000000000e3       0x33 STM32F103C6_DRIVERS/MCAL/RCC/STM32F103C6_RCC_DRIVER.o
 .ARM.attributes
                0x0000000000000116       0x33 STM32F103C6_DRIVERS/MCAL/USART/STM32F103C6_USART_DRIVER.o
 .ARM.attributes
                0x0000000000000149       0x33 Src/main.o
 .ARM.attributes
                0x000000000000017c       0x21 Startup/startup_stm32f103c6tx.o
 .ARM.attributes
                0x000000000000019d       0x2d c:/st/stm32cubeide_1.4.0/stm32cubeide/plugins/com.st.stm32cube.ide.mcu.externaltools.gnu-tools-for-stm32.7-2018-q2-update.win32_1.4.0.202007081208/tools/bin/../lib/gcc/arm-none-eabi/7.3.1/../../../../arm-none-eabi/lib/thumb/v7-m\libc_nano.a(lib_a-init.o)
 .ARM.attributes
                0x00000000000001ca       0x1d c:/st/stm32cubeide_1.4.0/stm32cubeide/plugins/com.st.stm32cube.ide.mcu.externaltools.gnu-tools-for-stm32.7-2018-q2-update.win32_1.4.0.202007081208/tools/bin/../lib/gcc/arm-none-eabi/7.3.1/thumb/v7-m/crtn.o
OUTPUT(Lesson_7_I2C_DRIVER.elf elf32-littlearm)

.debug_info     0x0000000000000000     0x5130
 .debug_info    0x0000000000000000      0xd40 HAL/EEPROM/I2C_SLAVE_EEPROM.o
 .debug_info    0x0000000000000d40      0xd42 STM32F103C6_DRIVERS/MCAL/GPIO/STM32F103C6_GPIO_DRIVER.o
 .debug_info    0x0000000000001a82     0x12d3 STM32F103C6_DRIVERS/MCAL/I2C/STM32F103C6_I2C_DRIVER.o
 .debug_info    0x0000000000002d55      0xb09 STM32F103C6_DRIVERS/MCAL/RCC/STM32F103C6_RCC_DRIVER.o
 .debug_info    0x000000000000385e      0xe1b STM32F103C6_DRIVERS/MCAL/USART/STM32F103C6_USART_DRIVER.o
 .debug_info    0x0000000000004679      0xa95 Src/main.o
 .debug_info    0x000000000000510e       0x22 Startup/startup_stm32f103c6tx.o

.debug_abbrev   0x0000000000000000      0xc2b
 .debug_abbrev  0x0000000000000000      0x1f5 HAL/EEPROM/I2C_SLAVE_EEPROM.o
 .debug_abbrev  0x00000000000001f5      0x232 STM32F103C6_DRIVERS/MCAL/GPIO/STM32F103C6_GPIO_DRIVER.o
 .debug_abbrev  0x0000000000000427      0x2a3 STM32F103C6_DRIVERS/MCAL/I2C/STM32F103C6_I2C_DRIVER.o
 .debug_abbrev  0x00000000000006ca      0x19b STM32F103C6_DRIVERS/MCAL/RCC/STM32F103C6_RCC_DRIVER.o
 .debug_abbrev  0x0000000000000865      0x214 STM32F103C6_DRIVERS/MCAL/USART/STM32F103C6_USART_DRIVER.o
 .debug_abbrev  0x0000000000000a79      0x1a0 Src/main.o
 .debug_abbrev  0x0000000000000c19       0x12 Startup/startup_stm32f103c6tx.o

.debug_loc      0x0000000000000000      0xd92
 .debug_loc     0x0000000000000000      0x10a HAL/EEPROM/I2C_SLAVE_EEPROM.o
 .debug_loc     0x000000000000010a      0x330 STM32F103C6_DRIVERS/MCAL/GPIO/STM32F103C6_GPIO_DRIVER.o
 .debug_loc     0x000000000000043a      0x580 STM32F103C6_DRIVERS/MCAL/I2C/STM32F103C6_I2C_DRIVER.o
 .debug_loc     0x00000000000009ba       0xc8 STM32F103C6_DRIVERS/MCAL/RCC/STM32F103C6_RCC_DRIVER.o
 .debug_loc     0x0000000000000a82      0x294 STM32F103C6_DRIVERS/MCAL/USART/STM32F103C6_USART_DRIVER.o
 .debug_loc     0x0000000000000d16       0x7c Src/main.o

.debug_aranges  0x0000000000000000      0x218
 .debug_aranges
                0x0000000000000000       0x30 HAL/EEPROM/I2C_SLAVE_EEPROM.o
 .debug_aranges
                0x0000000000000030       0x60 STM32F103C6_DRIVERS/MCAL/GPIO/STM32F103C6_GPIO_DRIVER.o
 .debug_aranges
                0x0000000000000090       0xa0 STM32F103C6_DRIVERS/MCAL/I2C/STM32F103C6_I2C_DRIVER.o
 .debug_aranges
                0x0000000000000130       0x38 STM32F103C6_DRIVERS/MCAL/RCC/STM32F103C6_RCC_DRIVER.o
 .debug_aranges
                0x0000000000000168       0x60 STM32F103C6_DRIVERS/MCAL/USART/STM32F103C6_USART_DRIVER.o
 .debug_aranges
                0x00000000000001c8       0x28 Src/main.o
 .debug_aranges
                0x00000000000001f0       0x28 Startup/startup_stm32f103c6tx.o

.debug_ranges   0x0000000000000000      0x1b0
 .debug_ranges  0x0000000000000000       0x20 HAL/EEPROM/I2C_SLAVE_EEPROM.o
 .debug_ranges  0x0000000000000020       0x50 STM32F103C6_DRIVERS/MCAL/GPIO/STM32F103C6_GPIO_DRIVER.o
 .debug_ranges  0x0000000000000070       0x90 STM32F103C6_DRIVERS/MCAL/I2C/STM32F103C6_I2C_DRIVER.o
 .debug_ranges  0x0000000000000100       0x28 STM32F103C6_DRIVERS/MCAL/RCC/STM32F103C6_RCC_DRIVER.o
 .debug_ranges  0x0000000000000128       0x50 STM32F103C6_DRIVERS/MCAL/USART/STM32F103C6_USART_DRIVER.o
 .debug_ranges  0x0000000000000178       0x18 Src/main.o
 .debug_ranges  0x0000000000000190       0x20 Startup/startup_stm32f103c6tx.o

.debug_macro    0x0000000000000000     0x2c2e
 .debug_macro   0x0000000000000000      0x161 HAL/EEPROM/I2C_SLAVE_EEPROM.o
 .debug_macro   0x0000000000000161      0xa60 HAL/EEPROM/I2C_SLAVE_EEPROM.o
 .debug_macro   0x0000000000000bc1       0x18 HAL/EEPROM/I2C_SLAVE_EEPROM.o
 .debug_macro   0x0000000000000bd9       0x22 HAL/EEPROM/I2C_SLAVE_EEPROM.o
 .debug_macro   0x0000000000000bfb       0x40 HAL/EEPROM/I2C_SLAVE_EEPROM.o
 .debug_macro   0x0000000000000c3b       0x94 HAL/EEPROM/I2C_SLAVE_EEPROM.o
 .debug_macro   0x0000000000000ccf       0x3c HAL/EEPROM/I2C_SLAVE_EEPROM.o
 .debug_macro   0x0000000000000d0b       0x34 HAL/EEPROM/I2C_SLAVE_EEPROM.o
 .debug_macro   0x0000000000000d3f       0x16 HAL/EEPROM/I2C_SLAVE_EEPROM.o
 .debug_macro   0x0000000000000d55      0x10e HAL/EEPROM/I2C_SLAVE_EEPROM.o
 .debug_macro   0x0000000000000e63       0x8d HAL/EEPROM/I2C_SLAVE_EEPROM.o
 .debug_macro   0x0000000000000ef0       0x57 HAL/EEPROM/I2C_SLAVE_EEPROM.o
 .debug_macro   0x0000000000000f47       0x52 HAL/EEPROM/I2C_SLAVE_EEPROM.o
 .debug_macro   0x0000000000000f99       0x1f HAL/EEPROM/I2C_SLAVE_EEPROM.o
 .debug_macro   0x0000000000000fb8       0x43 HAL/EEPROM/I2C_SLAVE_EEPROM.o
 .debug_macro   0x0000000000000ffb       0x20 HAL/EEPROM/I2C_SLAVE_EEPROM.o
 .debug_macro   0x000000000000101b      0x1a3 HAL/EEPROM/I2C_SLAVE_EEPROM.o
 .debug_macro   0x00000000000011be      0x330 HAL/EEPROM/I2C_SLAVE_EEPROM.o
 .debug_macro   0x00000000000014ee       0x16 HAL/EEPROM/I2C_SLAVE_EEPROM.o
 .debug_macro   0x0000000000001504       0x29 HAL/EEPROM/I2C_SLAVE_EEPROM.o
 .debug_macro   0x000000000000152d       0xef HAL/EEPROM/I2C_SLAVE_EEPROM.o
 .debug_macro   0x000000000000161c       0x6a HAL/EEPROM/I2C_SLAVE_EEPROM.o
 .debug_macro   0x0000000000001686      0x1df HAL/EEPROM/I2C_SLAVE_EEPROM.o
 .debug_macro   0x0000000000001865      0x720 HAL/EEPROM/I2C_SLAVE_EEPROM.o
 .debug_macro   0x0000000000001f85       0xdc HAL/EEPROM/I2C_SLAVE_EEPROM.o
 .debug_macro   0x0000000000002061       0x16 HAL/EEPROM/I2C_SLAVE_EEPROM.o
 .debug_macro   0x0000000000002077       0x83 HAL/EEPROM/I2C_SLAVE_EEPROM.o
 .debug_macro   0x00000000000020fa      0x13f STM32F103C6_DRIVERS/MCAL/GPIO/STM32F103C6_GPIO_DRIVER.o
 .debug_macro   0x0000000000002239       0xd6 STM32F103C6_DRIVERS/MCAL/GPIO/STM32F103C6_GPIO_DRIVER.o
 .debug_macro   0x000000000000230f      0x15d STM32F103C6_DRIVERS/MCAL/I2C/STM32F103C6_I2C_DRIVER.o
 .debug_macro   0x000000000000246c      0x148 STM32F103C6_DRIVERS/MCAL/RCC/STM32F103C6_RCC_DRIVER.o
 .debug_macro   0x00000000000025b4       0x10 STM32F103C6_DRIVERS/MCAL/RCC/STM32F103C6_RCC_DRIVER.o
 .debug_macro   0x00000000000025c4      0x15a STM32F103C6_DRIVERS/MCAL/USART/STM32F103C6_USART_DRIVER.o
 .debug_macro   0x000000000000271e      0x22c STM32F103C6_DRIVERS/MCAL/USART/STM32F103C6_USART_DRIVER.o
 .debug_macro   0x000000000000294a       0xe8 STM32F103C6_DRIVERS/MCAL/USART/STM32F103C6_USART_DRIVER.o
 .debug_macro   0x0000000000002a32      0x163 Src/main.o
 .debug_macro   0x0000000000002b95       0x89 Src/main.o
 .debug_macro   0x0000000000002c1e       0x10 Src/main.o

.debug_line     0x0000000000000000     0x2f1c
 .debug_line    0x0000000000000000      0x778 HAL/EEPROM/I2C_SLAVE_EEPROM.o
 .debug_line    0x0000000000000778      0x6b0 STM32F103C6_DRIVERS/MCAL/GPIO/STM32F103C6_GPIO_DRIVER.o
 .debug_line    0x0000000000000e28      0x943 STM32F103C6_DRIVERS/MCAL/I2C/STM32F103C6_I2C_DRIVER.o
 .debug_line    0x000000000000176b      0x672 STM32F103C6_DRIVERS/MCAL/RCC/STM32F103C6_RCC_DRIVER.o
 .debug_line    0x0000000000001ddd      0x87b STM32F103C6_DRIVERS/MCAL/USART/STM32F103C6_USART_DRIVER.o
 .debug_line    0x0000000000002658      0x840 Src/main.o
 .debug_line    0x0000000000002e98       0x84 Startup/startup_stm32f103c6tx.o

.debug_str      0x0000000000000000     0xbc13
 .debug_str     0x0000000000000000     0x9bcf HAL/EEPROM/I2C_SLAVE_EEPROM.o
                                       0x9e54 (size before relaxing)
 .debug_str     0x0000000000009bcf      0x1c2 STM32F103C6_DRIVERS/MCAL/GPIO/STM32F103C6_GPIO_DRIVER.o
                                       0x9a03 (size before relaxing)
 .debug_str     0x0000000000009d91      0x2c0 STM32F103C6_DRIVERS/MCAL/I2C/STM32F103C6_I2C_DRIVER.o
                                       0xa134 (size before relaxing)
 .debug_str     0x000000000000a051       0xb7 STM32F103C6_DRIVERS/MCAL/RCC/STM32F103C6_RCC_DRIVER.o
                                       0x9975 (size before relaxing)
 .debug_str     0x000000000000a108     0x1aa7 STM32F103C6_DRIVERS/MCAL/USART/STM32F103C6_USART_DRIVER.o
                                       0xb3e9 (size before relaxing)
 .debug_str     0x000000000000bbaf       0x33 Src/main.o
                                       0xadce (size before relaxing)
 .debug_str     0x000000000000bbe2       0x31 Startup/startup_stm32f103c6tx.o
                                         0x90 (size before relaxing)

.comment        0x0000000000000000       0x7b
 .comment       0x0000000000000000       0x7b HAL/EEPROM/I2C_SLAVE_EEPROM.o
                                         0x7c (size before relaxing)
 .comment       0x000000000000007b       0x7c STM32F103C6_DRIVERS/MCAL/GPIO/STM32F103C6_GPIO_DRIVER.o
 .comment       0x000000000000007b       0x7c STM32F103C6_DRIVERS/MCAL/I2C/STM32F103C6_I2C_DRIVER.o
 .comment       0x000000000000007b       0x7c STM32F103C6_DRIVERS/MCAL/RCC/STM32F103C6_RCC_DRIVER.o
 .comment       0x000000000000007b       0x7c STM32F103C6_DRIVERS/MCAL/USART/STM32F103C6_USART_DRIVER.o
 .comment       0x000000000000007b       0x7c Src/main.o

.debug_frame    0x0000000000000000      0x6d0
 .debug_frame   0x0000000000000000       0x84 HAL/EEPROM/I2C_SLAVE_EEPROM.o
 .debug_frame   0x0000000000000084      0x178 STM32F103C6_DRIVERS/MCAL/GPIO/STM32F103C6_GPIO_DRIVER.o
 .debug_frame   0x00000000000001fc      0x288 STM32F103C6_DRIVERS/MCAL/I2C/STM32F103C6_I2C_DRIVER.o
 .debug_frame   0x0000000000000484       0x84 STM32F103C6_DRIVERS/MCAL/RCC/STM32F103C6_RCC_DRIVER.o
 .debug_frame   0x0000000000000508      0x14c STM32F103C6_DRIVERS/MCAL/USART/STM32F103C6_USART_DRIVER.o
 .debug_frame   0x0000000000000654       0x50 Src/main.o
 .debug_frame   0x00000000000006a4       0x2c c:/st/stm32cubeide_1.4.0/stm32cubeide/plugins/com.st.stm32cube.ide.mcu.externaltools.gnu-tools-for-stm32.7-2018-q2-update.win32_1.4.0.202007081208/tools/bin/../lib/gcc/arm-none-eabi/7.3.1/../../../../arm-none-eabi/lib/thumb/v7-m\libc_nano.a(lib_a-init.o)
