Archive member included to satisfy reference by file (symbol)

c:/st/stm32cubeide_1.4.0/stm32cubeide/plugins/com.st.stm32cube.ide.mcu.externaltools.gnu-tools-for-stm32.7-2018-q2-update.win32_1.4.0.202007081208/tools/bin/../lib/gcc/arm-none-eabi/7.3.1/../../../../arm-none-eabi/lib/thumb/v7-m\libc_nano.a(lib_a-errno.o)
                              Src/syscalls.o (__errno)
c:/st/stm32cubeide_1.4.0/stm32cubeide/plugins/com.st.stm32cube.ide.mcu.externaltools.gnu-tools-for-stm32.7-2018-q2-update.win32_1.4.0.202007081208/tools/bin/../lib/gcc/arm-none-eabi/7.3.1/../../../../arm-none-eabi/lib/thumb/v7-m\libc_nano.a(lib_a-exit.o)
                              c:/st/stm32cubeide_1.4.0/stm32cubeide/plugins/com.st.stm32cube.ide.mcu.externaltools.gnu-tools-for-stm32.7-2018-q2-update.win32_1.4.0.202007081208/tools/bin/../lib/gcc/arm-none-eabi/7.3.1/../../../../arm-none-eabi/lib/thumb/v7-m/crt0.o (exit)
c:/st/stm32cubeide_1.4.0/stm32cubeide/plugins/com.st.stm32cube.ide.mcu.externaltools.gnu-tools-for-stm32.7-2018-q2-update.win32_1.4.0.202007081208/tools/bin/../lib/gcc/arm-none-eabi/7.3.1/../../../../arm-none-eabi/lib/thumb/v7-m\libc_nano.a(lib_a-impure.o)
                              c:/st/stm32cubeide_1.4.0/stm32cubeide/plugins/com.st.stm32cube.ide.mcu.externaltools.gnu-tools-for-stm32.7-2018-q2-update.win32_1.4.0.202007081208/tools/bin/../lib/gcc/arm-none-eabi/7.3.1/../../../../arm-none-eabi/lib/thumb/v7-m\libc_nano.a(lib_a-exit.o) (_global_impure_ptr)
c:/st/stm32cubeide_1.4.0/stm32cubeide/plugins/com.st.stm32cube.ide.mcu.externaltools.gnu-tools-for-stm32.7-2018-q2-update.win32_1.4.0.202007081208/tools/bin/../lib/gcc/arm-none-eabi/7.3.1/../../../../arm-none-eabi/lib/thumb/v7-m\libc_nano.a(lib_a-init.o)
                              c:/st/stm32cubeide_1.4.0/stm32cubeide/plugins/com.st.stm32cube.ide.mcu.externaltools.gnu-tools-for-stm32.7-2018-q2-update.win32_1.4.0.202007081208/tools/bin/../lib/gcc/arm-none-eabi/7.3.1/../../../../arm-none-eabi/lib/thumb/v7-m/crt0.o (__libc_init_array)
c:/st/stm32cubeide_1.4.0/stm32cubeide/plugins/com.st.stm32cube.ide.mcu.externaltools.gnu-tools-for-stm32.7-2018-q2-update.win32_1.4.0.202007081208/tools/bin/../lib/gcc/arm-none-eabi/7.3.1/../../../../arm-none-eabi/lib/thumb/v7-m\libc_nano.a(lib_a-memset.o)
                              c:/st/stm32cubeide_1.4.0/stm32cubeide/plugins/com.st.stm32cube.ide.mcu.externaltools.gnu-tools-for-stm32.7-2018-q2-update.win32_1.4.0.202007081208/tools/bin/../lib/gcc/arm-none-eabi/7.3.1/../../../../arm-none-eabi/lib/thumb/v7-m/crt0.o (memset)

Allocating common symbols
Common symbol       size              file

PinCfg              0x4               STM32F103C6_DRIVERS/HAL/LCD/lcd.o

Discarded input sections

 .text          0x0000000000000000        0x0 c:/st/stm32cubeide_1.4.0/stm32cubeide/plugins/com.st.stm32cube.ide.mcu.externaltools.gnu-tools-for-stm32.7-2018-q2-update.win32_1.4.0.202007081208/tools/bin/../lib/gcc/arm-none-eabi/7.3.1/thumb/v7-m/crti.o
 .data          0x0000000000000000        0x0 c:/st/stm32cubeide_1.4.0/stm32cubeide/plugins/com.st.stm32cube.ide.mcu.externaltools.gnu-tools-for-stm32.7-2018-q2-update.win32_1.4.0.202007081208/tools/bin/../lib/gcc/arm-none-eabi/7.3.1/thumb/v7-m/crti.o
 .bss           0x0000000000000000        0x0 c:/st/stm32cubeide_1.4.0/stm32cubeide/plugins/com.st.stm32cube.ide.mcu.externaltools.gnu-tools-for-stm32.7-2018-q2-update.win32_1.4.0.202007081208/tools/bin/../lib/gcc/arm-none-eabi/7.3.1/thumb/v7-m/crti.o
 .data          0x0000000000000000        0x4 c:/st/stm32cubeide_1.4.0/stm32cubeide/plugins/com.st.stm32cube.ide.mcu.externaltools.gnu-tools-for-stm32.7-2018-q2-update.win32_1.4.0.202007081208/tools/bin/../lib/gcc/arm-none-eabi/7.3.1/thumb/v7-m/crtbegin.o
 .text          0x0000000000000000       0x74 c:/st/stm32cubeide_1.4.0/stm32cubeide/plugins/com.st.stm32cube.ide.mcu.externaltools.gnu-tools-for-stm32.7-2018-q2-update.win32_1.4.0.202007081208/tools/bin/../lib/gcc/arm-none-eabi/7.3.1/../../../../arm-none-eabi/lib/thumb/v7-m/crt0.o
 .data          0x0000000000000000        0x0 c:/st/stm32cubeide_1.4.0/stm32cubeide/plugins/com.st.stm32cube.ide.mcu.externaltools.gnu-tools-for-stm32.7-2018-q2-update.win32_1.4.0.202007081208/tools/bin/../lib/gcc/arm-none-eabi/7.3.1/../../../../arm-none-eabi/lib/thumb/v7-m/crt0.o
 .bss           0x0000000000000000        0x0 c:/st/stm32cubeide_1.4.0/stm32cubeide/plugins/com.st.stm32cube.ide.mcu.externaltools.gnu-tools-for-stm32.7-2018-q2-update.win32_1.4.0.202007081208/tools/bin/../lib/gcc/arm-none-eabi/7.3.1/../../../../arm-none-eabi/lib/thumb/v7-m/crt0.o
 .ARM.extab     0x0000000000000000        0x0 c:/st/stm32cubeide_1.4.0/stm32cubeide/plugins/com.st.stm32cube.ide.mcu.externaltools.gnu-tools-for-stm32.7-2018-q2-update.win32_1.4.0.202007081208/tools/bin/../lib/gcc/arm-none-eabi/7.3.1/../../../../arm-none-eabi/lib/thumb/v7-m/crt0.o
 .ARM.exidx     0x0000000000000000        0x8 c:/st/stm32cubeide_1.4.0/stm32cubeide/plugins/com.st.stm32cube.ide.mcu.externaltools.gnu-tools-for-stm32.7-2018-q2-update.win32_1.4.0.202007081208/tools/bin/../lib/gcc/arm-none-eabi/7.3.1/../../../../arm-none-eabi/lib/thumb/v7-m/crt0.o
 .ARM.attributes
                0x0000000000000000       0x1b c:/st/stm32cubeide_1.4.0/stm32cubeide/plugins/com.st.stm32cube.ide.mcu.externaltools.gnu-tools-for-stm32.7-2018-q2-update.win32_1.4.0.202007081208/tools/bin/../lib/gcc/arm-none-eabi/7.3.1/../../../../arm-none-eabi/lib/thumb/v7-m/crt0.o
 .group         0x0000000000000000        0xc STM32F103C6_DRIVERS/HAL/KEYPAD/keypad.o
 .group         0x0000000000000000        0xc STM32F103C6_DRIVERS/HAL/KEYPAD/keypad.o
 .group         0x0000000000000000        0xc STM32F103C6_DRIVERS/HAL/KEYPAD/keypad.o
 .group         0x0000000000000000        0xc STM32F103C6_DRIVERS/HAL/KEYPAD/keypad.o
 .group         0x0000000000000000        0xc STM32F103C6_DRIVERS/HAL/KEYPAD/keypad.o
 .group         0x0000000000000000        0xc STM32F103C6_DRIVERS/HAL/KEYPAD/keypad.o
 .group         0x0000000000000000        0xc STM32F103C6_DRIVERS/HAL/KEYPAD/keypad.o
 .group         0x0000000000000000        0xc STM32F103C6_DRIVERS/HAL/KEYPAD/keypad.o
 .group         0x0000000000000000        0xc STM32F103C6_DRIVERS/HAL/KEYPAD/keypad.o
 .group         0x0000000000000000        0xc STM32F103C6_DRIVERS/HAL/KEYPAD/keypad.o
 .group         0x0000000000000000        0xc STM32F103C6_DRIVERS/HAL/KEYPAD/keypad.o
 .group         0x0000000000000000        0xc STM32F103C6_DRIVERS/HAL/KEYPAD/keypad.o
 .group         0x0000000000000000        0xc STM32F103C6_DRIVERS/HAL/KEYPAD/keypad.o
 .group         0x0000000000000000        0xc STM32F103C6_DRIVERS/HAL/KEYPAD/keypad.o
 .group         0x0000000000000000        0xc STM32F103C6_DRIVERS/HAL/KEYPAD/keypad.o
 .group         0x0000000000000000        0xc STM32F103C6_DRIVERS/HAL/KEYPAD/keypad.o
 .group         0x0000000000000000        0xc STM32F103C6_DRIVERS/HAL/KEYPAD/keypad.o
 .group         0x0000000000000000        0xc STM32F103C6_DRIVERS/HAL/KEYPAD/keypad.o
 .group         0x0000000000000000        0xc STM32F103C6_DRIVERS/HAL/KEYPAD/keypad.o
 .group         0x0000000000000000        0xc STM32F103C6_DRIVERS/HAL/KEYPAD/keypad.o
 .group         0x0000000000000000        0xc STM32F103C6_DRIVERS/HAL/KEYPAD/keypad.o
 .group         0x0000000000000000        0xc STM32F103C6_DRIVERS/HAL/KEYPAD/keypad.o
 .group         0x0000000000000000        0xc STM32F103C6_DRIVERS/HAL/KEYPAD/keypad.o
 .group         0x0000000000000000        0xc STM32F103C6_DRIVERS/HAL/KEYPAD/keypad.o
 .group         0x0000000000000000        0xc STM32F103C6_DRIVERS/HAL/KEYPAD/keypad.o
 .group         0x0000000000000000        0xc STM32F103C6_DRIVERS/HAL/KEYPAD/keypad.o
 .text          0x0000000000000000        0x0 STM32F103C6_DRIVERS/HAL/KEYPAD/keypad.o
 .data          0x0000000000000000        0x0 STM32F103C6_DRIVERS/HAL/KEYPAD/keypad.o
 .bss           0x0000000000000000        0x0 STM32F103C6_DRIVERS/HAL/KEYPAD/keypad.o
 .group         0x0000000000000000        0xc STM32F103C6_DRIVERS/HAL/LCD/lcd.o
 .group         0x0000000000000000        0xc STM32F103C6_DRIVERS/HAL/LCD/lcd.o
 .group         0x0000000000000000        0xc STM32F103C6_DRIVERS/HAL/LCD/lcd.o
 .group         0x0000000000000000        0xc STM32F103C6_DRIVERS/HAL/LCD/lcd.o
 .group         0x0000000000000000        0xc STM32F103C6_DRIVERS/HAL/LCD/lcd.o
 .group         0x0000000000000000        0xc STM32F103C6_DRIVERS/HAL/LCD/lcd.o
 .group         0x0000000000000000        0xc STM32F103C6_DRIVERS/HAL/LCD/lcd.o
 .group         0x0000000000000000        0xc STM32F103C6_DRIVERS/HAL/LCD/lcd.o
 .group         0x0000000000000000        0xc STM32F103C6_DRIVERS/HAL/LCD/lcd.o
 .group         0x0000000000000000        0xc STM32F103C6_DRIVERS/HAL/LCD/lcd.o
 .group         0x0000000000000000        0xc STM32F103C6_DRIVERS/HAL/LCD/lcd.o
 .group         0x0000000000000000        0xc STM32F103C6_DRIVERS/HAL/LCD/lcd.o
 .group         0x0000000000000000        0xc STM32F103C6_DRIVERS/HAL/LCD/lcd.o
 .group         0x0000000000000000        0xc STM32F103C6_DRIVERS/HAL/LCD/lcd.o
 .group         0x0000000000000000        0xc STM32F103C6_DRIVERS/HAL/LCD/lcd.o
 .group         0x0000000000000000        0xc STM32F103C6_DRIVERS/HAL/LCD/lcd.o
 .group         0x0000000000000000        0xc STM32F103C6_DRIVERS/HAL/LCD/lcd.o
 .group         0x0000000000000000        0xc STM32F103C6_DRIVERS/HAL/LCD/lcd.o
 .group         0x0000000000000000        0xc STM32F103C6_DRIVERS/HAL/LCD/lcd.o
 .group         0x0000000000000000        0xc STM32F103C6_DRIVERS/HAL/LCD/lcd.o
 .group         0x0000000000000000        0xc STM32F103C6_DRIVERS/HAL/LCD/lcd.o
 .group         0x0000000000000000        0xc STM32F103C6_DRIVERS/HAL/LCD/lcd.o
 .group         0x0000000000000000        0xc STM32F103C6_DRIVERS/HAL/LCD/lcd.o
 .group         0x0000000000000000        0xc STM32F103C6_DRIVERS/HAL/LCD/lcd.o
 .group         0x0000000000000000        0xc STM32F103C6_DRIVERS/HAL/LCD/lcd.o
 .group         0x0000000000000000        0xc STM32F103C6_DRIVERS/HAL/LCD/lcd.o
 .text          0x0000000000000000        0x0 STM32F103C6_DRIVERS/HAL/LCD/lcd.o
 .data          0x0000000000000000        0x0 STM32F103C6_DRIVERS/HAL/LCD/lcd.o
 .bss           0x0000000000000000        0x0 STM32F103C6_DRIVERS/HAL/LCD/lcd.o
 .text.LCD_CHECK_ISBUSY
                0x0000000000000000       0xd8 STM32F103C6_DRIVERS/HAL/LCD/lcd.o
 .debug_macro   0x0000000000000000      0xa60 STM32F103C6_DRIVERS/HAL/LCD/lcd.o
 .debug_macro   0x0000000000000000       0x18 STM32F103C6_DRIVERS/HAL/LCD/lcd.o
 .debug_macro   0x0000000000000000       0x22 STM32F103C6_DRIVERS/HAL/LCD/lcd.o
 .debug_macro   0x0000000000000000       0x40 STM32F103C6_DRIVERS/HAL/LCD/lcd.o
 .debug_macro   0x0000000000000000       0x94 STM32F103C6_DRIVERS/HAL/LCD/lcd.o
 .debug_macro   0x0000000000000000       0x3c STM32F103C6_DRIVERS/HAL/LCD/lcd.o
 .debug_macro   0x0000000000000000       0x34 STM32F103C6_DRIVERS/HAL/LCD/lcd.o
 .debug_macro   0x0000000000000000       0x16 STM32F103C6_DRIVERS/HAL/LCD/lcd.o
 .debug_macro   0x0000000000000000      0x10e STM32F103C6_DRIVERS/HAL/LCD/lcd.o
 .debug_macro   0x0000000000000000       0x8d STM32F103C6_DRIVERS/HAL/LCD/lcd.o
 .debug_macro   0x0000000000000000       0x57 STM32F103C6_DRIVERS/HAL/LCD/lcd.o
 .debug_macro   0x0000000000000000       0x52 STM32F103C6_DRIVERS/HAL/LCD/lcd.o
 .debug_macro   0x0000000000000000       0x1f STM32F103C6_DRIVERS/HAL/LCD/lcd.o
 .debug_macro   0x0000000000000000       0x43 STM32F103C6_DRIVERS/HAL/LCD/lcd.o
 .debug_macro   0x0000000000000000       0x20 STM32F103C6_DRIVERS/HAL/LCD/lcd.o
 .debug_macro   0x0000000000000000      0x1a3 STM32F103C6_DRIVERS/HAL/LCD/lcd.o
 .debug_macro   0x0000000000000000      0x330 STM32F103C6_DRIVERS/HAL/LCD/lcd.o
 .debug_macro   0x0000000000000000       0x16 STM32F103C6_DRIVERS/HAL/LCD/lcd.o
 .debug_macro   0x0000000000000000       0x29 STM32F103C6_DRIVERS/HAL/LCD/lcd.o
 .debug_macro   0x0000000000000000       0xef STM32F103C6_DRIVERS/HAL/LCD/lcd.o
 .debug_macro   0x0000000000000000       0x6a STM32F103C6_DRIVERS/HAL/LCD/lcd.o
 .debug_macro   0x0000000000000000      0x1df STM32F103C6_DRIVERS/HAL/LCD/lcd.o
 .debug_macro   0x0000000000000000       0xb4 STM32F103C6_DRIVERS/HAL/LCD/lcd.o
 .debug_macro   0x0000000000000000       0xd0 STM32F103C6_DRIVERS/HAL/LCD/lcd.o
 .group         0x0000000000000000        0xc STM32F103C6_DRIVERS/MCAL/GPIO/STM32F103C6_GPIO_DRIVER.o
 .group         0x0000000000000000        0xc STM32F103C6_DRIVERS/MCAL/GPIO/STM32F103C6_GPIO_DRIVER.o
 .group         0x0000000000000000        0xc STM32F103C6_DRIVERS/MCAL/GPIO/STM32F103C6_GPIO_DRIVER.o
 .group         0x0000000000000000        0xc STM32F103C6_DRIVERS/MCAL/GPIO/STM32F103C6_GPIO_DRIVER.o
 .group         0x0000000000000000        0xc STM32F103C6_DRIVERS/MCAL/GPIO/STM32F103C6_GPIO_DRIVER.o
 .group         0x0000000000000000        0xc STM32F103C6_DRIVERS/MCAL/GPIO/STM32F103C6_GPIO_DRIVER.o
 .group         0x0000000000000000        0xc STM32F103C6_DRIVERS/MCAL/GPIO/STM32F103C6_GPIO_DRIVER.o
 .group         0x0000000000000000        0xc STM32F103C6_DRIVERS/MCAL/GPIO/STM32F103C6_GPIO_DRIVER.o
 .group         0x0000000000000000        0xc STM32F103C6_DRIVERS/MCAL/GPIO/STM32F103C6_GPIO_DRIVER.o
 .group         0x0000000000000000        0xc STM32F103C6_DRIVERS/MCAL/GPIO/STM32F103C6_GPIO_DRIVER.o
 .group         0x0000000000000000        0xc STM32F103C6_DRIVERS/MCAL/GPIO/STM32F103C6_GPIO_DRIVER.o
 .group         0x0000000000000000        0xc STM32F103C6_DRIVERS/MCAL/GPIO/STM32F103C6_GPIO_DRIVER.o
 .group         0x0000000000000000        0xc STM32F103C6_DRIVERS/MCAL/GPIO/STM32F103C6_GPIO_DRIVER.o
 .group         0x0000000000000000        0xc STM32F103C6_DRIVERS/MCAL/GPIO/STM32F103C6_GPIO_DRIVER.o
 .group         0x0000000000000000        0xc STM32F103C6_DRIVERS/MCAL/GPIO/STM32F103C6_GPIO_DRIVER.o
 .group         0x0000000000000000        0xc STM32F103C6_DRIVERS/MCAL/GPIO/STM32F103C6_GPIO_DRIVER.o
 .group         0x0000000000000000        0xc STM32F103C6_DRIVERS/MCAL/GPIO/STM32F103C6_GPIO_DRIVER.o
 .group         0x0000000000000000        0xc STM32F103C6_DRIVERS/MCAL/GPIO/STM32F103C6_GPIO_DRIVER.o
 .group         0x0000000000000000        0xc STM32F103C6_DRIVERS/MCAL/GPIO/STM32F103C6_GPIO_DRIVER.o
 .group         0x0000000000000000        0xc STM32F103C6_DRIVERS/MCAL/GPIO/STM32F103C6_GPIO_DRIVER.o
 .group         0x0000000000000000        0xc STM32F103C6_DRIVERS/MCAL/GPIO/STM32F103C6_GPIO_DRIVER.o
 .group         0x0000000000000000        0xc STM32F103C6_DRIVERS/MCAL/GPIO/STM32F103C6_GPIO_DRIVER.o
 .group         0x0000000000000000        0xc STM32F103C6_DRIVERS/MCAL/GPIO/STM32F103C6_GPIO_DRIVER.o
 .group         0x0000000000000000        0xc STM32F103C6_DRIVERS/MCAL/GPIO/STM32F103C6_GPIO_DRIVER.o
 .text          0x0000000000000000        0x0 STM32F103C6_DRIVERS/MCAL/GPIO/STM32F103C6_GPIO_DRIVER.o
 .data          0x0000000000000000        0x0 STM32F103C6_DRIVERS/MCAL/GPIO/STM32F103C6_GPIO_DRIVER.o
 .bss           0x0000000000000000        0x0 STM32F103C6_DRIVERS/MCAL/GPIO/STM32F103C6_GPIO_DRIVER.o
 .text.MCAL_GPIO_DeInit
                0x0000000000000000       0xcc STM32F103C6_DRIVERS/MCAL/GPIO/STM32F103C6_GPIO_DRIVER.o
 .text.MCAL_GPIO_ReadPort
                0x0000000000000000       0x1a STM32F103C6_DRIVERS/MCAL/GPIO/STM32F103C6_GPIO_DRIVER.o
 .text.MCAL_GPIO_LockPin
                0x0000000000000000       0x4e STM32F103C6_DRIVERS/MCAL/GPIO/STM32F103C6_GPIO_DRIVER.o
 .debug_macro   0x0000000000000000      0xa60 STM32F103C6_DRIVERS/MCAL/GPIO/STM32F103C6_GPIO_DRIVER.o
 .debug_macro   0x0000000000000000       0x18 STM32F103C6_DRIVERS/MCAL/GPIO/STM32F103C6_GPIO_DRIVER.o
 .debug_macro   0x0000000000000000       0x22 STM32F103C6_DRIVERS/MCAL/GPIO/STM32F103C6_GPIO_DRIVER.o
 .debug_macro   0x0000000000000000       0x40 STM32F103C6_DRIVERS/MCAL/GPIO/STM32F103C6_GPIO_DRIVER.o
 .debug_macro   0x0000000000000000       0x94 STM32F103C6_DRIVERS/MCAL/GPIO/STM32F103C6_GPIO_DRIVER.o
 .debug_macro   0x0000000000000000       0x3c STM32F103C6_DRIVERS/MCAL/GPIO/STM32F103C6_GPIO_DRIVER.o
 .debug_macro   0x0000000000000000       0x34 STM32F103C6_DRIVERS/MCAL/GPIO/STM32F103C6_GPIO_DRIVER.o
 .debug_macro   0x0000000000000000       0x16 STM32F103C6_DRIVERS/MCAL/GPIO/STM32F103C6_GPIO_DRIVER.o
 .debug_macro   0x0000000000000000      0x10e STM32F103C6_DRIVERS/MCAL/GPIO/STM32F103C6_GPIO_DRIVER.o
 .debug_macro   0x0000000000000000       0x8d STM32F103C6_DRIVERS/MCAL/GPIO/STM32F103C6_GPIO_DRIVER.o
 .debug_macro   0x0000000000000000       0x57 STM32F103C6_DRIVERS/MCAL/GPIO/STM32F103C6_GPIO_DRIVER.o
 .debug_macro   0x0000000000000000       0x52 STM32F103C6_DRIVERS/MCAL/GPIO/STM32F103C6_GPIO_DRIVER.o
 .debug_macro   0x0000000000000000       0x1f STM32F103C6_DRIVERS/MCAL/GPIO/STM32F103C6_GPIO_DRIVER.o
 .debug_macro   0x0000000000000000       0x43 STM32F103C6_DRIVERS/MCAL/GPIO/STM32F103C6_GPIO_DRIVER.o
 .debug_macro   0x0000000000000000       0x20 STM32F103C6_DRIVERS/MCAL/GPIO/STM32F103C6_GPIO_DRIVER.o
 .debug_macro   0x0000000000000000      0x1a3 STM32F103C6_DRIVERS/MCAL/GPIO/STM32F103C6_GPIO_DRIVER.o
 .debug_macro   0x0000000000000000      0x330 STM32F103C6_DRIVERS/MCAL/GPIO/STM32F103C6_GPIO_DRIVER.o
 .debug_macro   0x0000000000000000       0x16 STM32F103C6_DRIVERS/MCAL/GPIO/STM32F103C6_GPIO_DRIVER.o
 .debug_macro   0x0000000000000000       0x29 STM32F103C6_DRIVERS/MCAL/GPIO/STM32F103C6_GPIO_DRIVER.o
 .debug_macro   0x0000000000000000       0xef STM32F103C6_DRIVERS/MCAL/GPIO/STM32F103C6_GPIO_DRIVER.o
 .debug_macro   0x0000000000000000       0x6a STM32F103C6_DRIVERS/MCAL/GPIO/STM32F103C6_GPIO_DRIVER.o
 .debug_macro   0x0000000000000000      0x1df STM32F103C6_DRIVERS/MCAL/GPIO/STM32F103C6_GPIO_DRIVER.o
 .debug_macro   0x0000000000000000       0xb4 STM32F103C6_DRIVERS/MCAL/GPIO/STM32F103C6_GPIO_DRIVER.o
 .debug_macro   0x0000000000000000       0xd0 STM32F103C6_DRIVERS/MCAL/GPIO/STM32F103C6_GPIO_DRIVER.o
 .group         0x0000000000000000        0xc Src/main.o
 .group         0x0000000000000000        0xc Src/main.o
 .group         0x0000000000000000        0xc Src/main.o
 .group         0x0000000000000000        0xc Src/main.o
 .group         0x0000000000000000        0xc Src/main.o
 .group         0x0000000000000000        0xc Src/main.o
 .group         0x0000000000000000        0xc Src/main.o
 .group         0x0000000000000000        0xc Src/main.o
 .group         0x0000000000000000        0xc Src/main.o
 .group         0x0000000000000000        0xc Src/main.o
 .group         0x0000000000000000        0xc Src/main.o
 .group         0x0000000000000000        0xc Src/main.o
 .group         0x0000000000000000        0xc Src/main.o
 .group         0x0000000000000000        0xc Src/main.o
 .group         0x0000000000000000        0xc Src/main.o
 .group         0x0000000000000000        0xc Src/main.o
 .group         0x0000000000000000        0xc Src/main.o
 .group         0x0000000000000000        0xc Src/main.o
 .group         0x0000000000000000        0xc Src/main.o
 .group         0x0000000000000000        0xc Src/main.o
 .group         0x0000000000000000        0xc Src/main.o
 .group         0x0000000000000000        0xc Src/main.o
 .group         0x0000000000000000        0xc Src/main.o
 .group         0x0000000000000000        0xc Src/main.o
 .group         0x0000000000000000        0xc Src/main.o
 .group         0x0000000000000000        0xc Src/main.o
 .group         0x0000000000000000        0xc Src/main.o
 .group         0x0000000000000000        0xc Src/main.o
 .text          0x0000000000000000        0x0 Src/main.o
 .data          0x0000000000000000        0x0 Src/main.o
 .bss           0x0000000000000000        0x0 Src/main.o
 .debug_macro   0x0000000000000000      0xa60 Src/main.o
 .debug_macro   0x0000000000000000       0x18 Src/main.o
 .debug_macro   0x0000000000000000       0x22 Src/main.o
 .debug_macro   0x0000000000000000       0x40 Src/main.o
 .debug_macro   0x0000000000000000       0x94 Src/main.o
 .debug_macro   0x0000000000000000       0x3c Src/main.o
 .debug_macro   0x0000000000000000       0x34 Src/main.o
 .debug_macro   0x0000000000000000       0x16 Src/main.o
 .debug_macro   0x0000000000000000      0x10e Src/main.o
 .debug_macro   0x0000000000000000       0x8d Src/main.o
 .debug_macro   0x0000000000000000       0x57 Src/main.o
 .debug_macro   0x0000000000000000       0x52 Src/main.o
 .debug_macro   0x0000000000000000       0x1f Src/main.o
 .debug_macro   0x0000000000000000       0x43 Src/main.o
 .debug_macro   0x0000000000000000       0x20 Src/main.o
 .debug_macro   0x0000000000000000      0x1a3 Src/main.o
 .debug_macro   0x0000000000000000      0x330 Src/main.o
 .debug_macro   0x0000000000000000       0x16 Src/main.o
 .debug_macro   0x0000000000000000       0x29 Src/main.o
 .debug_macro   0x0000000000000000       0xef Src/main.o
 .debug_macro   0x0000000000000000       0x6a Src/main.o
 .debug_macro   0x0000000000000000      0x1df Src/main.o
 .debug_macro   0x0000000000000000       0x10 Src/main.o
 .debug_macro   0x0000000000000000       0x94 Src/main.o
 .debug_macro   0x0000000000000000       0x10 Src/main.o
 .debug_macro   0x0000000000000000       0x3a Src/main.o
 .group         0x0000000000000000        0xc Src/syscalls.o
 .group         0x0000000000000000        0xc Src/syscalls.o
 .group         0x0000000000000000        0xc Src/syscalls.o
 .group         0x0000000000000000        0xc Src/syscalls.o
 .group         0x0000000000000000        0xc Src/syscalls.o
 .group         0x0000000000000000        0xc Src/syscalls.o
 .group         0x0000000000000000        0xc Src/syscalls.o
 .group         0x0000000000000000        0xc Src/syscalls.o
 .group         0x0000000000000000        0xc Src/syscalls.o
 .group         0x0000000000000000        0xc Src/syscalls.o
 .group         0x0000000000000000        0xc Src/syscalls.o
 .group         0x0000000000000000        0xc Src/syscalls.o
 .group         0x0000000000000000        0xc Src/syscalls.o
 .group         0x0000000000000000        0xc Src/syscalls.o
 .group         0x0000000000000000        0xc Src/syscalls.o
 .group         0x0000000000000000        0xc Src/syscalls.o
 .group         0x0000000000000000        0xc Src/syscalls.o
 .group         0x0000000000000000        0xc Src/syscalls.o
 .group         0x0000000000000000        0xc Src/syscalls.o
 .group         0x0000000000000000        0xc Src/syscalls.o
 .group         0x0000000000000000        0xc Src/syscalls.o
 .group         0x0000000000000000        0xc Src/syscalls.o
 .group         0x0000000000000000        0xc Src/syscalls.o
 .group         0x0000000000000000        0xc Src/syscalls.o
 .group         0x0000000000000000        0xc Src/syscalls.o
 .group         0x0000000000000000        0xc Src/syscalls.o
 .group         0x0000000000000000        0xc Src/syscalls.o
 .group         0x0000000000000000        0xc Src/syscalls.o
 .group         0x0000000000000000        0xc Src/syscalls.o
 .group         0x0000000000000000        0xc Src/syscalls.o
 .group         0x0000000000000000        0xc Src/syscalls.o
 .group         0x0000000000000000        0xc Src/syscalls.o
 .group         0x0000000000000000        0xc Src/syscalls.o
 .group         0x0000000000000000        0xc Src/syscalls.o
 .group         0x0000000000000000        0xc Src/syscalls.o
 .group         0x0000000000000000        0xc Src/syscalls.o
 .group         0x0000000000000000        0xc Src/syscalls.o
 .group         0x0000000000000000        0xc Src/syscalls.o
 .group         0x0000000000000000        0xc Src/syscalls.o
 .group         0x0000000000000000        0xc Src/syscalls.o
 .group         0x0000000000000000        0xc Src/syscalls.o
 .group         0x0000000000000000        0xc Src/syscalls.o
 .group         0x0000000000000000        0xc Src/syscalls.o
 .group         0x0000000000000000        0xc Src/syscalls.o
 .text          0x0000000000000000        0x0 Src/syscalls.o
 .data          0x0000000000000000        0x0 Src/syscalls.o
 .bss           0x0000000000000000        0x0 Src/syscalls.o
 .bss.__env     0x0000000000000000        0x4 Src/syscalls.o
 .data.environ  0x0000000000000000        0x4 Src/syscalls.o
 .text.initialise_monitor_handles
                0x0000000000000000        0xc Src/syscalls.o
 .text._getpid  0x0000000000000000        0xe Src/syscalls.o
 .text._kill    0x0000000000000000       0x20 Src/syscalls.o
 .text._exit    0x0000000000000000       0x14 Src/syscalls.o
 .text._read    0x0000000000000000       0x3a Src/syscalls.o
 .text._write   0x0000000000000000       0x38 Src/syscalls.o
 .text._close   0x0000000000000000       0x16 Src/syscalls.o
 .text._fstat   0x0000000000000000       0x1e Src/syscalls.o
 .text._isatty  0x0000000000000000       0x14 Src/syscalls.o
 .text._lseek   0x0000000000000000       0x18 Src/syscalls.o
 .text._open    0x0000000000000000       0x1a Src/syscalls.o
 .text._wait    0x0000000000000000       0x1e Src/syscalls.o
 .text._unlink  0x0000000000000000       0x1e Src/syscalls.o
 .text._times   0x0000000000000000       0x16 Src/syscalls.o
 .text._stat    0x0000000000000000       0x1e Src/syscalls.o
 .text._link    0x0000000000000000       0x20 Src/syscalls.o
 .text._fork    0x0000000000000000       0x16 Src/syscalls.o
 .text._execve  0x0000000000000000       0x22 Src/syscalls.o
 .debug_info    0x0000000000000000     0x1038 Src/syscalls.o
 .debug_abbrev  0x0000000000000000      0x254 Src/syscalls.o
 .debug_loc     0x0000000000000000      0x5b8 Src/syscalls.o
 .debug_aranges
                0x0000000000000000       0xa8 Src/syscalls.o
 .debug_ranges  0x0000000000000000       0x98 Src/syscalls.o
 .debug_macro   0x0000000000000000      0x243 Src/syscalls.o
 .debug_macro   0x0000000000000000      0xa60 Src/syscalls.o
 .debug_macro   0x0000000000000000       0x22 Src/syscalls.o
 .debug_macro   0x0000000000000000       0x40 Src/syscalls.o
 .debug_macro   0x0000000000000000       0x18 Src/syscalls.o
 .debug_macro   0x0000000000000000       0x94 Src/syscalls.o
 .debug_macro   0x0000000000000000       0x3c Src/syscalls.o
 .debug_macro   0x0000000000000000       0x34 Src/syscalls.o
 .debug_macro   0x0000000000000000       0x57 Src/syscalls.o
 .debug_macro   0x0000000000000000      0x174 Src/syscalls.o
 .debug_macro   0x0000000000000000      0x330 Src/syscalls.o
 .debug_macro   0x0000000000000000       0x52 Src/syscalls.o
 .debug_macro   0x0000000000000000       0x1f Src/syscalls.o
 .debug_macro   0x0000000000000000       0x43 Src/syscalls.o
 .debug_macro   0x0000000000000000       0x20 Src/syscalls.o
 .debug_macro   0x0000000000000000      0x1a3 Src/syscalls.o
 .debug_macro   0x0000000000000000       0x10 Src/syscalls.o
 .debug_macro   0x0000000000000000       0x35 Src/syscalls.o
 .debug_macro   0x0000000000000000       0x10 Src/syscalls.o
 .debug_macro   0x0000000000000000       0x10 Src/syscalls.o
 .debug_macro   0x0000000000000000       0x10 Src/syscalls.o
 .debug_macro   0x0000000000000000       0x6a Src/syscalls.o
 .debug_macro   0x0000000000000000       0x1c Src/syscalls.o
 .debug_macro   0x0000000000000000       0x52 Src/syscalls.o
 .debug_macro   0x0000000000000000       0x40 Src/syscalls.o
 .debug_macro   0x0000000000000000       0x10 Src/syscalls.o
 .debug_macro   0x0000000000000000       0x40 Src/syscalls.o
 .debug_macro   0x0000000000000000       0xd7 Src/syscalls.o
 .debug_macro   0x0000000000000000       0x1c Src/syscalls.o
 .debug_macro   0x0000000000000000       0x3d Src/syscalls.o
 .debug_macro   0x0000000000000000       0x35 Src/syscalls.o
 .debug_macro   0x0000000000000000      0x122 Src/syscalls.o
 .debug_macro   0x0000000000000000       0x16 Src/syscalls.o
 .debug_macro   0x0000000000000000       0x16 Src/syscalls.o
 .debug_macro   0x0000000000000000       0x29 Src/syscalls.o
 .debug_macro   0x0000000000000000       0x10 Src/syscalls.o
 .debug_macro   0x0000000000000000      0x241 Src/syscalls.o
 .debug_macro   0x0000000000000000       0x1c Src/syscalls.o
 .debug_macro   0x0000000000000000       0x10 Src/syscalls.o
 .debug_macro   0x0000000000000000       0x10 Src/syscalls.o
 .debug_macro   0x0000000000000000       0x16 Src/syscalls.o
 .debug_macro   0x0000000000000000      0x145 Src/syscalls.o
 .debug_macro   0x0000000000000000      0x189 Src/syscalls.o
 .debug_macro   0x0000000000000000       0x16 Src/syscalls.o
 .debug_macro   0x0000000000000000       0x88 Src/syscalls.o
 .debug_line    0x0000000000000000      0x739 Src/syscalls.o
 .debug_str     0x0000000000000000     0x88b3 Src/syscalls.o
 .comment       0x0000000000000000       0x7c Src/syscalls.o
 .debug_frame   0x0000000000000000      0x2ac Src/syscalls.o
 .ARM.attributes
                0x0000000000000000       0x33 Src/syscalls.o
 .group         0x0000000000000000        0xc Src/sysmem.o
 .group         0x0000000000000000        0xc Src/sysmem.o
 .group         0x0000000000000000        0xc Src/sysmem.o
 .group         0x0000000000000000        0xc Src/sysmem.o
 .group         0x0000000000000000        0xc Src/sysmem.o
 .group         0x0000000000000000        0xc Src/sysmem.o
 .group         0x0000000000000000        0xc Src/sysmem.o
 .group         0x0000000000000000        0xc Src/sysmem.o
 .group         0x0000000000000000        0xc Src/sysmem.o
 .group         0x0000000000000000        0xc Src/sysmem.o
 .group         0x0000000000000000        0xc Src/sysmem.o
 .group         0x0000000000000000        0xc Src/sysmem.o
 .group         0x0000000000000000        0xc Src/sysmem.o
 .group         0x0000000000000000        0xc Src/sysmem.o
 .group         0x0000000000000000        0xc Src/sysmem.o
 .group         0x0000000000000000        0xc Src/sysmem.o
 .group         0x0000000000000000        0xc Src/sysmem.o
 .group         0x0000000000000000        0xc Src/sysmem.o
 .group         0x0000000000000000        0xc Src/sysmem.o
 .text          0x0000000000000000        0x0 Src/sysmem.o
 .data          0x0000000000000000        0x0 Src/sysmem.o
 .bss           0x0000000000000000        0x0 Src/sysmem.o
 .bss.__sbrk_heap_end
                0x0000000000000000        0x4 Src/sysmem.o
 .text._sbrk    0x0000000000000000       0x6c Src/sysmem.o
 .debug_info    0x0000000000000000      0xa7c Src/sysmem.o
 .debug_abbrev  0x0000000000000000      0x18e Src/sysmem.o
 .debug_loc     0x0000000000000000       0x50 Src/sysmem.o
 .debug_aranges
                0x0000000000000000       0x20 Src/sysmem.o
 .debug_ranges  0x0000000000000000       0x10 Src/sysmem.o
 .debug_macro   0x0000000000000000       0xee Src/sysmem.o
 .debug_macro   0x0000000000000000      0xa60 Src/sysmem.o
 .debug_macro   0x0000000000000000       0x10 Src/sysmem.o
 .debug_macro   0x0000000000000000       0x22 Src/sysmem.o
 .debug_macro   0x0000000000000000       0x40 Src/sysmem.o
 .debug_macro   0x0000000000000000       0x18 Src/sysmem.o
 .debug_macro   0x0000000000000000       0x94 Src/sysmem.o
 .debug_macro   0x0000000000000000       0x3c Src/sysmem.o
 .debug_macro   0x0000000000000000       0x34 Src/sysmem.o
 .debug_macro   0x0000000000000000      0x174 Src/sysmem.o
 .debug_macro   0x0000000000000000       0x57 Src/sysmem.o
 .debug_macro   0x0000000000000000       0x52 Src/sysmem.o
 .debug_macro   0x0000000000000000       0x1f Src/sysmem.o
 .debug_macro   0x0000000000000000       0x43 Src/sysmem.o
 .debug_macro   0x0000000000000000       0x20 Src/sysmem.o
 .debug_macro   0x0000000000000000      0x1a3 Src/sysmem.o
 .debug_macro   0x0000000000000000      0x23b Src/sysmem.o
 .debug_macro   0x0000000000000000       0xef Src/sysmem.o
 .debug_macro   0x0000000000000000       0x6a Src/sysmem.o
 .debug_macro   0x0000000000000000      0x1df Src/sysmem.o
 .debug_line    0x0000000000000000      0x4c2 Src/sysmem.o
 .debug_str     0x0000000000000000     0x5f81 Src/sysmem.o
 .comment       0x0000000000000000       0x7c Src/sysmem.o
 .debug_frame   0x0000000000000000       0x34 Src/sysmem.o
 .ARM.attributes
                0x0000000000000000       0x33 Src/sysmem.o
 .text          0x0000000000000000       0x14 Startup/startup_stm32f103c6tx.o
 .data          0x0000000000000000        0x0 Startup/startup_stm32f103c6tx.o
 .bss           0x0000000000000000        0x0 Startup/startup_stm32f103c6tx.o
 .text          0x0000000000000000        0x0 c:/st/stm32cubeide_1.4.0/stm32cubeide/plugins/com.st.stm32cube.ide.mcu.externaltools.gnu-tools-for-stm32.7-2018-q2-update.win32_1.4.0.202007081208/tools/bin/../lib/gcc/arm-none-eabi/7.3.1/../../../../arm-none-eabi/lib/thumb/v7-m\libc_nano.a(lib_a-errno.o)
 .data          0x0000000000000000        0x0 c:/st/stm32cubeide_1.4.0/stm32cubeide/plugins/com.st.stm32cube.ide.mcu.externaltools.gnu-tools-for-stm32.7-2018-q2-update.win32_1.4.0.202007081208/tools/bin/../lib/gcc/arm-none-eabi/7.3.1/../../../../arm-none-eabi/lib/thumb/v7-m\libc_nano.a(lib_a-errno.o)
 .bss           0x0000000000000000        0x0 c:/st/stm32cubeide_1.4.0/stm32cubeide/plugins/com.st.stm32cube.ide.mcu.externaltools.gnu-tools-for-stm32.7-2018-q2-update.win32_1.4.0.202007081208/tools/bin/../lib/gcc/arm-none-eabi/7.3.1/../../../../arm-none-eabi/lib/thumb/v7-m\libc_nano.a(lib_a-errno.o)
 .text.__errno  0x0000000000000000        0xc c:/st/stm32cubeide_1.4.0/stm32cubeide/plugins/com.st.stm32cube.ide.mcu.externaltools.gnu-tools-for-stm32.7-2018-q2-update.win32_1.4.0.202007081208/tools/bin/../lib/gcc/arm-none-eabi/7.3.1/../../../../arm-none-eabi/lib/thumb/v7-m\libc_nano.a(lib_a-errno.o)
 .debug_frame   0x0000000000000000       0x20 c:/st/stm32cubeide_1.4.0/stm32cubeide/plugins/com.st.stm32cube.ide.mcu.externaltools.gnu-tools-for-stm32.7-2018-q2-update.win32_1.4.0.202007081208/tools/bin/../lib/gcc/arm-none-eabi/7.3.1/../../../../arm-none-eabi/lib/thumb/v7-m\libc_nano.a(lib_a-errno.o)
 .ARM.attributes
                0x0000000000000000       0x2d c:/st/stm32cubeide_1.4.0/stm32cubeide/plugins/com.st.stm32cube.ide.mcu.externaltools.gnu-tools-for-stm32.7-2018-q2-update.win32_1.4.0.202007081208/tools/bin/../lib/gcc/arm-none-eabi/7.3.1/../../../../arm-none-eabi/lib/thumb/v7-m\libc_nano.a(lib_a-errno.o)
 .text          0x0000000000000000        0x0 c:/st/stm32cubeide_1.4.0/stm32cubeide/plugins/com.st.stm32cube.ide.mcu.externaltools.gnu-tools-for-stm32.7-2018-q2-update.win32_1.4.0.202007081208/tools/bin/../lib/gcc/arm-none-eabi/7.3.1/../../../../arm-none-eabi/lib/thumb/v7-m\libc_nano.a(lib_a-exit.o)
 .data          0x0000000000000000        0x0 c:/st/stm32cubeide_1.4.0/stm32cubeide/plugins/com.st.stm32cube.ide.mcu.externaltools.gnu-tools-for-stm32.7-2018-q2-update.win32_1.4.0.202007081208/tools/bin/../lib/gcc/arm-none-eabi/7.3.1/../../../../arm-none-eabi/lib/thumb/v7-m\libc_nano.a(lib_a-exit.o)
 .bss           0x0000000000000000        0x0 c:/st/stm32cubeide_1.4.0/stm32cubeide/plugins/com.st.stm32cube.ide.mcu.externaltools.gnu-tools-for-stm32.7-2018-q2-update.win32_1.4.0.202007081208/tools/bin/../lib/gcc/arm-none-eabi/7.3.1/../../../../arm-none-eabi/lib/thumb/v7-m\libc_nano.a(lib_a-exit.o)
 .text.exit     0x0000000000000000       0x28 c:/st/stm32cubeide_1.4.0/stm32cubeide/plugins/com.st.stm32cube.ide.mcu.externaltools.gnu-tools-for-stm32.7-2018-q2-update.win32_1.4.0.202007081208/tools/bin/../lib/gcc/arm-none-eabi/7.3.1/../../../../arm-none-eabi/lib/thumb/v7-m\libc_nano.a(lib_a-exit.o)
 .debug_frame   0x0000000000000000       0x28 c:/st/stm32cubeide_1.4.0/stm32cubeide/plugins/com.st.stm32cube.ide.mcu.externaltools.gnu-tools-for-stm32.7-2018-q2-update.win32_1.4.0.202007081208/tools/bin/../lib/gcc/arm-none-eabi/7.3.1/../../../../arm-none-eabi/lib/thumb/v7-m\libc_nano.a(lib_a-exit.o)
 .ARM.attributes
                0x0000000000000000       0x2d c:/st/stm32cubeide_1.4.0/stm32cubeide/plugins/com.st.stm32cube.ide.mcu.externaltools.gnu-tools-for-stm32.7-2018-q2-update.win32_1.4.0.202007081208/tools/bin/../lib/gcc/arm-none-eabi/7.3.1/../../../../arm-none-eabi/lib/thumb/v7-m\libc_nano.a(lib_a-exit.o)
 .text          0x0000000000000000        0x0 c:/st/stm32cubeide_1.4.0/stm32cubeide/plugins/com.st.stm32cube.ide.mcu.externaltools.gnu-tools-for-stm32.7-2018-q2-update.win32_1.4.0.202007081208/tools/bin/../lib/gcc/arm-none-eabi/7.3.1/../../../../arm-none-eabi/lib/thumb/v7-m\libc_nano.a(lib_a-impure.o)
 .data          0x0000000000000000        0x0 c:/st/stm32cubeide_1.4.0/stm32cubeide/plugins/com.st.stm32cube.ide.mcu.externaltools.gnu-tools-for-stm32.7-2018-q2-update.win32_1.4.0.202007081208/tools/bin/../lib/gcc/arm-none-eabi/7.3.1/../../../../arm-none-eabi/lib/thumb/v7-m\libc_nano.a(lib_a-impure.o)
 .bss           0x0000000000000000        0x0 c:/st/stm32cubeide_1.4.0/stm32cubeide/plugins/com.st.stm32cube.ide.mcu.externaltools.gnu-tools-for-stm32.7-2018-q2-update.win32_1.4.0.202007081208/tools/bin/../lib/gcc/arm-none-eabi/7.3.1/../../../../arm-none-eabi/lib/thumb/v7-m\libc_nano.a(lib_a-impure.o)
 .data._impure_ptr
                0x0000000000000000        0x4 c:/st/stm32cubeide_1.4.0/stm32cubeide/plugins/com.st.stm32cube.ide.mcu.externaltools.gnu-tools-for-stm32.7-2018-q2-update.win32_1.4.0.202007081208/tools/bin/../lib/gcc/arm-none-eabi/7.3.1/../../../../arm-none-eabi/lib/thumb/v7-m\libc_nano.a(lib_a-impure.o)
 .data.impure_data
                0x0000000000000000       0x60 c:/st/stm32cubeide_1.4.0/stm32cubeide/plugins/com.st.stm32cube.ide.mcu.externaltools.gnu-tools-for-stm32.7-2018-q2-update.win32_1.4.0.202007081208/tools/bin/../lib/gcc/arm-none-eabi/7.3.1/../../../../arm-none-eabi/lib/thumb/v7-m\libc_nano.a(lib_a-impure.o)
 .rodata._global_impure_ptr
                0x0000000000000000        0x4 c:/st/stm32cubeide_1.4.0/stm32cubeide/plugins/com.st.stm32cube.ide.mcu.externaltools.gnu-tools-for-stm32.7-2018-q2-update.win32_1.4.0.202007081208/tools/bin/../lib/gcc/arm-none-eabi/7.3.1/../../../../arm-none-eabi/lib/thumb/v7-m\libc_nano.a(lib_a-impure.o)
 .ARM.attributes
                0x0000000000000000       0x2d c:/st/stm32cubeide_1.4.0/stm32cubeide/plugins/com.st.stm32cube.ide.mcu.externaltools.gnu-tools-for-stm32.7-2018-q2-update.win32_1.4.0.202007081208/tools/bin/../lib/gcc/arm-none-eabi/7.3.1/../../../../arm-none-eabi/lib/thumb/v7-m\libc_nano.a(lib_a-impure.o)
 .text          0x0000000000000000        0x0 c:/st/stm32cubeide_1.4.0/stm32cubeide/plugins/com.st.stm32cube.ide.mcu.externaltools.gnu-tools-for-stm32.7-2018-q2-update.win32_1.4.0.202007081208/tools/bin/../lib/gcc/arm-none-eabi/7.3.1/../../../../arm-none-eabi/lib/thumb/v7-m\libc_nano.a(lib_a-init.o)
 .data          0x0000000000000000        0x0 c:/st/stm32cubeide_1.4.0/stm32cubeide/plugins/com.st.stm32cube.ide.mcu.externaltools.gnu-tools-for-stm32.7-2018-q2-update.win32_1.4.0.202007081208/tools/bin/../lib/gcc/arm-none-eabi/7.3.1/../../../../arm-none-eabi/lib/thumb/v7-m\libc_nano.a(lib_a-init.o)
 .bss           0x0000000000000000        0x0 c:/st/stm32cubeide_1.4.0/stm32cubeide/plugins/com.st.stm32cube.ide.mcu.externaltools.gnu-tools-for-stm32.7-2018-q2-update.win32_1.4.0.202007081208/tools/bin/../lib/gcc/arm-none-eabi/7.3.1/../../../../arm-none-eabi/lib/thumb/v7-m\libc_nano.a(lib_a-init.o)
 .text          0x0000000000000000        0x0 c:/st/stm32cubeide_1.4.0/stm32cubeide/plugins/com.st.stm32cube.ide.mcu.externaltools.gnu-tools-for-stm32.7-2018-q2-update.win32_1.4.0.202007081208/tools/bin/../lib/gcc/arm-none-eabi/7.3.1/../../../../arm-none-eabi/lib/thumb/v7-m\libc_nano.a(lib_a-memset.o)
 .data          0x0000000000000000        0x0 c:/st/stm32cubeide_1.4.0/stm32cubeide/plugins/com.st.stm32cube.ide.mcu.externaltools.gnu-tools-for-stm32.7-2018-q2-update.win32_1.4.0.202007081208/tools/bin/../lib/gcc/arm-none-eabi/7.3.1/../../../../arm-none-eabi/lib/thumb/v7-m\libc_nano.a(lib_a-memset.o)
 .bss           0x0000000000000000        0x0 c:/st/stm32cubeide_1.4.0/stm32cubeide/plugins/com.st.stm32cube.ide.mcu.externaltools.gnu-tools-for-stm32.7-2018-q2-update.win32_1.4.0.202007081208/tools/bin/../lib/gcc/arm-none-eabi/7.3.1/../../../../arm-none-eabi/lib/thumb/v7-m\libc_nano.a(lib_a-memset.o)
 .text.memset   0x0000000000000000       0x10 c:/st/stm32cubeide_1.4.0/stm32cubeide/plugins/com.st.stm32cube.ide.mcu.externaltools.gnu-tools-for-stm32.7-2018-q2-update.win32_1.4.0.202007081208/tools/bin/../lib/gcc/arm-none-eabi/7.3.1/../../../../arm-none-eabi/lib/thumb/v7-m\libc_nano.a(lib_a-memset.o)
 .debug_frame   0x0000000000000000       0x20 c:/st/stm32cubeide_1.4.0/stm32cubeide/plugins/com.st.stm32cube.ide.mcu.externaltools.gnu-tools-for-stm32.7-2018-q2-update.win32_1.4.0.202007081208/tools/bin/../lib/gcc/arm-none-eabi/7.3.1/../../../../arm-none-eabi/lib/thumb/v7-m\libc_nano.a(lib_a-memset.o)
 .ARM.attributes
                0x0000000000000000       0x2d c:/st/stm32cubeide_1.4.0/stm32cubeide/plugins/com.st.stm32cube.ide.mcu.externaltools.gnu-tools-for-stm32.7-2018-q2-update.win32_1.4.0.202007081208/tools/bin/../lib/gcc/arm-none-eabi/7.3.1/../../../../arm-none-eabi/lib/thumb/v7-m\libc_nano.a(lib_a-memset.o)
 .text          0x0000000000000000        0x0 c:/st/stm32cubeide_1.4.0/stm32cubeide/plugins/com.st.stm32cube.ide.mcu.externaltools.gnu-tools-for-stm32.7-2018-q2-update.win32_1.4.0.202007081208/tools/bin/../lib/gcc/arm-none-eabi/7.3.1/thumb/v7-m/crtend.o
 .data          0x0000000000000000        0x0 c:/st/stm32cubeide_1.4.0/stm32cubeide/plugins/com.st.stm32cube.ide.mcu.externaltools.gnu-tools-for-stm32.7-2018-q2-update.win32_1.4.0.202007081208/tools/bin/../lib/gcc/arm-none-eabi/7.3.1/thumb/v7-m/crtend.o
 .bss           0x0000000000000000        0x0 c:/st/stm32cubeide_1.4.0/stm32cubeide/plugins/com.st.stm32cube.ide.mcu.externaltools.gnu-tools-for-stm32.7-2018-q2-update.win32_1.4.0.202007081208/tools/bin/../lib/gcc/arm-none-eabi/7.3.1/thumb/v7-m/crtend.o
 .eh_frame      0x0000000000000000        0x4 c:/st/stm32cubeide_1.4.0/stm32cubeide/plugins/com.st.stm32cube.ide.mcu.externaltools.gnu-tools-for-stm32.7-2018-q2-update.win32_1.4.0.202007081208/tools/bin/../lib/gcc/arm-none-eabi/7.3.1/thumb/v7-m/crtend.o
 .ARM.attributes
                0x0000000000000000       0x2d c:/st/stm32cubeide_1.4.0/stm32cubeide/plugins/com.st.stm32cube.ide.mcu.externaltools.gnu-tools-for-stm32.7-2018-q2-update.win32_1.4.0.202007081208/tools/bin/../lib/gcc/arm-none-eabi/7.3.1/thumb/v7-m/crtend.o
 .text          0x0000000000000000        0x0 c:/st/stm32cubeide_1.4.0/stm32cubeide/plugins/com.st.stm32cube.ide.mcu.externaltools.gnu-tools-for-stm32.7-2018-q2-update.win32_1.4.0.202007081208/tools/bin/../lib/gcc/arm-none-eabi/7.3.1/thumb/v7-m/crtn.o
 .data          0x0000000000000000        0x0 c:/st/stm32cubeide_1.4.0/stm32cubeide/plugins/com.st.stm32cube.ide.mcu.externaltools.gnu-tools-for-stm32.7-2018-q2-update.win32_1.4.0.202007081208/tools/bin/../lib/gcc/arm-none-eabi/7.3.1/thumb/v7-m/crtn.o
 .bss           0x0000000000000000        0x0 c:/st/stm32cubeide_1.4.0/stm32cubeide/plugins/com.st.stm32cube.ide.mcu.externaltools.gnu-tools-for-stm32.7-2018-q2-update.win32_1.4.0.202007081208/tools/bin/../lib/gcc/arm-none-eabi/7.3.1/thumb/v7-m/crtn.o

Memory Configuration

Name             Origin             Length             Attributes
RAM              0x0000000020000000 0x0000000000002800 xrw
ROM              0x0000000008000000 0x0000000000008000 xr
*default*        0x0000000000000000 0xffffffffffffffff

Linker script and memory map

LOAD c:/st/stm32cubeide_1.4.0/stm32cubeide/plugins/com.st.stm32cube.ide.mcu.externaltools.gnu-tools-for-stm32.7-2018-q2-update.win32_1.4.0.202007081208/tools/bin/../lib/gcc/arm-none-eabi/7.3.1/thumb/v7-m/crti.o
LOAD c:/st/stm32cubeide_1.4.0/stm32cubeide/plugins/com.st.stm32cube.ide.mcu.externaltools.gnu-tools-for-stm32.7-2018-q2-update.win32_1.4.0.202007081208/tools/bin/../lib/gcc/arm-none-eabi/7.3.1/thumb/v7-m/crtbegin.o
LOAD c:/st/stm32cubeide_1.4.0/stm32cubeide/plugins/com.st.stm32cube.ide.mcu.externaltools.gnu-tools-for-stm32.7-2018-q2-update.win32_1.4.0.202007081208/tools/bin/../lib/gcc/arm-none-eabi/7.3.1/../../../../arm-none-eabi/lib/thumb/v7-m/crt0.o
LOAD STM32F103C6_DRIVERS/HAL/KEYPAD/keypad.o
LOAD STM32F103C6_DRIVERS/HAL/LCD/lcd.o
LOAD STM32F103C6_DRIVERS/MCAL/GPIO/STM32F103C6_GPIO_DRIVER.o
LOAD Src/main.o
LOAD Src/syscalls.o
LOAD Src/sysmem.o
LOAD Startup/startup_stm32f103c6tx.o
START GROUP
LOAD c:/st/stm32cubeide_1.4.0/stm32cubeide/plugins/com.st.stm32cube.ide.mcu.externaltools.gnu-tools-for-stm32.7-2018-q2-update.win32_1.4.0.202007081208/tools/bin/../lib/gcc/arm-none-eabi/7.3.1/../../../../arm-none-eabi/lib/thumb/v7-m\libc_nano.a
LOAD c:/st/stm32cubeide_1.4.0/stm32cubeide/plugins/com.st.stm32cube.ide.mcu.externaltools.gnu-tools-for-stm32.7-2018-q2-update.win32_1.4.0.202007081208/tools/bin/../lib/gcc/arm-none-eabi/7.3.1/../../../../arm-none-eabi/lib/thumb/v7-m\libm.a
END GROUP
START GROUP
LOAD c:/st/stm32cubeide_1.4.0/stm32cubeide/plugins/com.st.stm32cube.ide.mcu.externaltools.gnu-tools-for-stm32.7-2018-q2-update.win32_1.4.0.202007081208/tools/bin/../lib/gcc/arm-none-eabi/7.3.1/thumb/v7-m\libgcc.a
LOAD c:/st/stm32cubeide_1.4.0/stm32cubeide/plugins/com.st.stm32cube.ide.mcu.externaltools.gnu-tools-for-stm32.7-2018-q2-update.win32_1.4.0.202007081208/tools/bin/../lib/gcc/arm-none-eabi/7.3.1/../../../../arm-none-eabi/lib/thumb/v7-m\libg_nano.a
LOAD c:/st/stm32cubeide_1.4.0/stm32cubeide/plugins/com.st.stm32cube.ide.mcu.externaltools.gnu-tools-for-stm32.7-2018-q2-update.win32_1.4.0.202007081208/tools/bin/../lib/gcc/arm-none-eabi/7.3.1/../../../../arm-none-eabi/lib/thumb/v7-m\libc_nano.a
END GROUP
START GROUP
LOAD c:/st/stm32cubeide_1.4.0/stm32cubeide/plugins/com.st.stm32cube.ide.mcu.externaltools.gnu-tools-for-stm32.7-2018-q2-update.win32_1.4.0.202007081208/tools/bin/../lib/gcc/arm-none-eabi/7.3.1/thumb/v7-m\libgcc.a
LOAD c:/st/stm32cubeide_1.4.0/stm32cubeide/plugins/com.st.stm32cube.ide.mcu.externaltools.gnu-tools-for-stm32.7-2018-q2-update.win32_1.4.0.202007081208/tools/bin/../lib/gcc/arm-none-eabi/7.3.1/../../../../arm-none-eabi/lib/thumb/v7-m\libc_nano.a
LOAD c:/st/stm32cubeide_1.4.0/stm32cubeide/plugins/com.st.stm32cube.ide.mcu.externaltools.gnu-tools-for-stm32.7-2018-q2-update.win32_1.4.0.202007081208/tools/bin/../lib/gcc/arm-none-eabi/7.3.1/../../../../arm-none-eabi/lib/thumb/v7-m\libnosys.a
END GROUP
START GROUP
LOAD c:/st/stm32cubeide_1.4.0/stm32cubeide/plugins/com.st.stm32cube.ide.mcu.externaltools.gnu-tools-for-stm32.7-2018-q2-update.win32_1.4.0.202007081208/tools/bin/../lib/gcc/arm-none-eabi/7.3.1/thumb/v7-m\libgcc.a
LOAD c:/st/stm32cubeide_1.4.0/stm32cubeide/plugins/com.st.stm32cube.ide.mcu.externaltools.gnu-tools-for-stm32.7-2018-q2-update.win32_1.4.0.202007081208/tools/bin/../lib/gcc/arm-none-eabi/7.3.1/../../../../arm-none-eabi/lib/thumb/v7-m\libc_nano.a
LOAD c:/st/stm32cubeide_1.4.0/stm32cubeide/plugins/com.st.stm32cube.ide.mcu.externaltools.gnu-tools-for-stm32.7-2018-q2-update.win32_1.4.0.202007081208/tools/bin/../lib/gcc/arm-none-eabi/7.3.1/../../../../arm-none-eabi/lib/thumb/v7-m\libnosys.a
END GROUP
LOAD c:/st/stm32cubeide_1.4.0/stm32cubeide/plugins/com.st.stm32cube.ide.mcu.externaltools.gnu-tools-for-stm32.7-2018-q2-update.win32_1.4.0.202007081208/tools/bin/../lib/gcc/arm-none-eabi/7.3.1/thumb/v7-m/crtend.o
LOAD c:/st/stm32cubeide_1.4.0/stm32cubeide/plugins/com.st.stm32cube.ide.mcu.externaltools.gnu-tools-for-stm32.7-2018-q2-update.win32_1.4.0.202007081208/tools/bin/../lib/gcc/arm-none-eabi/7.3.1/thumb/v7-m/crtn.o
                0x0000000020002800                _estack = (ORIGIN (RAM) + LENGTH (RAM))
                0x0000000000000200                _Min_Heap_Size = 0x200
                0x0000000000000400                _Min_Stack_Size = 0x400

.isr_vector     0x0000000008000000      0x130
                0x0000000008000000                . = ALIGN (0x4)
 *(.isr_vector)
 .isr_vector    0x0000000008000000      0x130 Startup/startup_stm32f103c6tx.o
                0x0000000008000000                g_pfnVectors
                0x0000000008000130                . = ALIGN (0x4)

.text           0x0000000008000130      0xafc
                0x0000000008000130                . = ALIGN (0x4)
 *(.text)
 .text          0x0000000008000130       0x40 c:/st/stm32cubeide_1.4.0/stm32cubeide/plugins/com.st.stm32cube.ide.mcu.externaltools.gnu-tools-for-stm32.7-2018-q2-update.win32_1.4.0.202007081208/tools/bin/../lib/gcc/arm-none-eabi/7.3.1/thumb/v7-m/crtbegin.o
 *(.text*)
 .text.KEYPAD_INIT
                0x0000000008000170       0xcc STM32F103C6_DRIVERS/HAL/KEYPAD/keypad.o
                0x0000000008000170                KEYPAD_INIT
 .text.KEYPAD_GET_KEY
                0x000000000800023c      0x194 STM32F103C6_DRIVERS/HAL/KEYPAD/keypad.o
                0x000000000800023c                KEYPAD_GET_KEY
 .text.wait     0x00000000080003d0       0x38 STM32F103C6_DRIVERS/HAL/LCD/lcd.o
                0x00000000080003d0                wait
 .text.LCD_GPIO_init
                0x0000000008000408      0x158 STM32F103C6_DRIVERS/HAL/LCD/lcd.o
                0x0000000008000408                LCD_GPIO_init
 .text.LCD_clear_screen
                0x0000000008000560        0xe STM32F103C6_DRIVERS/HAL/LCD/lcd.o
                0x0000000008000560                LCD_clear_screen
 *fill*         0x000000000800056e        0x2 
 .text.LCD_lcd_kick
                0x0000000008000570       0x2c STM32F103C6_DRIVERS/HAL/LCD/lcd.o
                0x0000000008000570                LCD_lcd_kick
 .text.LCD_GOTO_XY
                0x000000000800059c       0x48 STM32F103C6_DRIVERS/HAL/LCD/lcd.o
                0x000000000800059c                LCD_GOTO_XY
 .text.LCD_INIT
                0x00000000080005e4       0x34 STM32F103C6_DRIVERS/HAL/LCD/lcd.o
                0x00000000080005e4                LCD_INIT
 .text.LCD_WRITE_COMMAND
                0x0000000008000618       0x44 STM32F103C6_DRIVERS/HAL/LCD/lcd.o
                0x0000000008000618                LCD_WRITE_COMMAND
 .text.LCD_WRITE_CHAR
                0x000000000800065c       0x44 STM32F103C6_DRIVERS/HAL/LCD/lcd.o
                0x000000000800065c                LCD_WRITE_CHAR
 .text.LCD_WRITE_STRING
                0x00000000080006a0       0x58 STM32F103C6_DRIVERS/HAL/LCD/lcd.o
                0x00000000080006a0                LCD_WRITE_STRING
 .text.Get_CRLH_Position
                0x00000000080006f8       0xc6 STM32F103C6_DRIVERS/MCAL/GPIO/STM32F103C6_GPIO_DRIVER.o
                0x00000000080006f8                Get_CRLH_Position
 .text.MCAL_GPIO_Init
                0x00000000080007be       0xfc STM32F103C6_DRIVERS/MCAL/GPIO/STM32F103C6_GPIO_DRIVER.o
                0x00000000080007be                MCAL_GPIO_Init
 .text.MCAL_GPIO_ReadPin
                0x00000000080008ba       0x2e STM32F103C6_DRIVERS/MCAL/GPIO/STM32F103C6_GPIO_DRIVER.o
                0x00000000080008ba                MCAL_GPIO_ReadPin
 .text.MCAL_GPIO_WritePin
                0x00000000080008e8       0x2e STM32F103C6_DRIVERS/MCAL/GPIO/STM32F103C6_GPIO_DRIVER.o
                0x00000000080008e8                MCAL_GPIO_WritePin
 .text.MCAL_GPIO_WritePort
                0x0000000008000916       0x1c STM32F103C6_DRIVERS/MCAL/GPIO/STM32F103C6_GPIO_DRIVER.o
                0x0000000008000916                MCAL_GPIO_WritePort
 .text.MCAL_GPIO_TogglePin
                0x0000000008000932       0x22 STM32F103C6_DRIVERS/MCAL/GPIO/STM32F103C6_GPIO_DRIVER.o
                0x0000000008000932                MCAL_GPIO_TogglePin
 .text.CLOCK_INIT
                0x0000000008000954       0x28 Src/main.o
                0x0000000008000954                CLOCK_INIT
 .text.GPIO_init
                0x000000000800097c       0xbc Src/main.o
                0x000000000800097c                GPIO_init
 .text.main     0x0000000008000a38      0x140 Src/main.o
                0x0000000008000a38                main
 .text.Reset_Handler
                0x0000000008000b78       0x50 Startup/startup_stm32f103c6tx.o
                0x0000000008000b78                Reset_Handler
 .text.Default_Handler
                0x0000000008000bc8        0x2 Startup/startup_stm32f103c6tx.o
                0x0000000008000bc8                EXTI2_IRQHandler
                0x0000000008000bc8                TIM8_TRG_COM_IRQHandler
                0x0000000008000bc8                TIM8_CC_IRQHandler
                0x0000000008000bc8                DebugMon_Handler
                0x0000000008000bc8                TIM1_CC_IRQHandler
                0x0000000008000bc8                HardFault_Handler
                0x0000000008000bc8                TIM6_IRQHandler
                0x0000000008000bc8                SysTick_Handler
                0x0000000008000bc8                PVD_IRQHandler
                0x0000000008000bc8                SDIO_IRQHandler
                0x0000000008000bc8                PendSV_Handler
                0x0000000008000bc8                NMI_Handler
                0x0000000008000bc8                EXTI3_IRQHandler
                0x0000000008000bc8                USB_HP_CAN_TX_IRQHandler
                0x0000000008000bc8                EXTI0_IRQHandler
                0x0000000008000bc8                I2C2_EV_IRQHandler
                0x0000000008000bc8                UsageFault_Handler
                0x0000000008000bc8                ADC1_2_IRQHandler
                0x0000000008000bc8                SPI1_IRQHandler
                0x0000000008000bc8                CAN_SCE_IRQHandler
                0x0000000008000bc8                TAMPER_IRQHandler
                0x0000000008000bc8                TIM8_UP_IRQHandler
                0x0000000008000bc8                DMA2_Channel2_IRQHandler
                0x0000000008000bc8                DMA1_Channel4_IRQHandler
                0x0000000008000bc8                USART3_IRQHandler
                0x0000000008000bc8                RTC_IRQHandler
                0x0000000008000bc8                DMA1_Channel7_IRQHandler
                0x0000000008000bc8                UART5_IRQHandler
                0x0000000008000bc8                ADC3_IRQHandler
                0x0000000008000bc8                TIM4_IRQHandler
                0x0000000008000bc8                CAN_RX1_IRQHandler
                0x0000000008000bc8                DMA2_Channel1_IRQHandler
                0x0000000008000bc8                I2C1_EV_IRQHandler
                0x0000000008000bc8                DMA1_Channel6_IRQHandler
                0x0000000008000bc8                UART4_IRQHandler
                0x0000000008000bc8                TIM3_IRQHandler
                0x0000000008000bc8                RCC_IRQHandler
                0x0000000008000bc8                TIM1_TRG_COM_IRQHandler
                0x0000000008000bc8                DMA1_Channel1_IRQHandler
                0x0000000008000bc8                Default_Handler
                0x0000000008000bc8                EXTI15_10_IRQHandler
                0x0000000008000bc8                TIM7_IRQHandler
                0x0000000008000bc8                TIM5_IRQHandler
                0x0000000008000bc8                EXTI9_5_IRQHandler
                0x0000000008000bc8                SPI2_IRQHandler
                0x0000000008000bc8                USB_LP_CAN_RX0_IRQHandler
                0x0000000008000bc8                MemManage_Handler
                0x0000000008000bc8                SVC_Handler
                0x0000000008000bc8                DMA1_Channel5_IRQHandler
                0x0000000008000bc8                EXTI4_IRQHandler
                0x0000000008000bc8                DMA1_Channel3_IRQHandler
                0x0000000008000bc8                FSMC_IRQHandler
                0x0000000008000bc8                TIM1_UP_IRQHandler
                0x0000000008000bc8                WWDG_IRQHandler
                0x0000000008000bc8                TIM2_IRQHandler
                0x0000000008000bc8                TIM1_BRK_IRQHandler
                0x0000000008000bc8                EXTI1_IRQHandler
                0x0000000008000bc8                RTCAlarm_IRQHandler
                0x0000000008000bc8                DMA2_Channel4_5_IRQHandler
                0x0000000008000bc8                USART2_IRQHandler
                0x0000000008000bc8                I2C2_ER_IRQHandler
                0x0000000008000bc8                DMA1_Channel2_IRQHandler
                0x0000000008000bc8                TIM8_BRK_IRQHandler
                0x0000000008000bc8                FLASH_IRQHandler
                0x0000000008000bc8                BusFault_Handler
                0x0000000008000bc8                USART1_IRQHandler
                0x0000000008000bc8                SPI3_IRQHandler
                0x0000000008000bc8                I2C1_ER_IRQHandler
                0x0000000008000bc8                DMA2_Channel3_IRQHandler
 *fill*         0x0000000008000bca        0x2 
 .text.__libc_init_array
                0x0000000008000bcc       0x48 c:/st/stm32cubeide_1.4.0/stm32cubeide/plugins/com.st.stm32cube.ide.mcu.externaltools.gnu-tools-for-stm32.7-2018-q2-update.win32_1.4.0.202007081208/tools/bin/../lib/gcc/arm-none-eabi/7.3.1/../../../../arm-none-eabi/lib/thumb/v7-m\libc_nano.a(lib_a-init.o)
                0x0000000008000bcc                __libc_init_array
 *(.glue_7)
 .glue_7        0x0000000008000c14        0x0 linker stubs
 *(.glue_7t)
 .glue_7t       0x0000000008000c14        0x0 linker stubs
 *(.eh_frame)
 .eh_frame      0x0000000008000c14        0x0 c:/st/stm32cubeide_1.4.0/stm32cubeide/plugins/com.st.stm32cube.ide.mcu.externaltools.gnu-tools-for-stm32.7-2018-q2-update.win32_1.4.0.202007081208/tools/bin/../lib/gcc/arm-none-eabi/7.3.1/thumb/v7-m/crtbegin.o
 *(.init)
 .init          0x0000000008000c14        0x4 c:/st/stm32cubeide_1.4.0/stm32cubeide/plugins/com.st.stm32cube.ide.mcu.externaltools.gnu-tools-for-stm32.7-2018-q2-update.win32_1.4.0.202007081208/tools/bin/../lib/gcc/arm-none-eabi/7.3.1/thumb/v7-m/crti.o
                0x0000000008000c14                _init
 .init          0x0000000008000c18        0x8 c:/st/stm32cubeide_1.4.0/stm32cubeide/plugins/com.st.stm32cube.ide.mcu.externaltools.gnu-tools-for-stm32.7-2018-q2-update.win32_1.4.0.202007081208/tools/bin/../lib/gcc/arm-none-eabi/7.3.1/thumb/v7-m/crtn.o
 *(.fini)
 .fini          0x0000000008000c20        0x4 c:/st/stm32cubeide_1.4.0/stm32cubeide/plugins/com.st.stm32cube.ide.mcu.externaltools.gnu-tools-for-stm32.7-2018-q2-update.win32_1.4.0.202007081208/tools/bin/../lib/gcc/arm-none-eabi/7.3.1/thumb/v7-m/crti.o
                0x0000000008000c20                _fini
 .fini          0x0000000008000c24        0x8 c:/st/stm32cubeide_1.4.0/stm32cubeide/plugins/com.st.stm32cube.ide.mcu.externaltools.gnu-tools-for-stm32.7-2018-q2-update.win32_1.4.0.202007081208/tools/bin/../lib/gcc/arm-none-eabi/7.3.1/thumb/v7-m/crtn.o
                0x0000000008000c2c                . = ALIGN (0x4)
                0x0000000008000c2c                _etext = .

.vfp11_veneer   0x0000000008000c2c        0x0
 .vfp11_veneer  0x0000000008000c2c        0x0 linker stubs

.v4_bx          0x0000000008000c2c        0x0
 .v4_bx         0x0000000008000c2c        0x0 linker stubs

.iplt           0x0000000008000c2c        0x0
 .iplt          0x0000000008000c2c        0x0 c:/st/stm32cubeide_1.4.0/stm32cubeide/plugins/com.st.stm32cube.ide.mcu.externaltools.gnu-tools-for-stm32.7-2018-q2-update.win32_1.4.0.202007081208/tools/bin/../lib/gcc/arm-none-eabi/7.3.1/thumb/v7-m/crtbegin.o

.rodata         0x0000000008000c2c       0x2c
                0x0000000008000c2c                . = ALIGN (0x4)
 *(.rodata)
 .rodata        0x0000000008000c2c       0x2b Src/main.o
 *(.rodata*)
                0x0000000008000c58                . = ALIGN (0x4)
 *fill*         0x0000000008000c57        0x1 

.rel.dyn        0x0000000008000c58        0x0
 .rel.iplt      0x0000000008000c58        0x0 c:/st/stm32cubeide_1.4.0/stm32cubeide/plugins/com.st.stm32cube.ide.mcu.externaltools.gnu-tools-for-stm32.7-2018-q2-update.win32_1.4.0.202007081208/tools/bin/../lib/gcc/arm-none-eabi/7.3.1/thumb/v7-m/crtbegin.o

.ARM.extab      0x0000000008000c58        0x0
                0x0000000008000c58                . = ALIGN (0x4)
 *(.ARM.extab* .gnu.linkonce.armextab.*)
                0x0000000008000c58                . = ALIGN (0x4)

.ARM            0x0000000008000c58        0x0
                0x0000000008000c58                . = ALIGN (0x4)
                0x0000000008000c58                __exidx_start = .
 *(.ARM.exidx*)
                0x0000000008000c58                __exidx_end = .
                0x0000000008000c58                . = ALIGN (0x4)

.preinit_array  0x0000000008000c58        0x0
                0x0000000008000c58                . = ALIGN (0x4)
                0x0000000008000c58                PROVIDE (__preinit_array_start = .)
 *(.preinit_array*)
                0x0000000008000c58                PROVIDE (__preinit_array_end = .)
                0x0000000008000c58                . = ALIGN (0x4)

.init_array     0x0000000008000c58        0x4
                0x0000000008000c58                . = ALIGN (0x4)
                0x0000000008000c58                PROVIDE (__init_array_start = .)
 *(SORT_BY_NAME(.init_array.*))
 *(.init_array*)
 .init_array    0x0000000008000c58        0x4 c:/st/stm32cubeide_1.4.0/stm32cubeide/plugins/com.st.stm32cube.ide.mcu.externaltools.gnu-tools-for-stm32.7-2018-q2-update.win32_1.4.0.202007081208/tools/bin/../lib/gcc/arm-none-eabi/7.3.1/thumb/v7-m/crtbegin.o
                0x0000000008000c5c                PROVIDE (__init_array_end = .)
                0x0000000008000c5c                . = ALIGN (0x4)

.fini_array     0x0000000008000c5c        0x4
                0x0000000008000c5c                . = ALIGN (0x4)
                [!provide]                        PROVIDE (__fini_array_start = .)
 *(SORT_BY_NAME(.fini_array.*))
 *(.fini_array*)
 .fini_array    0x0000000008000c5c        0x4 c:/st/stm32cubeide_1.4.0/stm32cubeide/plugins/com.st.stm32cube.ide.mcu.externaltools.gnu-tools-for-stm32.7-2018-q2-update.win32_1.4.0.202007081208/tools/bin/../lib/gcc/arm-none-eabi/7.3.1/thumb/v7-m/crtbegin.o
                [!provide]                        PROVIDE (__fini_array_end = .)
                0x0000000008000c60                . = ALIGN (0x4)
                0x0000000008000c60                _sidata = LOADADDR (.data)

.data           0x0000000020000000       0x20 load address 0x0000000008000c60
                0x0000000020000000                . = ALIGN (0x4)
                0x0000000020000000                _sdata = .
 *(.data)
 *(.data*)
 .data.Key_padRow
                0x0000000020000000       0x10 STM32F103C6_DRIVERS/HAL/KEYPAD/keypad.o
                0x0000000020000000                Key_padRow
 .data.Key_padCol
                0x0000000020000010       0x10 STM32F103C6_DRIVERS/HAL/KEYPAD/keypad.o
                0x0000000020000010                Key_padCol
                0x0000000020000020                . = ALIGN (0x4)
                0x0000000020000020                _edata = .

.igot.plt       0x0000000020000020        0x0 load address 0x0000000008000c80
 .igot.plt      0x0000000020000020        0x0 c:/st/stm32cubeide_1.4.0/stm32cubeide/plugins/com.st.stm32cube.ide.mcu.externaltools.gnu-tools-for-stm32.7-2018-q2-update.win32_1.4.0.202007081208/tools/bin/../lib/gcc/arm-none-eabi/7.3.1/thumb/v7-m/crtbegin.o
                0x0000000020000020                . = ALIGN (0x4)

.bss            0x0000000020000020       0x20 load address 0x0000000008000c80
                0x0000000020000020                _sbss = .
                0x0000000020000020                __bss_start__ = _sbss
 *(.bss)
 .bss           0x0000000020000020       0x1c c:/st/stm32cubeide_1.4.0/stm32cubeide/plugins/com.st.stm32cube.ide.mcu.externaltools.gnu-tools-for-stm32.7-2018-q2-update.win32_1.4.0.202007081208/tools/bin/../lib/gcc/arm-none-eabi/7.3.1/thumb/v7-m/crtbegin.o
 *(.bss*)
 *(COMMON)
 COMMON         0x000000002000003c        0x4 STM32F103C6_DRIVERS/HAL/LCD/lcd.o
                0x000000002000003c                PinCfg
                0x0000000020000040                . = ALIGN (0x4)
                0x0000000020000040                _ebss = .
                0x0000000020000040                __bss_end__ = _ebss

._user_heap_stack
                0x0000000020000040      0x600 load address 0x0000000008000c80
                0x0000000020000040                . = ALIGN (0x8)
                [!provide]                        PROVIDE (end = .)
                0x0000000020000040                PROVIDE (_end = .)
                0x0000000020000240                . = (. + _Min_Heap_Size)
 *fill*         0x0000000020000040      0x200 
                0x0000000020000640                . = (. + _Min_Stack_Size)
 *fill*         0x0000000020000240      0x400 
                0x0000000020000640                . = ALIGN (0x8)

/DISCARD/
 libc.a(*)
 libm.a(*)
 libgcc.a(*)

.ARM.attributes
                0x0000000000000000       0x29
 *(.ARM.attributes)
 .ARM.attributes
                0x0000000000000000       0x1d c:/st/stm32cubeide_1.4.0/stm32cubeide/plugins/com.st.stm32cube.ide.mcu.externaltools.gnu-tools-for-stm32.7-2018-q2-update.win32_1.4.0.202007081208/tools/bin/../lib/gcc/arm-none-eabi/7.3.1/thumb/v7-m/crti.o
 .ARM.attributes
                0x000000000000001d       0x2d c:/st/stm32cubeide_1.4.0/stm32cubeide/plugins/com.st.stm32cube.ide.mcu.externaltools.gnu-tools-for-stm32.7-2018-q2-update.win32_1.4.0.202007081208/tools/bin/../lib/gcc/arm-none-eabi/7.3.1/thumb/v7-m/crtbegin.o
 .ARM.attributes
                0x000000000000004a       0x33 STM32F103C6_DRIVERS/HAL/KEYPAD/keypad.o
 .ARM.attributes
                0x000000000000007d       0x33 STM32F103C6_DRIVERS/HAL/LCD/lcd.o
 .ARM.attributes
                0x00000000000000b0       0x33 STM32F103C6_DRIVERS/MCAL/GPIO/STM32F103C6_GPIO_DRIVER.o
 .ARM.attributes
                0x00000000000000e3       0x33 Src/main.o
 .ARM.attributes
                0x0000000000000116       0x21 Startup/startup_stm32f103c6tx.o
 .ARM.attributes
                0x0000000000000137       0x2d c:/st/stm32cubeide_1.4.0/stm32cubeide/plugins/com.st.stm32cube.ide.mcu.externaltools.gnu-tools-for-stm32.7-2018-q2-update.win32_1.4.0.202007081208/tools/bin/../lib/gcc/arm-none-eabi/7.3.1/../../../../arm-none-eabi/lib/thumb/v7-m\libc_nano.a(lib_a-init.o)
 .ARM.attributes
                0x0000000000000164       0x1d c:/st/stm32cubeide_1.4.0/stm32cubeide/plugins/com.st.stm32cube.ide.mcu.externaltools.gnu-tools-for-stm32.7-2018-q2-update.win32_1.4.0.202007081208/tools/bin/../lib/gcc/arm-none-eabi/7.3.1/thumb/v7-m/crtn.o
OUTPUT(Section_3_DRIVERS (LCD&KEYPAD).elf elf32-littlearm)

.debug_info     0x0000000000000000     0x3095
 .debug_info    0x0000000000000000      0xb07 STM32F103C6_DRIVERS/HAL/KEYPAD/keypad.o
 .debug_info    0x0000000000000b07      0xbf2 STM32F103C6_DRIVERS/HAL/LCD/lcd.o
 .debug_info    0x00000000000016f9      0xd75 STM32F103C6_DRIVERS/MCAL/GPIO/STM32F103C6_GPIO_DRIVER.o
 .debug_info    0x000000000000246e      0xc05 Src/main.o
 .debug_info    0x0000000000003073       0x22 Startup/startup_stm32f103c6tx.o

.debug_abbrev   0x0000000000000000      0x7dd
 .debug_abbrev  0x0000000000000000      0x1b5 STM32F103C6_DRIVERS/HAL/KEYPAD/keypad.o
 .debug_abbrev  0x00000000000001b5      0x1f4 STM32F103C6_DRIVERS/HAL/LCD/lcd.o
 .debug_abbrev  0x00000000000003a9      0x232 STM32F103C6_DRIVERS/MCAL/GPIO/STM32F103C6_GPIO_DRIVER.o
 .debug_abbrev  0x00000000000005db      0x1f0 Src/main.o
 .debug_abbrev  0x00000000000007cb       0x12 Startup/startup_stm32f103c6tx.o

.debug_loc      0x0000000000000000      0x714
 .debug_loc     0x0000000000000000       0xa0 STM32F103C6_DRIVERS/HAL/KEYPAD/keypad.o
 .debug_loc     0x00000000000000a0      0x278 STM32F103C6_DRIVERS/HAL/LCD/lcd.o
 .debug_loc     0x0000000000000318      0x330 STM32F103C6_DRIVERS/MCAL/GPIO/STM32F103C6_GPIO_DRIVER.o
 .debug_loc     0x0000000000000648       0xcc Src/main.o

.debug_aranges  0x0000000000000000      0x148
 .debug_aranges
                0x0000000000000000       0x28 STM32F103C6_DRIVERS/HAL/KEYPAD/keypad.o
 .debug_aranges
                0x0000000000000028       0x68 STM32F103C6_DRIVERS/HAL/LCD/lcd.o
 .debug_aranges
                0x0000000000000090       0x60 STM32F103C6_DRIVERS/MCAL/GPIO/STM32F103C6_GPIO_DRIVER.o
 .debug_aranges
                0x00000000000000f0       0x30 Src/main.o
 .debug_aranges
                0x0000000000000120       0x28 Startup/startup_stm32f103c6tx.o

.debug_ranges   0x0000000000000000      0x100
 .debug_ranges  0x0000000000000000       0x18 STM32F103C6_DRIVERS/HAL/KEYPAD/keypad.o
 .debug_ranges  0x0000000000000018       0x58 STM32F103C6_DRIVERS/HAL/LCD/lcd.o
 .debug_ranges  0x0000000000000070       0x50 STM32F103C6_DRIVERS/MCAL/GPIO/STM32F103C6_GPIO_DRIVER.o
 .debug_ranges  0x00000000000000c0       0x20 Src/main.o
 .debug_ranges  0x00000000000000e0       0x20 Startup/startup_stm32f103c6tx.o

.debug_macro    0x0000000000000000     0x208a
 .debug_macro   0x0000000000000000      0x151 STM32F103C6_DRIVERS/HAL/KEYPAD/keypad.o
 .debug_macro   0x0000000000000151      0xa60 STM32F103C6_DRIVERS/HAL/KEYPAD/keypad.o
 .debug_macro   0x0000000000000bb1       0x10 STM32F103C6_DRIVERS/HAL/KEYPAD/keypad.o
 .debug_macro   0x0000000000000bc1       0x18 STM32F103C6_DRIVERS/HAL/KEYPAD/keypad.o
 .debug_macro   0x0000000000000bd9       0x22 STM32F103C6_DRIVERS/HAL/KEYPAD/keypad.o
 .debug_macro   0x0000000000000bfb       0x40 STM32F103C6_DRIVERS/HAL/KEYPAD/keypad.o
 .debug_macro   0x0000000000000c3b       0x94 STM32F103C6_DRIVERS/HAL/KEYPAD/keypad.o
 .debug_macro   0x0000000000000ccf       0x3c STM32F103C6_DRIVERS/HAL/KEYPAD/keypad.o
 .debug_macro   0x0000000000000d0b       0x34 STM32F103C6_DRIVERS/HAL/KEYPAD/keypad.o
 .debug_macro   0x0000000000000d3f       0x16 STM32F103C6_DRIVERS/HAL/KEYPAD/keypad.o
 .debug_macro   0x0000000000000d55      0x10e STM32F103C6_DRIVERS/HAL/KEYPAD/keypad.o
 .debug_macro   0x0000000000000e63       0x8d STM32F103C6_DRIVERS/HAL/KEYPAD/keypad.o
 .debug_macro   0x0000000000000ef0       0x57 STM32F103C6_DRIVERS/HAL/KEYPAD/keypad.o
 .debug_macro   0x0000000000000f47       0x52 STM32F103C6_DRIVERS/HAL/KEYPAD/keypad.o
 .debug_macro   0x0000000000000f99       0x1f STM32F103C6_DRIVERS/HAL/KEYPAD/keypad.o
 .debug_macro   0x0000000000000fb8       0x43 STM32F103C6_DRIVERS/HAL/KEYPAD/keypad.o
 .debug_macro   0x0000000000000ffb       0x20 STM32F103C6_DRIVERS/HAL/KEYPAD/keypad.o
 .debug_macro   0x000000000000101b      0x1a3 STM32F103C6_DRIVERS/HAL/KEYPAD/keypad.o
 .debug_macro   0x00000000000011be      0x330 STM32F103C6_DRIVERS/HAL/KEYPAD/keypad.o
 .debug_macro   0x00000000000014ee       0x16 STM32F103C6_DRIVERS/HAL/KEYPAD/keypad.o
 .debug_macro   0x0000000000001504       0x29 STM32F103C6_DRIVERS/HAL/KEYPAD/keypad.o
 .debug_macro   0x000000000000152d       0xef STM32F103C6_DRIVERS/HAL/KEYPAD/keypad.o
 .debug_macro   0x000000000000161c       0x6a STM32F103C6_DRIVERS/HAL/KEYPAD/keypad.o
 .debug_macro   0x0000000000001686      0x1df STM32F103C6_DRIVERS/HAL/KEYPAD/keypad.o
 .debug_macro   0x0000000000001865       0xb4 STM32F103C6_DRIVERS/HAL/KEYPAD/keypad.o
 .debug_macro   0x0000000000001919       0xd0 STM32F103C6_DRIVERS/HAL/KEYPAD/keypad.o
 .debug_macro   0x00000000000019e9       0x3a STM32F103C6_DRIVERS/HAL/KEYPAD/keypad.o
 .debug_macro   0x0000000000001a23      0x151 STM32F103C6_DRIVERS/HAL/LCD/lcd.o
 .debug_macro   0x0000000000001b74       0x10 STM32F103C6_DRIVERS/HAL/LCD/lcd.o
 .debug_macro   0x0000000000001b84       0x94 STM32F103C6_DRIVERS/HAL/LCD/lcd.o
 .debug_macro   0x0000000000001c18      0x143 STM32F103C6_DRIVERS/MCAL/GPIO/STM32F103C6_GPIO_DRIVER.o
 .debug_macro   0x0000000000001d5b      0x1ab Src/main.o
 .debug_macro   0x0000000000001f06       0xb4 Src/main.o
 .debug_macro   0x0000000000001fba       0xd0 Src/main.o

.debug_line     0x0000000000000000     0x1dc6
 .debug_line    0x0000000000000000      0x6c4 STM32F103C6_DRIVERS/HAL/KEYPAD/keypad.o
 .debug_line    0x00000000000006c4      0x6f5 STM32F103C6_DRIVERS/HAL/LCD/lcd.o
 .debug_line    0x0000000000000db9      0x740 STM32F103C6_DRIVERS/MCAL/GPIO/STM32F103C6_GPIO_DRIVER.o
 .debug_line    0x00000000000014f9      0x849 Src/main.o
 .debug_line    0x0000000000001d42       0x84 Startup/startup_stm32f103c6tx.o

.debug_str      0x0000000000000000     0x7b58
 .debug_str     0x0000000000000000     0x75f1 STM32F103C6_DRIVERS/HAL/KEYPAD/keypad.o
                                       0x7852 (size before relaxing)
 .debug_str     0x00000000000075f1      0x333 STM32F103C6_DRIVERS/HAL/LCD/lcd.o
                                       0x7aa2 (size before relaxing)
 .debug_str     0x0000000000007924      0x169 STM32F103C6_DRIVERS/MCAL/GPIO/STM32F103C6_GPIO_DRIVER.o
                                       0x78c5 (size before relaxing)
 .debug_str     0x0000000000007a8d       0x9a Src/main.o
                                       0x7b4c (size before relaxing)
 .debug_str     0x0000000000007b27       0x31 Startup/startup_stm32f103c6tx.o
                                         0xa4 (size before relaxing)

.comment        0x0000000000000000       0x7b
 .comment       0x0000000000000000       0x7b STM32F103C6_DRIVERS/HAL/KEYPAD/keypad.o
                                         0x7c (size before relaxing)
 .comment       0x000000000000007b       0x7c STM32F103C6_DRIVERS/HAL/LCD/lcd.o
 .comment       0x000000000000007b       0x7c STM32F103C6_DRIVERS/MCAL/GPIO/STM32F103C6_GPIO_DRIVER.o
 .comment       0x000000000000007b       0x7c Src/main.o

.debug_frame    0x0000000000000000      0x3c4
 .debug_frame   0x0000000000000000       0x58 STM32F103C6_DRIVERS/HAL/KEYPAD/keypad.o
 .debug_frame   0x0000000000000058      0x154 STM32F103C6_DRIVERS/HAL/LCD/lcd.o
 .debug_frame   0x00000000000001ac      0x178 STM32F103C6_DRIVERS/MCAL/GPIO/STM32F103C6_GPIO_DRIVER.o
 .debug_frame   0x0000000000000324       0x74 Src/main.o
 .debug_frame   0x0000000000000398       0x2c c:/st/stm32cubeide_1.4.0/stm32cubeide/plugins/com.st.stm32cube.ide.mcu.externaltools.gnu-tools-for-stm32.7-2018-q2-update.win32_1.4.0.202007081208/tools/bin/../lib/gcc/arm-none-eabi/7.3.1/../../../../arm-none-eabi/lib/thumb/v7-m\libc_nano.a(lib_a-init.o)
