STM32F103C6_I2C_DRIVER.c:42:6:I2C_Generate_Start_Condition	16	static
STM32F103C6_I2C_DRIVER.c:80:13:I2C_Get_Flag_Status	40	static
STM32F103C6_I2C_DRIVER.c:222:6:I2C_Send_Address	24	static
STM32F103C6_I2C_DRIVER.c:259:6:I2C_Generate_Stop_Condition	16	static
STM32F103C6_I2C_DRIVER.c:288:6:I2C_Acknowledge_Config	16	static
STM32F103C6_I2C_DRIVER.c:312:6:Slave_States	24	static
STM32F103C6_I2C_DRIVER.c:384:6:MCAL_I2C_Init	40	static
STM32F103C6_I2C_DRIVER.c:534:6:MCAL_I2C_DeInit	16	static
STM32F103C6_I2C_DRIVER.c:562:6:MCAL_GPIO_I2C_Set_Pins	24	static
STM32F103C6_I2C_DRIVER.c:629:6:MCAL_I2C_Master_Tx	32	static
STM32F103C6_I2C_DRIVER.c:704:6:MCAL_I2C_Master_Rx	32	static
STM32F103C6_I2C_DRIVER.c:779:6:MCAL_I2C_Slave_Tx	16	static
STM32F103C6_I2C_DRIVER.c:791:9:MCAL_I2C_Slave_Rx	16	static
STM32F103C6_I2C_DRIVER.c:796:6:I2C1_EV_IRQHandler	32	static
STM32F103C6_I2C_DRIVER.c:890:6:I2C1_ER_IRQHandler	4	static
STM32F103C6_I2C_DRIVER.c:895:6:I2C2_EV_IRQHandler	4	static
STM32F103C6_I2C_DRIVER.c:900:6:I2C2_ER_IRQHandler	4	static
