STM32F103C6_USART_DRIVER.c:41:6:MCAL_UART_Init	24	static
STM32F103C6_USART_DRIVER.c:123:6:MCAL_UART_DeInit	16	static
STM32F103C6_USART_DRIVER.c:156:6:MCAL_UART_SendData	24	static
STM32F103C6_USART_DRIVER.c:189:6:MCAL_UART_WAIT_TC	16	static
STM32F103C6_USART_DRIVER.c:205:6:MCAL_UART_ReceiveData	24	static
STM32F103C6_USART_DRIVER.c:248:6:MCAL_UART_GPIO_Set_Pins	24	static
STM32F103C6_USART_DRIVER.c:377:6:USART1_IRQHandler	8	static
STM32F103C6_USART_DRIVER.c:382:6:USART2_IRQHandler	8	static
STM32F103C6_USART_DRIVER.c:387:6:USART3_IRQHandler	8	static
