Archive member included to satisfy reference by file (symbol)

c:/st/stm32cubeide_1.4.0/stm32cubeide/plugins/com.st.stm32cube.ide.mcu.externaltools.gnu-tools-for-stm32.7-2018-q2-update.win32_1.4.0.202007081208/tools/bin/../lib/gcc/arm-none-eabi/7.3.1/../../../../arm-none-eabi/lib/thumb/v7-m\libc_nano.a(lib_a-errno.o)
                              Src/syscalls.o (__errno)
c:/st/stm32cubeide_1.4.0/stm32cubeide/plugins/com.st.stm32cube.ide.mcu.externaltools.gnu-tools-for-stm32.7-2018-q2-update.win32_1.4.0.202007081208/tools/bin/../lib/gcc/arm-none-eabi/7.3.1/../../../../arm-none-eabi/lib/thumb/v7-m\libc_nano.a(lib_a-exit.o)
                              c:/st/stm32cubeide_1.4.0/stm32cubeide/plugins/com.st.stm32cube.ide.mcu.externaltools.gnu-tools-for-stm32.7-2018-q2-update.win32_1.4.0.202007081208/tools/bin/../lib/gcc/arm-none-eabi/7.3.1/../../../../arm-none-eabi/lib/thumb/v7-m/crt0.o (exit)
c:/st/stm32cubeide_1.4.0/stm32cubeide/plugins/com.st.stm32cube.ide.mcu.externaltools.gnu-tools-for-stm32.7-2018-q2-update.win32_1.4.0.202007081208/tools/bin/../lib/gcc/arm-none-eabi/7.3.1/../../../../arm-none-eabi/lib/thumb/v7-m\libc_nano.a(lib_a-impure.o)
                              c:/st/stm32cubeide_1.4.0/stm32cubeide/plugins/com.st.stm32cube.ide.mcu.externaltools.gnu-tools-for-stm32.7-2018-q2-update.win32_1.4.0.202007081208/tools/bin/../lib/gcc/arm-none-eabi/7.3.1/../../../../arm-none-eabi/lib/thumb/v7-m\libc_nano.a(lib_a-exit.o) (_global_impure_ptr)
c:/st/stm32cubeide_1.4.0/stm32cubeide/plugins/com.st.stm32cube.ide.mcu.externaltools.gnu-tools-for-stm32.7-2018-q2-update.win32_1.4.0.202007081208/tools/bin/../lib/gcc/arm-none-eabi/7.3.1/../../../../arm-none-eabi/lib/thumb/v7-m\libc_nano.a(lib_a-init.o)
                              c:/st/stm32cubeide_1.4.0/stm32cubeide/plugins/com.st.stm32cube.ide.mcu.externaltools.gnu-tools-for-stm32.7-2018-q2-update.win32_1.4.0.202007081208/tools/bin/../lib/gcc/arm-none-eabi/7.3.1/../../../../arm-none-eabi/lib/thumb/v7-m/crt0.o (__libc_init_array)
c:/st/stm32cubeide_1.4.0/stm32cubeide/plugins/com.st.stm32cube.ide.mcu.externaltools.gnu-tools-for-stm32.7-2018-q2-update.win32_1.4.0.202007081208/tools/bin/../lib/gcc/arm-none-eabi/7.3.1/../../../../arm-none-eabi/lib/thumb/v7-m\libc_nano.a(lib_a-memset.o)
                              c:/st/stm32cubeide_1.4.0/stm32cubeide/plugins/com.st.stm32cube.ide.mcu.externaltools.gnu-tools-for-stm32.7-2018-q2-update.win32_1.4.0.202007081208/tools/bin/../lib/gcc/arm-none-eabi/7.3.1/../../../../arm-none-eabi/lib/thumb/v7-m/crt0.o (memset)

Allocating common symbols
Common symbol       size              file

P_IRQ_CallBack      0x3c              STM32F103C6_DRIVERS/MCAL/EXTI/STM32F103C6_EXTI_DRIVER.o
IRQ_Flag            0x4               Src/main.o
PinCfg              0x4               STM32F103C6_DRIVERS/HAL/LCD/lcd.o

Discarded input sections

 .text          0x0000000000000000        0x0 c:/st/stm32cubeide_1.4.0/stm32cubeide/plugins/com.st.stm32cube.ide.mcu.externaltools.gnu-tools-for-stm32.7-2018-q2-update.win32_1.4.0.202007081208/tools/bin/../lib/gcc/arm-none-eabi/7.3.1/thumb/v7-m/crti.o
 .data          0x0000000000000000        0x0 c:/st/stm32cubeide_1.4.0/stm32cubeide/plugins/com.st.stm32cube.ide.mcu.externaltools.gnu-tools-for-stm32.7-2018-q2-update.win32_1.4.0.202007081208/tools/bin/../lib/gcc/arm-none-eabi/7.3.1/thumb/v7-m/crti.o
 .bss           0x0000000000000000        0x0 c:/st/stm32cubeide_1.4.0/stm32cubeide/plugins/com.st.stm32cube.ide.mcu.externaltools.gnu-tools-for-stm32.7-2018-q2-update.win32_1.4.0.202007081208/tools/bin/../lib/gcc/arm-none-eabi/7.3.1/thumb/v7-m/crti.o
 .data          0x0000000000000000        0x4 c:/st/stm32cubeide_1.4.0/stm32cubeide/plugins/com.st.stm32cube.ide.mcu.externaltools.gnu-tools-for-stm32.7-2018-q2-update.win32_1.4.0.202007081208/tools/bin/../lib/gcc/arm-none-eabi/7.3.1/thumb/v7-m/crtbegin.o
 .text          0x0000000000000000       0x74 c:/st/stm32cubeide_1.4.0/stm32cubeide/plugins/com.st.stm32cube.ide.mcu.externaltools.gnu-tools-for-stm32.7-2018-q2-update.win32_1.4.0.202007081208/tools/bin/../lib/gcc/arm-none-eabi/7.3.1/../../../../arm-none-eabi/lib/thumb/v7-m/crt0.o
 .data          0x0000000000000000        0x0 c:/st/stm32cubeide_1.4.0/stm32cubeide/plugins/com.st.stm32cube.ide.mcu.externaltools.gnu-tools-for-stm32.7-2018-q2-update.win32_1.4.0.202007081208/tools/bin/../lib/gcc/arm-none-eabi/7.3.1/../../../../arm-none-eabi/lib/thumb/v7-m/crt0.o
 .bss           0x0000000000000000        0x0 c:/st/stm32cubeide_1.4.0/stm32cubeide/plugins/com.st.stm32cube.ide.mcu.externaltools.gnu-tools-for-stm32.7-2018-q2-update.win32_1.4.0.202007081208/tools/bin/../lib/gcc/arm-none-eabi/7.3.1/../../../../arm-none-eabi/lib/thumb/v7-m/crt0.o
 .ARM.extab     0x0000000000000000        0x0 c:/st/stm32cubeide_1.4.0/stm32cubeide/plugins/com.st.stm32cube.ide.mcu.externaltools.gnu-tools-for-stm32.7-2018-q2-update.win32_1.4.0.202007081208/tools/bin/../lib/gcc/arm-none-eabi/7.3.1/../../../../arm-none-eabi/lib/thumb/v7-m/crt0.o
 .ARM.exidx     0x0000000000000000        0x8 c:/st/stm32cubeide_1.4.0/stm32cubeide/plugins/com.st.stm32cube.ide.mcu.externaltools.gnu-tools-for-stm32.7-2018-q2-update.win32_1.4.0.202007081208/tools/bin/../lib/gcc/arm-none-eabi/7.3.1/../../../../arm-none-eabi/lib/thumb/v7-m/crt0.o
 .ARM.attributes
                0x0000000000000000       0x1b c:/st/stm32cubeide_1.4.0/stm32cubeide/plugins/com.st.stm32cube.ide.mcu.externaltools.gnu-tools-for-stm32.7-2018-q2-update.win32_1.4.0.202007081208/tools/bin/../lib/gcc/arm-none-eabi/7.3.1/../../../../arm-none-eabi/lib/thumb/v7-m/crt0.o
 .group         0x0000000000000000        0xc STM32F103C6_DRIVERS/HAL/KEYPAD/keypad.o
 .group         0x0000000000000000        0xc STM32F103C6_DRIVERS/HAL/KEYPAD/keypad.o
 .group         0x0000000000000000        0xc STM32F103C6_DRIVERS/HAL/KEYPAD/keypad.o
 .group         0x0000000000000000        0xc STM32F103C6_DRIVERS/HAL/KEYPAD/keypad.o
 .group         0x0000000000000000        0xc STM32F103C6_DRIVERS/HAL/KEYPAD/keypad.o
 .group         0x0000000000000000        0xc STM32F103C6_DRIVERS/HAL/KEYPAD/keypad.o
 .group         0x0000000000000000        0xc STM32F103C6_DRIVERS/HAL/KEYPAD/keypad.o
 .group         0x0000000000000000        0xc STM32F103C6_DRIVERS/HAL/KEYPAD/keypad.o
 .group         0x0000000000000000        0xc STM32F103C6_DRIVERS/HAL/KEYPAD/keypad.o
 .group         0x0000000000000000        0xc STM32F103C6_DRIVERS/HAL/KEYPAD/keypad.o
 .group         0x0000000000000000        0xc STM32F103C6_DRIVERS/HAL/KEYPAD/keypad.o
 .group         0x0000000000000000        0xc STM32F103C6_DRIVERS/HAL/KEYPAD/keypad.o
 .group         0x0000000000000000        0xc STM32F103C6_DRIVERS/HAL/KEYPAD/keypad.o
 .group         0x0000000000000000        0xc STM32F103C6_DRIVERS/HAL/KEYPAD/keypad.o
 .group         0x0000000000000000        0xc STM32F103C6_DRIVERS/HAL/KEYPAD/keypad.o
 .group         0x0000000000000000        0xc STM32F103C6_DRIVERS/HAL/KEYPAD/keypad.o
 .group         0x0000000000000000        0xc STM32F103C6_DRIVERS/HAL/KEYPAD/keypad.o
 .group         0x0000000000000000        0xc STM32F103C6_DRIVERS/HAL/KEYPAD/keypad.o
 .group         0x0000000000000000        0xc STM32F103C6_DRIVERS/HAL/KEYPAD/keypad.o
 .group         0x0000000000000000        0xc STM32F103C6_DRIVERS/HAL/KEYPAD/keypad.o
 .group         0x0000000000000000        0xc STM32F103C6_DRIVERS/HAL/KEYPAD/keypad.o
 .group         0x0000000000000000        0xc STM32F103C6_DRIVERS/HAL/KEYPAD/keypad.o
 .group         0x0000000000000000        0xc STM32F103C6_DRIVERS/HAL/KEYPAD/keypad.o
 .group         0x0000000000000000        0xc STM32F103C6_DRIVERS/HAL/KEYPAD/keypad.o
 .group         0x0000000000000000        0xc STM32F103C6_DRIVERS/HAL/KEYPAD/keypad.o
 .group         0x0000000000000000        0xc STM32F103C6_DRIVERS/HAL/KEYPAD/keypad.o
 .text          0x0000000000000000        0x0 STM32F103C6_DRIVERS/HAL/KEYPAD/keypad.o
 .data          0x0000000000000000        0x0 STM32F103C6_DRIVERS/HAL/KEYPAD/keypad.o
 .bss           0x0000000000000000        0x0 STM32F103C6_DRIVERS/HAL/KEYPAD/keypad.o
 .data.Key_padRow
                0x0000000000000000       0x10 STM32F103C6_DRIVERS/HAL/KEYPAD/keypad.o
 .data.Key_padCol
                0x0000000000000000       0x10 STM32F103C6_DRIVERS/HAL/KEYPAD/keypad.o
 .text.KEYPAD_INIT
                0x0000000000000000       0xcc STM32F103C6_DRIVERS/HAL/KEYPAD/keypad.o
 .text.KEYPAD_GET_KEY
                0x0000000000000000      0x194 STM32F103C6_DRIVERS/HAL/KEYPAD/keypad.o
 .debug_info    0x0000000000000000      0xb07 STM32F103C6_DRIVERS/HAL/KEYPAD/keypad.o
 .debug_abbrev  0x0000000000000000      0x1b5 STM32F103C6_DRIVERS/HAL/KEYPAD/keypad.o
 .debug_loc     0x0000000000000000       0xa0 STM32F103C6_DRIVERS/HAL/KEYPAD/keypad.o
 .debug_aranges
                0x0000000000000000       0x28 STM32F103C6_DRIVERS/HAL/KEYPAD/keypad.o
 .debug_ranges  0x0000000000000000       0x18 STM32F103C6_DRIVERS/HAL/KEYPAD/keypad.o
 .debug_macro   0x0000000000000000      0x151 STM32F103C6_DRIVERS/HAL/KEYPAD/keypad.o
 .debug_macro   0x0000000000000000      0xa60 STM32F103C6_DRIVERS/HAL/KEYPAD/keypad.o
 .debug_macro   0x0000000000000000       0x10 STM32F103C6_DRIVERS/HAL/KEYPAD/keypad.o
 .debug_macro   0x0000000000000000       0x18 STM32F103C6_DRIVERS/HAL/KEYPAD/keypad.o
 .debug_macro   0x0000000000000000       0x22 STM32F103C6_DRIVERS/HAL/KEYPAD/keypad.o
 .debug_macro   0x0000000000000000       0x40 STM32F103C6_DRIVERS/HAL/KEYPAD/keypad.o
 .debug_macro   0x0000000000000000       0x94 STM32F103C6_DRIVERS/HAL/KEYPAD/keypad.o
 .debug_macro   0x0000000000000000       0x3c STM32F103C6_DRIVERS/HAL/KEYPAD/keypad.o
 .debug_macro   0x0000000000000000       0x34 STM32F103C6_DRIVERS/HAL/KEYPAD/keypad.o
 .debug_macro   0x0000000000000000       0x16 STM32F103C6_DRIVERS/HAL/KEYPAD/keypad.o
 .debug_macro   0x0000000000000000      0x10e STM32F103C6_DRIVERS/HAL/KEYPAD/keypad.o
 .debug_macro   0x0000000000000000       0x8d STM32F103C6_DRIVERS/HAL/KEYPAD/keypad.o
 .debug_macro   0x0000000000000000       0x57 STM32F103C6_DRIVERS/HAL/KEYPAD/keypad.o
 .debug_macro   0x0000000000000000       0x52 STM32F103C6_DRIVERS/HAL/KEYPAD/keypad.o
 .debug_macro   0x0000000000000000       0x1f STM32F103C6_DRIVERS/HAL/KEYPAD/keypad.o
 .debug_macro   0x0000000000000000       0x43 STM32F103C6_DRIVERS/HAL/KEYPAD/keypad.o
 .debug_macro   0x0000000000000000       0x20 STM32F103C6_DRIVERS/HAL/KEYPAD/keypad.o
 .debug_macro   0x0000000000000000      0x1a3 STM32F103C6_DRIVERS/HAL/KEYPAD/keypad.o
 .debug_macro   0x0000000000000000      0x330 STM32F103C6_DRIVERS/HAL/KEYPAD/keypad.o
 .debug_macro   0x0000000000000000       0x16 STM32F103C6_DRIVERS/HAL/KEYPAD/keypad.o
 .debug_macro   0x0000000000000000       0x29 STM32F103C6_DRIVERS/HAL/KEYPAD/keypad.o
 .debug_macro   0x0000000000000000       0xef STM32F103C6_DRIVERS/HAL/KEYPAD/keypad.o
 .debug_macro   0x0000000000000000       0x6a STM32F103C6_DRIVERS/HAL/KEYPAD/keypad.o
 .debug_macro   0x0000000000000000      0x1df STM32F103C6_DRIVERS/HAL/KEYPAD/keypad.o
 .debug_macro   0x0000000000000000      0x1b0 STM32F103C6_DRIVERS/HAL/KEYPAD/keypad.o
 .debug_macro   0x0000000000000000       0xd0 STM32F103C6_DRIVERS/HAL/KEYPAD/keypad.o
 .debug_macro   0x0000000000000000       0x3a STM32F103C6_DRIVERS/HAL/KEYPAD/keypad.o
 .debug_line    0x0000000000000000      0x786 STM32F103C6_DRIVERS/HAL/KEYPAD/keypad.o
 .debug_str     0x0000000000000000     0x7cd6 STM32F103C6_DRIVERS/HAL/KEYPAD/keypad.o
 .comment       0x0000000000000000       0x7c STM32F103C6_DRIVERS/HAL/KEYPAD/keypad.o
 .debug_frame   0x0000000000000000       0x58 STM32F103C6_DRIVERS/HAL/KEYPAD/keypad.o
 .ARM.attributes
                0x0000000000000000       0x33 STM32F103C6_DRIVERS/HAL/KEYPAD/keypad.o
 .group         0x0000000000000000        0xc STM32F103C6_DRIVERS/HAL/LCD/lcd.o
 .group         0x0000000000000000        0xc STM32F103C6_DRIVERS/HAL/LCD/lcd.o
 .group         0x0000000000000000        0xc STM32F103C6_DRIVERS/HAL/LCD/lcd.o
 .group         0x0000000000000000        0xc STM32F103C6_DRIVERS/HAL/LCD/lcd.o
 .group         0x0000000000000000        0xc STM32F103C6_DRIVERS/HAL/LCD/lcd.o
 .group         0x0000000000000000        0xc STM32F103C6_DRIVERS/HAL/LCD/lcd.o
 .group         0x0000000000000000        0xc STM32F103C6_DRIVERS/HAL/LCD/lcd.o
 .group         0x0000000000000000        0xc STM32F103C6_DRIVERS/HAL/LCD/lcd.o
 .group         0x0000000000000000        0xc STM32F103C6_DRIVERS/HAL/LCD/lcd.o
 .group         0x0000000000000000        0xc STM32F103C6_DRIVERS/HAL/LCD/lcd.o
 .group         0x0000000000000000        0xc STM32F103C6_DRIVERS/HAL/LCD/lcd.o
 .group         0x0000000000000000        0xc STM32F103C6_DRIVERS/HAL/LCD/lcd.o
 .group         0x0000000000000000        0xc STM32F103C6_DRIVERS/HAL/LCD/lcd.o
 .group         0x0000000000000000        0xc STM32F103C6_DRIVERS/HAL/LCD/lcd.o
 .group         0x0000000000000000        0xc STM32F103C6_DRIVERS/HAL/LCD/lcd.o
 .group         0x0000000000000000        0xc STM32F103C6_DRIVERS/HAL/LCD/lcd.o
 .group         0x0000000000000000        0xc STM32F103C6_DRIVERS/HAL/LCD/lcd.o
 .group         0x0000000000000000        0xc STM32F103C6_DRIVERS/HAL/LCD/lcd.o
 .group         0x0000000000000000        0xc STM32F103C6_DRIVERS/HAL/LCD/lcd.o
 .group         0x0000000000000000        0xc STM32F103C6_DRIVERS/HAL/LCD/lcd.o
 .group         0x0000000000000000        0xc STM32F103C6_DRIVERS/HAL/LCD/lcd.o
 .group         0x0000000000000000        0xc STM32F103C6_DRIVERS/HAL/LCD/lcd.o
 .group         0x0000000000000000        0xc STM32F103C6_DRIVERS/HAL/LCD/lcd.o
 .group         0x0000000000000000        0xc STM32F103C6_DRIVERS/HAL/LCD/lcd.o
 .group         0x0000000000000000        0xc STM32F103C6_DRIVERS/HAL/LCD/lcd.o
 .group         0x0000000000000000        0xc STM32F103C6_DRIVERS/HAL/LCD/lcd.o
 .text          0x0000000000000000        0x0 STM32F103C6_DRIVERS/HAL/LCD/lcd.o
 .data          0x0000000000000000        0x0 STM32F103C6_DRIVERS/HAL/LCD/lcd.o
 .bss           0x0000000000000000        0x0 STM32F103C6_DRIVERS/HAL/LCD/lcd.o
 .text.LCD_CHECK_ISBUSY
                0x0000000000000000       0xd8 STM32F103C6_DRIVERS/HAL/LCD/lcd.o
 .debug_macro   0x0000000000000000      0xa60 STM32F103C6_DRIVERS/HAL/LCD/lcd.o
 .debug_macro   0x0000000000000000       0x18 STM32F103C6_DRIVERS/HAL/LCD/lcd.o
 .debug_macro   0x0000000000000000       0x22 STM32F103C6_DRIVERS/HAL/LCD/lcd.o
 .debug_macro   0x0000000000000000       0x40 STM32F103C6_DRIVERS/HAL/LCD/lcd.o
 .debug_macro   0x0000000000000000       0x94 STM32F103C6_DRIVERS/HAL/LCD/lcd.o
 .debug_macro   0x0000000000000000       0x3c STM32F103C6_DRIVERS/HAL/LCD/lcd.o
 .debug_macro   0x0000000000000000       0x34 STM32F103C6_DRIVERS/HAL/LCD/lcd.o
 .debug_macro   0x0000000000000000       0x16 STM32F103C6_DRIVERS/HAL/LCD/lcd.o
 .debug_macro   0x0000000000000000      0x10e STM32F103C6_DRIVERS/HAL/LCD/lcd.o
 .debug_macro   0x0000000000000000       0x8d STM32F103C6_DRIVERS/HAL/LCD/lcd.o
 .debug_macro   0x0000000000000000       0x57 STM32F103C6_DRIVERS/HAL/LCD/lcd.o
 .debug_macro   0x0000000000000000       0x52 STM32F103C6_DRIVERS/HAL/LCD/lcd.o
 .debug_macro   0x0000000000000000       0x1f STM32F103C6_DRIVERS/HAL/LCD/lcd.o
 .debug_macro   0x0000000000000000       0x43 STM32F103C6_DRIVERS/HAL/LCD/lcd.o
 .debug_macro   0x0000000000000000       0x20 STM32F103C6_DRIVERS/HAL/LCD/lcd.o
 .debug_macro   0x0000000000000000      0x1a3 STM32F103C6_DRIVERS/HAL/LCD/lcd.o
 .debug_macro   0x0000000000000000      0x330 STM32F103C6_DRIVERS/HAL/LCD/lcd.o
 .debug_macro   0x0000000000000000       0x16 STM32F103C6_DRIVERS/HAL/LCD/lcd.o
 .debug_macro   0x0000000000000000       0x29 STM32F103C6_DRIVERS/HAL/LCD/lcd.o
 .debug_macro   0x0000000000000000       0xef STM32F103C6_DRIVERS/HAL/LCD/lcd.o
 .debug_macro   0x0000000000000000       0x6a STM32F103C6_DRIVERS/HAL/LCD/lcd.o
 .debug_macro   0x0000000000000000      0x1df STM32F103C6_DRIVERS/HAL/LCD/lcd.o
 .debug_macro   0x0000000000000000      0x1b0 STM32F103C6_DRIVERS/HAL/LCD/lcd.o
 .debug_macro   0x0000000000000000       0xd0 STM32F103C6_DRIVERS/HAL/LCD/lcd.o
 .group         0x0000000000000000        0xc STM32F103C6_DRIVERS/MCAL/EXTI/STM32F103C6_EXTI_DRIVER.o
 .group         0x0000000000000000        0xc STM32F103C6_DRIVERS/MCAL/EXTI/STM32F103C6_EXTI_DRIVER.o
 .group         0x0000000000000000        0xc STM32F103C6_DRIVERS/MCAL/EXTI/STM32F103C6_EXTI_DRIVER.o
 .group         0x0000000000000000        0xc STM32F103C6_DRIVERS/MCAL/EXTI/STM32F103C6_EXTI_DRIVER.o
 .group         0x0000000000000000        0xc STM32F103C6_DRIVERS/MCAL/EXTI/STM32F103C6_EXTI_DRIVER.o
 .group         0x0000000000000000        0xc STM32F103C6_DRIVERS/MCAL/EXTI/STM32F103C6_EXTI_DRIVER.o
 .group         0x0000000000000000        0xc STM32F103C6_DRIVERS/MCAL/EXTI/STM32F103C6_EXTI_DRIVER.o
 .group         0x0000000000000000        0xc STM32F103C6_DRIVERS/MCAL/EXTI/STM32F103C6_EXTI_DRIVER.o
 .group         0x0000000000000000        0xc STM32F103C6_DRIVERS/MCAL/EXTI/STM32F103C6_EXTI_DRIVER.o
 .group         0x0000000000000000        0xc STM32F103C6_DRIVERS/MCAL/EXTI/STM32F103C6_EXTI_DRIVER.o
 .group         0x0000000000000000        0xc STM32F103C6_DRIVERS/MCAL/EXTI/STM32F103C6_EXTI_DRIVER.o
 .group         0x0000000000000000        0xc STM32F103C6_DRIVERS/MCAL/EXTI/STM32F103C6_EXTI_DRIVER.o
 .group         0x0000000000000000        0xc STM32F103C6_DRIVERS/MCAL/EXTI/STM32F103C6_EXTI_DRIVER.o
 .group         0x0000000000000000        0xc STM32F103C6_DRIVERS/MCAL/EXTI/STM32F103C6_EXTI_DRIVER.o
 .group         0x0000000000000000        0xc STM32F103C6_DRIVERS/MCAL/EXTI/STM32F103C6_EXTI_DRIVER.o
 .group         0x0000000000000000        0xc STM32F103C6_DRIVERS/MCAL/EXTI/STM32F103C6_EXTI_DRIVER.o
 .group         0x0000000000000000        0xc STM32F103C6_DRIVERS/MCAL/EXTI/STM32F103C6_EXTI_DRIVER.o
 .group         0x0000000000000000        0xc STM32F103C6_DRIVERS/MCAL/EXTI/STM32F103C6_EXTI_DRIVER.o
 .group         0x0000000000000000        0xc STM32F103C6_DRIVERS/MCAL/EXTI/STM32F103C6_EXTI_DRIVER.o
 .group         0x0000000000000000        0xc STM32F103C6_DRIVERS/MCAL/EXTI/STM32F103C6_EXTI_DRIVER.o
 .group         0x0000000000000000        0xc STM32F103C6_DRIVERS/MCAL/EXTI/STM32F103C6_EXTI_DRIVER.o
 .group         0x0000000000000000        0xc STM32F103C6_DRIVERS/MCAL/EXTI/STM32F103C6_EXTI_DRIVER.o
 .group         0x0000000000000000        0xc STM32F103C6_DRIVERS/MCAL/EXTI/STM32F103C6_EXTI_DRIVER.o
 .group         0x0000000000000000        0xc STM32F103C6_DRIVERS/MCAL/EXTI/STM32F103C6_EXTI_DRIVER.o
 .group         0x0000000000000000        0xc STM32F103C6_DRIVERS/MCAL/EXTI/STM32F103C6_EXTI_DRIVER.o
 .text          0x0000000000000000        0x0 STM32F103C6_DRIVERS/MCAL/EXTI/STM32F103C6_EXTI_DRIVER.o
 .data          0x0000000000000000        0x0 STM32F103C6_DRIVERS/MCAL/EXTI/STM32F103C6_EXTI_DRIVER.o
 .bss           0x0000000000000000        0x0 STM32F103C6_DRIVERS/MCAL/EXTI/STM32F103C6_EXTI_DRIVER.o
 .text.MCAL_EXTI_GPIO_DEINIT
                0x0000000000000000       0x94 STM32F103C6_DRIVERS/MCAL/EXTI/STM32F103C6_EXTI_DRIVER.o
 .text.MCAL_EXTI_GPIO_UPDATE
                0x0000000000000000       0x16 STM32F103C6_DRIVERS/MCAL/EXTI/STM32F103C6_EXTI_DRIVER.o
 .text.EXTI5_9_IRQHandler
                0x0000000000000000       0xa8 STM32F103C6_DRIVERS/MCAL/EXTI/STM32F103C6_EXTI_DRIVER.o
 .text.EXTI10_15_IRQHandler
                0x0000000000000000       0xc4 STM32F103C6_DRIVERS/MCAL/EXTI/STM32F103C6_EXTI_DRIVER.o
 .debug_macro   0x0000000000000000      0xa60 STM32F103C6_DRIVERS/MCAL/EXTI/STM32F103C6_EXTI_DRIVER.o
 .debug_macro   0x0000000000000000       0x18 STM32F103C6_DRIVERS/MCAL/EXTI/STM32F103C6_EXTI_DRIVER.o
 .debug_macro   0x0000000000000000       0x22 STM32F103C6_DRIVERS/MCAL/EXTI/STM32F103C6_EXTI_DRIVER.o
 .debug_macro   0x0000000000000000       0x40 STM32F103C6_DRIVERS/MCAL/EXTI/STM32F103C6_EXTI_DRIVER.o
 .debug_macro   0x0000000000000000       0x94 STM32F103C6_DRIVERS/MCAL/EXTI/STM32F103C6_EXTI_DRIVER.o
 .debug_macro   0x0000000000000000       0x3c STM32F103C6_DRIVERS/MCAL/EXTI/STM32F103C6_EXTI_DRIVER.o
 .debug_macro   0x0000000000000000       0x34 STM32F103C6_DRIVERS/MCAL/EXTI/STM32F103C6_EXTI_DRIVER.o
 .debug_macro   0x0000000000000000       0x16 STM32F103C6_DRIVERS/MCAL/EXTI/STM32F103C6_EXTI_DRIVER.o
 .debug_macro   0x0000000000000000      0x10e STM32F103C6_DRIVERS/MCAL/EXTI/STM32F103C6_EXTI_DRIVER.o
 .debug_macro   0x0000000000000000       0x8d STM32F103C6_DRIVERS/MCAL/EXTI/STM32F103C6_EXTI_DRIVER.o
 .debug_macro   0x0000000000000000       0x57 STM32F103C6_DRIVERS/MCAL/EXTI/STM32F103C6_EXTI_DRIVER.o
 .debug_macro   0x0000000000000000       0x52 STM32F103C6_DRIVERS/MCAL/EXTI/STM32F103C6_EXTI_DRIVER.o
 .debug_macro   0x0000000000000000       0x1f STM32F103C6_DRIVERS/MCAL/EXTI/STM32F103C6_EXTI_DRIVER.o
 .debug_macro   0x0000000000000000       0x43 STM32F103C6_DRIVERS/MCAL/EXTI/STM32F103C6_EXTI_DRIVER.o
 .debug_macro   0x0000000000000000       0x20 STM32F103C6_DRIVERS/MCAL/EXTI/STM32F103C6_EXTI_DRIVER.o
 .debug_macro   0x0000000000000000      0x1a3 STM32F103C6_DRIVERS/MCAL/EXTI/STM32F103C6_EXTI_DRIVER.o
 .debug_macro   0x0000000000000000      0x330 STM32F103C6_DRIVERS/MCAL/EXTI/STM32F103C6_EXTI_DRIVER.o
 .debug_macro   0x0000000000000000       0x16 STM32F103C6_DRIVERS/MCAL/EXTI/STM32F103C6_EXTI_DRIVER.o
 .debug_macro   0x0000000000000000       0x29 STM32F103C6_DRIVERS/MCAL/EXTI/STM32F103C6_EXTI_DRIVER.o
 .debug_macro   0x0000000000000000       0xef STM32F103C6_DRIVERS/MCAL/EXTI/STM32F103C6_EXTI_DRIVER.o
 .debug_macro   0x0000000000000000       0x6a STM32F103C6_DRIVERS/MCAL/EXTI/STM32F103C6_EXTI_DRIVER.o
 .debug_macro   0x0000000000000000      0x1df STM32F103C6_DRIVERS/MCAL/EXTI/STM32F103C6_EXTI_DRIVER.o
 .debug_macro   0x0000000000000000      0x1b0 STM32F103C6_DRIVERS/MCAL/EXTI/STM32F103C6_EXTI_DRIVER.o
 .debug_macro   0x0000000000000000       0xd0 STM32F103C6_DRIVERS/MCAL/EXTI/STM32F103C6_EXTI_DRIVER.o
 .group         0x0000000000000000        0xc STM32F103C6_DRIVERS/MCAL/GPIO/STM32F103C6_GPIO_DRIVER.o
 .group         0x0000000000000000        0xc STM32F103C6_DRIVERS/MCAL/GPIO/STM32F103C6_GPIO_DRIVER.o
 .group         0x0000000000000000        0xc STM32F103C6_DRIVERS/MCAL/GPIO/STM32F103C6_GPIO_DRIVER.o
 .group         0x0000000000000000        0xc STM32F103C6_DRIVERS/MCAL/GPIO/STM32F103C6_GPIO_DRIVER.o
 .group         0x0000000000000000        0xc STM32F103C6_DRIVERS/MCAL/GPIO/STM32F103C6_GPIO_DRIVER.o
 .group         0x0000000000000000        0xc STM32F103C6_DRIVERS/MCAL/GPIO/STM32F103C6_GPIO_DRIVER.o
 .group         0x0000000000000000        0xc STM32F103C6_DRIVERS/MCAL/GPIO/STM32F103C6_GPIO_DRIVER.o
 .group         0x0000000000000000        0xc STM32F103C6_DRIVERS/MCAL/GPIO/STM32F103C6_GPIO_DRIVER.o
 .group         0x0000000000000000        0xc STM32F103C6_DRIVERS/MCAL/GPIO/STM32F103C6_GPIO_DRIVER.o
 .group         0x0000000000000000        0xc STM32F103C6_DRIVERS/MCAL/GPIO/STM32F103C6_GPIO_DRIVER.o
 .group         0x0000000000000000        0xc STM32F103C6_DRIVERS/MCAL/GPIO/STM32F103C6_GPIO_DRIVER.o
 .group         0x0000000000000000        0xc STM32F103C6_DRIVERS/MCAL/GPIO/STM32F103C6_GPIO_DRIVER.o
 .group         0x0000000000000000        0xc STM32F103C6_DRIVERS/MCAL/GPIO/STM32F103C6_GPIO_DRIVER.o
 .group         0x0000000000000000        0xc STM32F103C6_DRIVERS/MCAL/GPIO/STM32F103C6_GPIO_DRIVER.o
 .group         0x0000000000000000        0xc STM32F103C6_DRIVERS/MCAL/GPIO/STM32F103C6_GPIO_DRIVER.o
 .group         0x0000000000000000        0xc STM32F103C6_DRIVERS/MCAL/GPIO/STM32F103C6_GPIO_DRIVER.o
 .group         0x0000000000000000        0xc STM32F103C6_DRIVERS/MCAL/GPIO/STM32F103C6_GPIO_DRIVER.o
 .group         0x0000000000000000        0xc STM32F103C6_DRIVERS/MCAL/GPIO/STM32F103C6_GPIO_DRIVER.o
 .group         0x0000000000000000        0xc STM32F103C6_DRIVERS/MCAL/GPIO/STM32F103C6_GPIO_DRIVER.o
 .group         0x0000000000000000        0xc STM32F103C6_DRIVERS/MCAL/GPIO/STM32F103C6_GPIO_DRIVER.o
 .group         0x0000000000000000        0xc STM32F103C6_DRIVERS/MCAL/GPIO/STM32F103C6_GPIO_DRIVER.o
 .group         0x0000000000000000        0xc STM32F103C6_DRIVERS/MCAL/GPIO/STM32F103C6_GPIO_DRIVER.o
 .group         0x0000000000000000        0xc STM32F103C6_DRIVERS/MCAL/GPIO/STM32F103C6_GPIO_DRIVER.o
 .group         0x0000000000000000        0xc STM32F103C6_DRIVERS/MCAL/GPIO/STM32F103C6_GPIO_DRIVER.o
 .text          0x0000000000000000        0x0 STM32F103C6_DRIVERS/MCAL/GPIO/STM32F103C6_GPIO_DRIVER.o
 .data          0x0000000000000000        0x0 STM32F103C6_DRIVERS/MCAL/GPIO/STM32F103C6_GPIO_DRIVER.o
 .bss           0x0000000000000000        0x0 STM32F103C6_DRIVERS/MCAL/GPIO/STM32F103C6_GPIO_DRIVER.o
 .text.MCAL_GPIO_DeInit
                0x0000000000000000       0xcc STM32F103C6_DRIVERS/MCAL/GPIO/STM32F103C6_GPIO_DRIVER.o
 .text.MCAL_GPIO_ReadPin
                0x0000000000000000       0x2e STM32F103C6_DRIVERS/MCAL/GPIO/STM32F103C6_GPIO_DRIVER.o
 .text.MCAL_GPIO_ReadPort
                0x0000000000000000       0x1a STM32F103C6_DRIVERS/MCAL/GPIO/STM32F103C6_GPIO_DRIVER.o
 .text.MCAL_GPIO_TogglePin
                0x0000000000000000       0x22 STM32F103C6_DRIVERS/MCAL/GPIO/STM32F103C6_GPIO_DRIVER.o
 .text.MCAL_GPIO_LockPin
                0x0000000000000000       0x4e STM32F103C6_DRIVERS/MCAL/GPIO/STM32F103C6_GPIO_DRIVER.o
 .debug_macro   0x0000000000000000      0xa60 STM32F103C6_DRIVERS/MCAL/GPIO/STM32F103C6_GPIO_DRIVER.o
 .debug_macro   0x0000000000000000       0x18 STM32F103C6_DRIVERS/MCAL/GPIO/STM32F103C6_GPIO_DRIVER.o
 .debug_macro   0x0000000000000000       0x22 STM32F103C6_DRIVERS/MCAL/GPIO/STM32F103C6_GPIO_DRIVER.o
 .debug_macro   0x0000000000000000       0x40 STM32F103C6_DRIVERS/MCAL/GPIO/STM32F103C6_GPIO_DRIVER.o
 .debug_macro   0x0000000000000000       0x94 STM32F103C6_DRIVERS/MCAL/GPIO/STM32F103C6_GPIO_DRIVER.o
 .debug_macro   0x0000000000000000       0x3c STM32F103C6_DRIVERS/MCAL/GPIO/STM32F103C6_GPIO_DRIVER.o
 .debug_macro   0x0000000000000000       0x34 STM32F103C6_DRIVERS/MCAL/GPIO/STM32F103C6_GPIO_DRIVER.o
 .debug_macro   0x0000000000000000       0x16 STM32F103C6_DRIVERS/MCAL/GPIO/STM32F103C6_GPIO_DRIVER.o
 .debug_macro   0x0000000000000000      0x10e STM32F103C6_DRIVERS/MCAL/GPIO/STM32F103C6_GPIO_DRIVER.o
 .debug_macro   0x0000000000000000       0x8d STM32F103C6_DRIVERS/MCAL/GPIO/STM32F103C6_GPIO_DRIVER.o
 .debug_macro   0x0000000000000000       0x57 STM32F103C6_DRIVERS/MCAL/GPIO/STM32F103C6_GPIO_DRIVER.o
 .debug_macro   0x0000000000000000       0x52 STM32F103C6_DRIVERS/MCAL/GPIO/STM32F103C6_GPIO_DRIVER.o
 .debug_macro   0x0000000000000000       0x1f STM32F103C6_DRIVERS/MCAL/GPIO/STM32F103C6_GPIO_DRIVER.o
 .debug_macro   0x0000000000000000       0x43 STM32F103C6_DRIVERS/MCAL/GPIO/STM32F103C6_GPIO_DRIVER.o
 .debug_macro   0x0000000000000000       0x20 STM32F103C6_DRIVERS/MCAL/GPIO/STM32F103C6_GPIO_DRIVER.o
 .debug_macro   0x0000000000000000      0x1a3 STM32F103C6_DRIVERS/MCAL/GPIO/STM32F103C6_GPIO_DRIVER.o
 .debug_macro   0x0000000000000000      0x330 STM32F103C6_DRIVERS/MCAL/GPIO/STM32F103C6_GPIO_DRIVER.o
 .debug_macro   0x0000000000000000       0x16 STM32F103C6_DRIVERS/MCAL/GPIO/STM32F103C6_GPIO_DRIVER.o
 .debug_macro   0x0000000000000000       0x29 STM32F103C6_DRIVERS/MCAL/GPIO/STM32F103C6_GPIO_DRIVER.o
 .debug_macro   0x0000000000000000       0xef STM32F103C6_DRIVERS/MCAL/GPIO/STM32F103C6_GPIO_DRIVER.o
 .debug_macro   0x0000000000000000       0x6a STM32F103C6_DRIVERS/MCAL/GPIO/STM32F103C6_GPIO_DRIVER.o
 .debug_macro   0x0000000000000000      0x1df STM32F103C6_DRIVERS/MCAL/GPIO/STM32F103C6_GPIO_DRIVER.o
 .debug_macro   0x0000000000000000      0x1b0 STM32F103C6_DRIVERS/MCAL/GPIO/STM32F103C6_GPIO_DRIVER.o
 .debug_macro   0x0000000000000000       0xd0 STM32F103C6_DRIVERS/MCAL/GPIO/STM32F103C6_GPIO_DRIVER.o
 .group         0x0000000000000000        0xc Src/main.o
 .group         0x0000000000000000        0xc Src/main.o
 .group         0x0000000000000000        0xc Src/main.o
 .group         0x0000000000000000        0xc Src/main.o
 .group         0x0000000000000000        0xc Src/main.o
 .group         0x0000000000000000        0xc Src/main.o
 .group         0x0000000000000000        0xc Src/main.o
 .group         0x0000000000000000        0xc Src/main.o
 .group         0x0000000000000000        0xc Src/main.o
 .group         0x0000000000000000        0xc Src/main.o
 .group         0x0000000000000000        0xc Src/main.o
 .group         0x0000000000000000        0xc Src/main.o
 .group         0x0000000000000000        0xc Src/main.o
 .group         0x0000000000000000        0xc Src/main.o
 .group         0x0000000000000000        0xc Src/main.o
 .group         0x0000000000000000        0xc Src/main.o
 .group         0x0000000000000000        0xc Src/main.o
 .group         0x0000000000000000        0xc Src/main.o
 .group         0x0000000000000000        0xc Src/main.o
 .group         0x0000000000000000        0xc Src/main.o
 .group         0x0000000000000000        0xc Src/main.o
 .group         0x0000000000000000        0xc Src/main.o
 .group         0x0000000000000000        0xc Src/main.o
 .group         0x0000000000000000        0xc Src/main.o
 .group         0x0000000000000000        0xc Src/main.o
 .text          0x0000000000000000        0x0 Src/main.o
 .data          0x0000000000000000        0x0 Src/main.o
 .bss           0x0000000000000000        0x0 Src/main.o
 .debug_macro   0x0000000000000000      0xa60 Src/main.o
 .debug_macro   0x0000000000000000       0x18 Src/main.o
 .debug_macro   0x0000000000000000       0x22 Src/main.o
 .debug_macro   0x0000000000000000       0x40 Src/main.o
 .debug_macro   0x0000000000000000       0x94 Src/main.o
 .debug_macro   0x0000000000000000       0x3c Src/main.o
 .debug_macro   0x0000000000000000       0x34 Src/main.o
 .debug_macro   0x0000000000000000       0x16 Src/main.o
 .debug_macro   0x0000000000000000      0x10e Src/main.o
 .debug_macro   0x0000000000000000       0x8d Src/main.o
 .debug_macro   0x0000000000000000       0x57 Src/main.o
 .debug_macro   0x0000000000000000       0x52 Src/main.o
 .debug_macro   0x0000000000000000       0x1f Src/main.o
 .debug_macro   0x0000000000000000       0x43 Src/main.o
 .debug_macro   0x0000000000000000       0x20 Src/main.o
 .debug_macro   0x0000000000000000      0x1a3 Src/main.o
 .debug_macro   0x0000000000000000      0x330 Src/main.o
 .debug_macro   0x0000000000000000       0x16 Src/main.o
 .debug_macro   0x0000000000000000       0x29 Src/main.o
 .debug_macro   0x0000000000000000       0xef Src/main.o
 .debug_macro   0x0000000000000000       0x6a Src/main.o
 .debug_macro   0x0000000000000000      0x1df Src/main.o
 .debug_macro   0x0000000000000000      0x1b0 Src/main.o
 .debug_macro   0x0000000000000000       0xd0 Src/main.o
 .debug_macro   0x0000000000000000      0x226 Src/main.o
 .group         0x0000000000000000        0xc Src/syscalls.o
 .group         0x0000000000000000        0xc Src/syscalls.o
 .group         0x0000000000000000        0xc Src/syscalls.o
 .group         0x0000000000000000        0xc Src/syscalls.o
 .group         0x0000000000000000        0xc Src/syscalls.o
 .group         0x0000000000000000        0xc Src/syscalls.o
 .group         0x0000000000000000        0xc Src/syscalls.o
 .group         0x0000000000000000        0xc Src/syscalls.o
 .group         0x0000000000000000        0xc Src/syscalls.o
 .group         0x0000000000000000        0xc Src/syscalls.o
 .group         0x0000000000000000        0xc Src/syscalls.o
 .group         0x0000000000000000        0xc Src/syscalls.o
 .group         0x0000000000000000        0xc Src/syscalls.o
 .group         0x0000000000000000        0xc Src/syscalls.o
 .group         0x0000000000000000        0xc Src/syscalls.o
 .group         0x0000000000000000        0xc Src/syscalls.o
 .group         0x0000000000000000        0xc Src/syscalls.o
 .group         0x0000000000000000        0xc Src/syscalls.o
 .group         0x0000000000000000        0xc Src/syscalls.o
 .group         0x0000000000000000        0xc Src/syscalls.o
 .group         0x0000000000000000        0xc Src/syscalls.o
 .group         0x0000000000000000        0xc Src/syscalls.o
 .group         0x0000000000000000        0xc Src/syscalls.o
 .group         0x0000000000000000        0xc Src/syscalls.o
 .group         0x0000000000000000        0xc Src/syscalls.o
 .group         0x0000000000000000        0xc Src/syscalls.o
 .group         0x0000000000000000        0xc Src/syscalls.o
 .group         0x0000000000000000        0xc Src/syscalls.o
 .group         0x0000000000000000        0xc Src/syscalls.o
 .group         0x0000000000000000        0xc Src/syscalls.o
 .group         0x0000000000000000        0xc Src/syscalls.o
 .group         0x0000000000000000        0xc Src/syscalls.o
 .group         0x0000000000000000        0xc Src/syscalls.o
 .group         0x0000000000000000        0xc Src/syscalls.o
 .group         0x0000000000000000        0xc Src/syscalls.o
 .group         0x0000000000000000        0xc Src/syscalls.o
 .group         0x0000000000000000        0xc Src/syscalls.o
 .group         0x0000000000000000        0xc Src/syscalls.o
 .group         0x0000000000000000        0xc Src/syscalls.o
 .group         0x0000000000000000        0xc Src/syscalls.o
 .group         0x0000000000000000        0xc Src/syscalls.o
 .group         0x0000000000000000        0xc Src/syscalls.o
 .group         0x0000000000000000        0xc Src/syscalls.o
 .group         0x0000000000000000        0xc Src/syscalls.o
 .text          0x0000000000000000        0x0 Src/syscalls.o
 .data          0x0000000000000000        0x0 Src/syscalls.o
 .bss           0x0000000000000000        0x0 Src/syscalls.o
 .bss.__env     0x0000000000000000        0x4 Src/syscalls.o
 .data.environ  0x0000000000000000        0x4 Src/syscalls.o
 .text.initialise_monitor_handles
                0x0000000000000000        0xc Src/syscalls.o
 .text._getpid  0x0000000000000000        0xe Src/syscalls.o
 .text._kill    0x0000000000000000       0x20 Src/syscalls.o
 .text._exit    0x0000000000000000       0x14 Src/syscalls.o
 .text._read    0x0000000000000000       0x3a Src/syscalls.o
 .text._write   0x0000000000000000       0x38 Src/syscalls.o
 .text._close   0x0000000000000000       0x16 Src/syscalls.o
 .text._fstat   0x0000000000000000       0x1e Src/syscalls.o
 .text._isatty  0x0000000000000000       0x14 Src/syscalls.o
 .text._lseek   0x0000000000000000       0x18 Src/syscalls.o
 .text._open    0x0000000000000000       0x1a Src/syscalls.o
 .text._wait    0x0000000000000000       0x1e Src/syscalls.o
 .text._unlink  0x0000000000000000       0x1e Src/syscalls.o
 .text._times   0x0000000000000000       0x16 Src/syscalls.o
 .text._stat    0x0000000000000000       0x1e Src/syscalls.o
 .text._link    0x0000000000000000       0x20 Src/syscalls.o
 .text._fork    0x0000000000000000       0x16 Src/syscalls.o
 .text._execve  0x0000000000000000       0x22 Src/syscalls.o
 .debug_info    0x0000000000000000     0x1038 Src/syscalls.o
 .debug_abbrev  0x0000000000000000      0x254 Src/syscalls.o
 .debug_loc     0x0000000000000000      0x5b8 Src/syscalls.o
 .debug_aranges
                0x0000000000000000       0xa8 Src/syscalls.o
 .debug_ranges  0x0000000000000000       0x98 Src/syscalls.o
 .debug_macro   0x0000000000000000      0x243 Src/syscalls.o
 .debug_macro   0x0000000000000000      0xa60 Src/syscalls.o
 .debug_macro   0x0000000000000000       0x22 Src/syscalls.o
 .debug_macro   0x0000000000000000       0x40 Src/syscalls.o
 .debug_macro   0x0000000000000000       0x18 Src/syscalls.o
 .debug_macro   0x0000000000000000       0x94 Src/syscalls.o
 .debug_macro   0x0000000000000000       0x3c Src/syscalls.o
 .debug_macro   0x0000000000000000       0x34 Src/syscalls.o
 .debug_macro   0x0000000000000000       0x57 Src/syscalls.o
 .debug_macro   0x0000000000000000      0x174 Src/syscalls.o
 .debug_macro   0x0000000000000000      0x330 Src/syscalls.o
 .debug_macro   0x0000000000000000       0x52 Src/syscalls.o
 .debug_macro   0x0000000000000000       0x1f Src/syscalls.o
 .debug_macro   0x0000000000000000       0x43 Src/syscalls.o
 .debug_macro   0x0000000000000000       0x20 Src/syscalls.o
 .debug_macro   0x0000000000000000      0x1a3 Src/syscalls.o
 .debug_macro   0x0000000000000000       0x10 Src/syscalls.o
 .debug_macro   0x0000000000000000       0x35 Src/syscalls.o
 .debug_macro   0x0000000000000000       0x10 Src/syscalls.o
 .debug_macro   0x0000000000000000       0x10 Src/syscalls.o
 .debug_macro   0x0000000000000000       0x10 Src/syscalls.o
 .debug_macro   0x0000000000000000       0x6a Src/syscalls.o
 .debug_macro   0x0000000000000000       0x1c Src/syscalls.o
 .debug_macro   0x0000000000000000       0x52 Src/syscalls.o
 .debug_macro   0x0000000000000000       0x40 Src/syscalls.o
 .debug_macro   0x0000000000000000       0x10 Src/syscalls.o
 .debug_macro   0x0000000000000000       0x40 Src/syscalls.o
 .debug_macro   0x0000000000000000       0xd7 Src/syscalls.o
 .debug_macro   0x0000000000000000       0x1c Src/syscalls.o
 .debug_macro   0x0000000000000000       0x3d Src/syscalls.o
 .debug_macro   0x0000000000000000       0x35 Src/syscalls.o
 .debug_macro   0x0000000000000000      0x122 Src/syscalls.o
 .debug_macro   0x0000000000000000       0x16 Src/syscalls.o
 .debug_macro   0x0000000000000000       0x16 Src/syscalls.o
 .debug_macro   0x0000000000000000       0x29 Src/syscalls.o
 .debug_macro   0x0000000000000000       0x10 Src/syscalls.o
 .debug_macro   0x0000000000000000      0x241 Src/syscalls.o
 .debug_macro   0x0000000000000000       0x1c Src/syscalls.o
 .debug_macro   0x0000000000000000       0x10 Src/syscalls.o
 .debug_macro   0x0000000000000000       0x10 Src/syscalls.o
 .debug_macro   0x0000000000000000       0x16 Src/syscalls.o
 .debug_macro   0x0000000000000000      0x145 Src/syscalls.o
 .debug_macro   0x0000000000000000      0x189 Src/syscalls.o
 .debug_macro   0x0000000000000000       0x16 Src/syscalls.o
 .debug_macro   0x0000000000000000       0x88 Src/syscalls.o
 .debug_line    0x0000000000000000      0x739 Src/syscalls.o
 .debug_str     0x0000000000000000     0x88b0 Src/syscalls.o
 .comment       0x0000000000000000       0x7c Src/syscalls.o
 .debug_frame   0x0000000000000000      0x2ac Src/syscalls.o
 .ARM.attributes
                0x0000000000000000       0x33 Src/syscalls.o
 .group         0x0000000000000000        0xc Src/sysmem.o
 .group         0x0000000000000000        0xc Src/sysmem.o
 .group         0x0000000000000000        0xc Src/sysmem.o
 .group         0x0000000000000000        0xc Src/sysmem.o
 .group         0x0000000000000000        0xc Src/sysmem.o
 .group         0x0000000000000000        0xc Src/sysmem.o
 .group         0x0000000000000000        0xc Src/sysmem.o
 .group         0x0000000000000000        0xc Src/sysmem.o
 .group         0x0000000000000000        0xc Src/sysmem.o
 .group         0x0000000000000000        0xc Src/sysmem.o
 .group         0x0000000000000000        0xc Src/sysmem.o
 .group         0x0000000000000000        0xc Src/sysmem.o
 .group         0x0000000000000000        0xc Src/sysmem.o
 .group         0x0000000000000000        0xc Src/sysmem.o
 .group         0x0000000000000000        0xc Src/sysmem.o
 .group         0x0000000000000000        0xc Src/sysmem.o
 .group         0x0000000000000000        0xc Src/sysmem.o
 .group         0x0000000000000000        0xc Src/sysmem.o
 .group         0x0000000000000000        0xc Src/sysmem.o
 .text          0x0000000000000000        0x0 Src/sysmem.o
 .data          0x0000000000000000        0x0 Src/sysmem.o
 .bss           0x0000000000000000        0x0 Src/sysmem.o
 .bss.__sbrk_heap_end
                0x0000000000000000        0x4 Src/sysmem.o
 .text._sbrk    0x0000000000000000       0x6c Src/sysmem.o
 .debug_info    0x0000000000000000      0xa7c Src/sysmem.o
 .debug_abbrev  0x0000000000000000      0x18e Src/sysmem.o
 .debug_loc     0x0000000000000000       0x50 Src/sysmem.o
 .debug_aranges
                0x0000000000000000       0x20 Src/sysmem.o
 .debug_ranges  0x0000000000000000       0x10 Src/sysmem.o
 .debug_macro   0x0000000000000000       0xee Src/sysmem.o
 .debug_macro   0x0000000000000000      0xa60 Src/sysmem.o
 .debug_macro   0x0000000000000000       0x10 Src/sysmem.o
 .debug_macro   0x0000000000000000       0x22 Src/sysmem.o
 .debug_macro   0x0000000000000000       0x40 Src/sysmem.o
 .debug_macro   0x0000000000000000       0x18 Src/sysmem.o
 .debug_macro   0x0000000000000000       0x94 Src/sysmem.o
 .debug_macro   0x0000000000000000       0x3c Src/sysmem.o
 .debug_macro   0x0000000000000000       0x34 Src/sysmem.o
 .debug_macro   0x0000000000000000      0x174 Src/sysmem.o
 .debug_macro   0x0000000000000000       0x57 Src/sysmem.o
 .debug_macro   0x0000000000000000       0x52 Src/sysmem.o
 .debug_macro   0x0000000000000000       0x1f Src/sysmem.o
 .debug_macro   0x0000000000000000       0x43 Src/sysmem.o
 .debug_macro   0x0000000000000000       0x20 Src/sysmem.o
 .debug_macro   0x0000000000000000      0x1a3 Src/sysmem.o
 .debug_macro   0x0000000000000000      0x23b Src/sysmem.o
 .debug_macro   0x0000000000000000       0xef Src/sysmem.o
 .debug_macro   0x0000000000000000       0x6a Src/sysmem.o
 .debug_macro   0x0000000000000000      0x1df Src/sysmem.o
 .debug_line    0x0000000000000000      0x4c2 Src/sysmem.o
 .debug_str     0x0000000000000000     0x5f7e Src/sysmem.o
 .comment       0x0000000000000000       0x7c Src/sysmem.o
 .debug_frame   0x0000000000000000       0x34 Src/sysmem.o
 .ARM.attributes
                0x0000000000000000       0x33 Src/sysmem.o
 .text          0x0000000000000000       0x14 Startup/startup_stm32f103c6tx.o
 .data          0x0000000000000000        0x0 Startup/startup_stm32f103c6tx.o
 .bss           0x0000000000000000        0x0 Startup/startup_stm32f103c6tx.o
 .text          0x0000000000000000        0x0 c:/st/stm32cubeide_1.4.0/stm32cubeide/plugins/com.st.stm32cube.ide.mcu.externaltools.gnu-tools-for-stm32.7-2018-q2-update.win32_1.4.0.202007081208/tools/bin/../lib/gcc/arm-none-eabi/7.3.1/../../../../arm-none-eabi/lib/thumb/v7-m\libc_nano.a(lib_a-errno.o)
 .data          0x0000000000000000        0x0 c:/st/stm32cubeide_1.4.0/stm32cubeide/plugins/com.st.stm32cube.ide.mcu.externaltools.gnu-tools-for-stm32.7-2018-q2-update.win32_1.4.0.202007081208/tools/bin/../lib/gcc/arm-none-eabi/7.3.1/../../../../arm-none-eabi/lib/thumb/v7-m\libc_nano.a(lib_a-errno.o)
 .bss           0x0000000000000000        0x0 c:/st/stm32cubeide_1.4.0/stm32cubeide/plugins/com.st.stm32cube.ide.mcu.externaltools.gnu-tools-for-stm32.7-2018-q2-update.win32_1.4.0.202007081208/tools/bin/../lib/gcc/arm-none-eabi/7.3.1/../../../../arm-none-eabi/lib/thumb/v7-m\libc_nano.a(lib_a-errno.o)
 .text.__errno  0x0000000000000000        0xc c:/st/stm32cubeide_1.4.0/stm32cubeide/plugins/com.st.stm32cube.ide.mcu.externaltools.gnu-tools-for-stm32.7-2018-q2-update.win32_1.4.0.202007081208/tools/bin/../lib/gcc/arm-none-eabi/7.3.1/../../../../arm-none-eabi/lib/thumb/v7-m\libc_nano.a(lib_a-errno.o)
 .debug_frame   0x0000000000000000       0x20 c:/st/stm32cubeide_1.4.0/stm32cubeide/plugins/com.st.stm32cube.ide.mcu.externaltools.gnu-tools-for-stm32.7-2018-q2-update.win32_1.4.0.202007081208/tools/bin/../lib/gcc/arm-none-eabi/7.3.1/../../../../arm-none-eabi/lib/thumb/v7-m\libc_nano.a(lib_a-errno.o)
 .ARM.attributes
                0x0000000000000000       0x2d c:/st/stm32cubeide_1.4.0/stm32cubeide/plugins/com.st.stm32cube.ide.mcu.externaltools.gnu-tools-for-stm32.7-2018-q2-update.win32_1.4.0.202007081208/tools/bin/../lib/gcc/arm-none-eabi/7.3.1/../../../../arm-none-eabi/lib/thumb/v7-m\libc_nano.a(lib_a-errno.o)
 .text          0x0000000000000000        0x0 c:/st/stm32cubeide_1.4.0/stm32cubeide/plugins/com.st.stm32cube.ide.mcu.externaltools.gnu-tools-for-stm32.7-2018-q2-update.win32_1.4.0.202007081208/tools/bin/../lib/gcc/arm-none-eabi/7.3.1/../../../../arm-none-eabi/lib/thumb/v7-m\libc_nano.a(lib_a-exit.o)
 .data          0x0000000000000000        0x0 c:/st/stm32cubeide_1.4.0/stm32cubeide/plugins/com.st.stm32cube.ide.mcu.externaltools.gnu-tools-for-stm32.7-2018-q2-update.win32_1.4.0.202007081208/tools/bin/../lib/gcc/arm-none-eabi/7.3.1/../../../../arm-none-eabi/lib/thumb/v7-m\libc_nano.a(lib_a-exit.o)
 .bss           0x0000000000000000        0x0 c:/st/stm32cubeide_1.4.0/stm32cubeide/plugins/com.st.stm32cube.ide.mcu.externaltools.gnu-tools-for-stm32.7-2018-q2-update.win32_1.4.0.202007081208/tools/bin/../lib/gcc/arm-none-eabi/7.3.1/../../../../arm-none-eabi/lib/thumb/v7-m\libc_nano.a(lib_a-exit.o)
 .text.exit     0x0000000000000000       0x28 c:/st/stm32cubeide_1.4.0/stm32cubeide/plugins/com.st.stm32cube.ide.mcu.externaltools.gnu-tools-for-stm32.7-2018-q2-update.win32_1.4.0.202007081208/tools/bin/../lib/gcc/arm-none-eabi/7.3.1/../../../../arm-none-eabi/lib/thumb/v7-m\libc_nano.a(lib_a-exit.o)
 .debug_frame   0x0000000000000000       0x28 c:/st/stm32cubeide_1.4.0/stm32cubeide/plugins/com.st.stm32cube.ide.mcu.externaltools.gnu-tools-for-stm32.7-2018-q2-update.win32_1.4.0.202007081208/tools/bin/../lib/gcc/arm-none-eabi/7.3.1/../../../../arm-none-eabi/lib/thumb/v7-m\libc_nano.a(lib_a-exit.o)
 .ARM.attributes
                0x0000000000000000       0x2d c:/st/stm32cubeide_1.4.0/stm32cubeide/plugins/com.st.stm32cube.ide.mcu.externaltools.gnu-tools-for-stm32.7-2018-q2-update.win32_1.4.0.202007081208/tools/bin/../lib/gcc/arm-none-eabi/7.3.1/../../../../arm-none-eabi/lib/thumb/v7-m\libc_nano.a(lib_a-exit.o)
 .text          0x0000000000000000        0x0 c:/st/stm32cubeide_1.4.0/stm32cubeide/plugins/com.st.stm32cube.ide.mcu.externaltools.gnu-tools-for-stm32.7-2018-q2-update.win32_1.4.0.202007081208/tools/bin/../lib/gcc/arm-none-eabi/7.3.1/../../../../arm-none-eabi/lib/thumb/v7-m\libc_nano.a(lib_a-impure.o)
 .data          0x0000000000000000        0x0 c:/st/stm32cubeide_1.4.0/stm32cubeide/plugins/com.st.stm32cube.ide.mcu.externaltools.gnu-tools-for-stm32.7-2018-q2-update.win32_1.4.0.202007081208/tools/bin/../lib/gcc/arm-none-eabi/7.3.1/../../../../arm-none-eabi/lib/thumb/v7-m\libc_nano.a(lib_a-impure.o)
 .bss           0x0000000000000000        0x0 c:/st/stm32cubeide_1.4.0/stm32cubeide/plugins/com.st.stm32cube.ide.mcu.externaltools.gnu-tools-for-stm32.7-2018-q2-update.win32_1.4.0.202007081208/tools/bin/../lib/gcc/arm-none-eabi/7.3.1/../../../../arm-none-eabi/lib/thumb/v7-m\libc_nano.a(lib_a-impure.o)
 .data._impure_ptr
                0x0000000000000000        0x4 c:/st/stm32cubeide_1.4.0/stm32cubeide/plugins/com.st.stm32cube.ide.mcu.externaltools.gnu-tools-for-stm32.7-2018-q2-update.win32_1.4.0.202007081208/tools/bin/../lib/gcc/arm-none-eabi/7.3.1/../../../../arm-none-eabi/lib/thumb/v7-m\libc_nano.a(lib_a-impure.o)
 .data.impure_data
                0x0000000000000000       0x60 c:/st/stm32cubeide_1.4.0/stm32cubeide/plugins/com.st.stm32cube.ide.mcu.externaltools.gnu-tools-for-stm32.7-2018-q2-update.win32_1.4.0.202007081208/tools/bin/../lib/gcc/arm-none-eabi/7.3.1/../../../../arm-none-eabi/lib/thumb/v7-m\libc_nano.a(lib_a-impure.o)
 .rodata._global_impure_ptr
                0x0000000000000000        0x4 c:/st/stm32cubeide_1.4.0/stm32cubeide/plugins/com.st.stm32cube.ide.mcu.externaltools.gnu-tools-for-stm32.7-2018-q2-update.win32_1.4.0.202007081208/tools/bin/../lib/gcc/arm-none-eabi/7.3.1/../../../../arm-none-eabi/lib/thumb/v7-m\libc_nano.a(lib_a-impure.o)
 .ARM.attributes
                0x0000000000000000       0x2d c:/st/stm32cubeide_1.4.0/stm32cubeide/plugins/com.st.stm32cube.ide.mcu.externaltools.gnu-tools-for-stm32.7-2018-q2-update.win32_1.4.0.202007081208/tools/bin/../lib/gcc/arm-none-eabi/7.3.1/../../../../arm-none-eabi/lib/thumb/v7-m\libc_nano.a(lib_a-impure.o)
 .text          0x0000000000000000        0x0 c:/st/stm32cubeide_1.4.0/stm32cubeide/plugins/com.st.stm32cube.ide.mcu.externaltools.gnu-tools-for-stm32.7-2018-q2-update.win32_1.4.0.202007081208/tools/bin/../lib/gcc/arm-none-eabi/7.3.1/../../../../arm-none-eabi/lib/thumb/v7-m\libc_nano.a(lib_a-init.o)
 .data          0x0000000000000000        0x0 c:/st/stm32cubeide_1.4.0/stm32cubeide/plugins/com.st.stm32cube.ide.mcu.externaltools.gnu-tools-for-stm32.7-2018-q2-update.win32_1.4.0.202007081208/tools/bin/../lib/gcc/arm-none-eabi/7.3.1/../../../../arm-none-eabi/lib/thumb/v7-m\libc_nano.a(lib_a-init.o)
 .bss           0x0000000000000000        0x0 c:/st/stm32cubeide_1.4.0/stm32cubeide/plugins/com.st.stm32cube.ide.mcu.externaltools.gnu-tools-for-stm32.7-2018-q2-update.win32_1.4.0.202007081208/tools/bin/../lib/gcc/arm-none-eabi/7.3.1/../../../../arm-none-eabi/lib/thumb/v7-m\libc_nano.a(lib_a-init.o)
 .text          0x0000000000000000        0x0 c:/st/stm32cubeide_1.4.0/stm32cubeide/plugins/com.st.stm32cube.ide.mcu.externaltools.gnu-tools-for-stm32.7-2018-q2-update.win32_1.4.0.202007081208/tools/bin/../lib/gcc/arm-none-eabi/7.3.1/../../../../arm-none-eabi/lib/thumb/v7-m\libc_nano.a(lib_a-memset.o)
 .data          0x0000000000000000        0x0 c:/st/stm32cubeide_1.4.0/stm32cubeide/plugins/com.st.stm32cube.ide.mcu.externaltools.gnu-tools-for-stm32.7-2018-q2-update.win32_1.4.0.202007081208/tools/bin/../lib/gcc/arm-none-eabi/7.3.1/../../../../arm-none-eabi/lib/thumb/v7-m\libc_nano.a(lib_a-memset.o)
 .bss           0x0000000000000000        0x0 c:/st/stm32cubeide_1.4.0/stm32cubeide/plugins/com.st.stm32cube.ide.mcu.externaltools.gnu-tools-for-stm32.7-2018-q2-update.win32_1.4.0.202007081208/tools/bin/../lib/gcc/arm-none-eabi/7.3.1/../../../../arm-none-eabi/lib/thumb/v7-m\libc_nano.a(lib_a-memset.o)
 .text.memset   0x0000000000000000       0x10 c:/st/stm32cubeide_1.4.0/stm32cubeide/plugins/com.st.stm32cube.ide.mcu.externaltools.gnu-tools-for-stm32.7-2018-q2-update.win32_1.4.0.202007081208/tools/bin/../lib/gcc/arm-none-eabi/7.3.1/../../../../arm-none-eabi/lib/thumb/v7-m\libc_nano.a(lib_a-memset.o)
 .debug_frame   0x0000000000000000       0x20 c:/st/stm32cubeide_1.4.0/stm32cubeide/plugins/com.st.stm32cube.ide.mcu.externaltools.gnu-tools-for-stm32.7-2018-q2-update.win32_1.4.0.202007081208/tools/bin/../lib/gcc/arm-none-eabi/7.3.1/../../../../arm-none-eabi/lib/thumb/v7-m\libc_nano.a(lib_a-memset.o)
 .ARM.attributes
                0x0000000000000000       0x2d c:/st/stm32cubeide_1.4.0/stm32cubeide/plugins/com.st.stm32cube.ide.mcu.externaltools.gnu-tools-for-stm32.7-2018-q2-update.win32_1.4.0.202007081208/tools/bin/../lib/gcc/arm-none-eabi/7.3.1/../../../../arm-none-eabi/lib/thumb/v7-m\libc_nano.a(lib_a-memset.o)
 .text          0x0000000000000000        0x0 c:/st/stm32cubeide_1.4.0/stm32cubeide/plugins/com.st.stm32cube.ide.mcu.externaltools.gnu-tools-for-stm32.7-2018-q2-update.win32_1.4.0.202007081208/tools/bin/../lib/gcc/arm-none-eabi/7.3.1/thumb/v7-m/crtend.o
 .data          0x0000000000000000        0x0 c:/st/stm32cubeide_1.4.0/stm32cubeide/plugins/com.st.stm32cube.ide.mcu.externaltools.gnu-tools-for-stm32.7-2018-q2-update.win32_1.4.0.202007081208/tools/bin/../lib/gcc/arm-none-eabi/7.3.1/thumb/v7-m/crtend.o
 .bss           0x0000000000000000        0x0 c:/st/stm32cubeide_1.4.0/stm32cubeide/plugins/com.st.stm32cube.ide.mcu.externaltools.gnu-tools-for-stm32.7-2018-q2-update.win32_1.4.0.202007081208/tools/bin/../lib/gcc/arm-none-eabi/7.3.1/thumb/v7-m/crtend.o
 .eh_frame      0x0000000000000000        0x4 c:/st/stm32cubeide_1.4.0/stm32cubeide/plugins/com.st.stm32cube.ide.mcu.externaltools.gnu-tools-for-stm32.7-2018-q2-update.win32_1.4.0.202007081208/tools/bin/../lib/gcc/arm-none-eabi/7.3.1/thumb/v7-m/crtend.o
 .ARM.attributes
                0x0000000000000000       0x2d c:/st/stm32cubeide_1.4.0/stm32cubeide/plugins/com.st.stm32cube.ide.mcu.externaltools.gnu-tools-for-stm32.7-2018-q2-update.win32_1.4.0.202007081208/tools/bin/../lib/gcc/arm-none-eabi/7.3.1/thumb/v7-m/crtend.o
 .text          0x0000000000000000        0x0 c:/st/stm32cubeide_1.4.0/stm32cubeide/plugins/com.st.stm32cube.ide.mcu.externaltools.gnu-tools-for-stm32.7-2018-q2-update.win32_1.4.0.202007081208/tools/bin/../lib/gcc/arm-none-eabi/7.3.1/thumb/v7-m/crtn.o
 .data          0x0000000000000000        0x0 c:/st/stm32cubeide_1.4.0/stm32cubeide/plugins/com.st.stm32cube.ide.mcu.externaltools.gnu-tools-for-stm32.7-2018-q2-update.win32_1.4.0.202007081208/tools/bin/../lib/gcc/arm-none-eabi/7.3.1/thumb/v7-m/crtn.o
 .bss           0x0000000000000000        0x0 c:/st/stm32cubeide_1.4.0/stm32cubeide/plugins/com.st.stm32cube.ide.mcu.externaltools.gnu-tools-for-stm32.7-2018-q2-update.win32_1.4.0.202007081208/tools/bin/../lib/gcc/arm-none-eabi/7.3.1/thumb/v7-m/crtn.o

Memory Configuration

Name             Origin             Length             Attributes
RAM              0x0000000020000000 0x0000000000002800 xrw
ROM              0x0000000008000000 0x0000000000008000 xr
*default*        0x0000000000000000 0xffffffffffffffff

Linker script and memory map

LOAD c:/st/stm32cubeide_1.4.0/stm32cubeide/plugins/com.st.stm32cube.ide.mcu.externaltools.gnu-tools-for-stm32.7-2018-q2-update.win32_1.4.0.202007081208/tools/bin/../lib/gcc/arm-none-eabi/7.3.1/thumb/v7-m/crti.o
LOAD c:/st/stm32cubeide_1.4.0/stm32cubeide/plugins/com.st.stm32cube.ide.mcu.externaltools.gnu-tools-for-stm32.7-2018-q2-update.win32_1.4.0.202007081208/tools/bin/../lib/gcc/arm-none-eabi/7.3.1/thumb/v7-m/crtbegin.o
LOAD c:/st/stm32cubeide_1.4.0/stm32cubeide/plugins/com.st.stm32cube.ide.mcu.externaltools.gnu-tools-for-stm32.7-2018-q2-update.win32_1.4.0.202007081208/tools/bin/../lib/gcc/arm-none-eabi/7.3.1/../../../../arm-none-eabi/lib/thumb/v7-m/crt0.o
LOAD STM32F103C6_DRIVERS/HAL/KEYPAD/keypad.o
LOAD STM32F103C6_DRIVERS/HAL/LCD/lcd.o
LOAD STM32F103C6_DRIVERS/MCAL/EXTI/STM32F103C6_EXTI_DRIVER.o
LOAD STM32F103C6_DRIVERS/MCAL/GPIO/STM32F103C6_GPIO_DRIVER.o
LOAD Src/main.o
LOAD Src/syscalls.o
LOAD Src/sysmem.o
LOAD Startup/startup_stm32f103c6tx.o
START GROUP
LOAD c:/st/stm32cubeide_1.4.0/stm32cubeide/plugins/com.st.stm32cube.ide.mcu.externaltools.gnu-tools-for-stm32.7-2018-q2-update.win32_1.4.0.202007081208/tools/bin/../lib/gcc/arm-none-eabi/7.3.1/../../../../arm-none-eabi/lib/thumb/v7-m\libc_nano.a
LOAD c:/st/stm32cubeide_1.4.0/stm32cubeide/plugins/com.st.stm32cube.ide.mcu.externaltools.gnu-tools-for-stm32.7-2018-q2-update.win32_1.4.0.202007081208/tools/bin/../lib/gcc/arm-none-eabi/7.3.1/../../../../arm-none-eabi/lib/thumb/v7-m\libm.a
END GROUP
START GROUP
LOAD c:/st/stm32cubeide_1.4.0/stm32cubeide/plugins/com.st.stm32cube.ide.mcu.externaltools.gnu-tools-for-stm32.7-2018-q2-update.win32_1.4.0.202007081208/tools/bin/../lib/gcc/arm-none-eabi/7.3.1/thumb/v7-m\libgcc.a
LOAD c:/st/stm32cubeide_1.4.0/stm32cubeide/plugins/com.st.stm32cube.ide.mcu.externaltools.gnu-tools-for-stm32.7-2018-q2-update.win32_1.4.0.202007081208/tools/bin/../lib/gcc/arm-none-eabi/7.3.1/../../../../arm-none-eabi/lib/thumb/v7-m\libg_nano.a
LOAD c:/st/stm32cubeide_1.4.0/stm32cubeide/plugins/com.st.stm32cube.ide.mcu.externaltools.gnu-tools-for-stm32.7-2018-q2-update.win32_1.4.0.202007081208/tools/bin/../lib/gcc/arm-none-eabi/7.3.1/../../../../arm-none-eabi/lib/thumb/v7-m\libc_nano.a
END GROUP
START GROUP
LOAD c:/st/stm32cubeide_1.4.0/stm32cubeide/plugins/com.st.stm32cube.ide.mcu.externaltools.gnu-tools-for-stm32.7-2018-q2-update.win32_1.4.0.202007081208/tools/bin/../lib/gcc/arm-none-eabi/7.3.1/thumb/v7-m\libgcc.a
LOAD c:/st/stm32cubeide_1.4.0/stm32cubeide/plugins/com.st.stm32cube.ide.mcu.externaltools.gnu-tools-for-stm32.7-2018-q2-update.win32_1.4.0.202007081208/tools/bin/../lib/gcc/arm-none-eabi/7.3.1/../../../../arm-none-eabi/lib/thumb/v7-m\libc_nano.a
LOAD c:/st/stm32cubeide_1.4.0/stm32cubeide/plugins/com.st.stm32cube.ide.mcu.externaltools.gnu-tools-for-stm32.7-2018-q2-update.win32_1.4.0.202007081208/tools/bin/../lib/gcc/arm-none-eabi/7.3.1/../../../../arm-none-eabi/lib/thumb/v7-m\libnosys.a
END GROUP
START GROUP
LOAD c:/st/stm32cubeide_1.4.0/stm32cubeide/plugins/com.st.stm32cube.ide.mcu.externaltools.gnu-tools-for-stm32.7-2018-q2-update.win32_1.4.0.202007081208/tools/bin/../lib/gcc/arm-none-eabi/7.3.1/thumb/v7-m\libgcc.a
LOAD c:/st/stm32cubeide_1.4.0/stm32cubeide/plugins/com.st.stm32cube.ide.mcu.externaltools.gnu-tools-for-stm32.7-2018-q2-update.win32_1.4.0.202007081208/tools/bin/../lib/gcc/arm-none-eabi/7.3.1/../../../../arm-none-eabi/lib/thumb/v7-m\libc_nano.a
LOAD c:/st/stm32cubeide_1.4.0/stm32cubeide/plugins/com.st.stm32cube.ide.mcu.externaltools.gnu-tools-for-stm32.7-2018-q2-update.win32_1.4.0.202007081208/tools/bin/../lib/gcc/arm-none-eabi/7.3.1/../../../../arm-none-eabi/lib/thumb/v7-m\libnosys.a
END GROUP
LOAD c:/st/stm32cubeide_1.4.0/stm32cubeide/plugins/com.st.stm32cube.ide.mcu.externaltools.gnu-tools-for-stm32.7-2018-q2-update.win32_1.4.0.202007081208/tools/bin/../lib/gcc/arm-none-eabi/7.3.1/thumb/v7-m/crtend.o
LOAD c:/st/stm32cubeide_1.4.0/stm32cubeide/plugins/com.st.stm32cube.ide.mcu.externaltools.gnu-tools-for-stm32.7-2018-q2-update.win32_1.4.0.202007081208/tools/bin/../lib/gcc/arm-none-eabi/7.3.1/thumb/v7-m/crtn.o
                0x0000000020002800                _estack = (ORIGIN (RAM) + LENGTH (RAM))
                0x0000000000000200                _Min_Heap_Size = 0x200
                0x0000000000000400                _Min_Stack_Size = 0x400

.isr_vector     0x0000000008000000      0x130
                0x0000000008000000                . = ALIGN (0x4)
 *(.isr_vector)
 .isr_vector    0x0000000008000000      0x130 Startup/startup_stm32f103c6tx.o
                0x0000000008000000                g_pfnVectors
                0x0000000008000130                . = ALIGN (0x4)

.text           0x0000000008000130      0xb0c
                0x0000000008000130                . = ALIGN (0x4)
 *(.text)
 .text          0x0000000008000130       0x40 c:/st/stm32cubeide_1.4.0/stm32cubeide/plugins/com.st.stm32cube.ide.mcu.externaltools.gnu-tools-for-stm32.7-2018-q2-update.win32_1.4.0.202007081208/tools/bin/../lib/gcc/arm-none-eabi/7.3.1/thumb/v7-m/crtbegin.o
 *(.text*)
 .text.wait     0x0000000008000170       0x38 STM32F103C6_DRIVERS/HAL/LCD/lcd.o
                0x0000000008000170                wait
 .text.LCD_GPIO_init
                0x00000000080001a8      0x158 STM32F103C6_DRIVERS/HAL/LCD/lcd.o
                0x00000000080001a8                LCD_GPIO_init
 .text.LCD_clear_screen
                0x0000000008000300        0xe STM32F103C6_DRIVERS/HAL/LCD/lcd.o
                0x0000000008000300                LCD_clear_screen
 *fill*         0x000000000800030e        0x2 
 .text.LCD_lcd_kick
                0x0000000008000310       0x2c STM32F103C6_DRIVERS/HAL/LCD/lcd.o
                0x0000000008000310                LCD_lcd_kick
 .text.LCD_GOTO_XY
                0x000000000800033c       0x48 STM32F103C6_DRIVERS/HAL/LCD/lcd.o
                0x000000000800033c                LCD_GOTO_XY
 .text.LCD_INIT
                0x0000000008000384       0x34 STM32F103C6_DRIVERS/HAL/LCD/lcd.o
                0x0000000008000384                LCD_INIT
 .text.LCD_WRITE_COMMAND
                0x00000000080003b8       0x44 STM32F103C6_DRIVERS/HAL/LCD/lcd.o
                0x00000000080003b8                LCD_WRITE_COMMAND
 .text.LCD_WRITE_CHAR
                0x00000000080003fc       0x44 STM32F103C6_DRIVERS/HAL/LCD/lcd.o
                0x00000000080003fc                LCD_WRITE_CHAR
 .text.LCD_WRITE_STRING
                0x0000000008000440       0x58 STM32F103C6_DRIVERS/HAL/LCD/lcd.o
                0x0000000008000440                LCD_WRITE_STRING
 .text.NVIC_ENABLE
                0x0000000008000498       0xd0 STM32F103C6_DRIVERS/MCAL/EXTI/STM32F103C6_EXTI_DRIVER.o
                0x0000000008000498                NVIC_ENABLE
 .text.NVIC_DISABLE
                0x0000000008000568       0xd0 STM32F103C6_DRIVERS/MCAL/EXTI/STM32F103C6_EXTI_DRIVER.o
                0x0000000008000568                NVIC_DISABLE
 .text.UPDATE_EXTI
                0x0000000008000638      0x1d8 STM32F103C6_DRIVERS/MCAL/EXTI/STM32F103C6_EXTI_DRIVER.o
                0x0000000008000638                UPDATE_EXTI
 .text.MCAL_EXTI_GPIO_INIT
                0x0000000008000810       0x16 STM32F103C6_DRIVERS/MCAL/EXTI/STM32F103C6_EXTI_DRIVER.o
                0x0000000008000810                MCAL_EXTI_GPIO_INIT
 *fill*         0x0000000008000826        0x2 
 .text.EXTI0_IRQHandler
                0x0000000008000828       0x1c STM32F103C6_DRIVERS/MCAL/EXTI/STM32F103C6_EXTI_DRIVER.o
                0x0000000008000828                EXTI0_IRQHandler
 .text.EXTI1_IRQHandler
                0x0000000008000844       0x24 STM32F103C6_DRIVERS/MCAL/EXTI/STM32F103C6_EXTI_DRIVER.o
                0x0000000008000844                EXTI1_IRQHandler
 .text.EXTI2_IRQHandler
                0x0000000008000868       0x24 STM32F103C6_DRIVERS/MCAL/EXTI/STM32F103C6_EXTI_DRIVER.o
                0x0000000008000868                EXTI2_IRQHandler
 .text.EXTI3_IRQHandler
                0x000000000800088c       0x24 STM32F103C6_DRIVERS/MCAL/EXTI/STM32F103C6_EXTI_DRIVER.o
                0x000000000800088c                EXTI3_IRQHandler
 .text.EXTI4_IRQHandler
                0x00000000080008b0       0x24 STM32F103C6_DRIVERS/MCAL/EXTI/STM32F103C6_EXTI_DRIVER.o
                0x00000000080008b0                EXTI4_IRQHandler
 .text.Get_CRLH_Position
                0x00000000080008d4       0xc6 STM32F103C6_DRIVERS/MCAL/GPIO/STM32F103C6_GPIO_DRIVER.o
                0x00000000080008d4                Get_CRLH_Position
 .text.MCAL_GPIO_Init
                0x000000000800099a       0xfc STM32F103C6_DRIVERS/MCAL/GPIO/STM32F103C6_GPIO_DRIVER.o
                0x000000000800099a                MCAL_GPIO_Init
 .text.MCAL_GPIO_WritePin
                0x0000000008000a96       0x2e STM32F103C6_DRIVERS/MCAL/GPIO/STM32F103C6_GPIO_DRIVER.o
                0x0000000008000a96                MCAL_GPIO_WritePin
 .text.MCAL_GPIO_WritePort
                0x0000000008000ac4       0x1c STM32F103C6_DRIVERS/MCAL/GPIO/STM32F103C6_GPIO_DRIVER.o
                0x0000000008000ac4                MCAL_GPIO_WritePort
 .text.EXTI9_callback
                0x0000000008000ae0       0x24 Src/main.o
                0x0000000008000ae0                EXTI9_callback
 .text.main     0x0000000008000b04       0x84 Src/main.o
                0x0000000008000b04                main
 .text.Reset_Handler
                0x0000000008000b88       0x50 Startup/startup_stm32f103c6tx.o
                0x0000000008000b88                Reset_Handler
 .text.Default_Handler
                0x0000000008000bd8        0x2 Startup/startup_stm32f103c6tx.o
                0x0000000008000bd8                TIM8_TRG_COM_IRQHandler
                0x0000000008000bd8                TIM8_CC_IRQHandler
                0x0000000008000bd8                DebugMon_Handler
                0x0000000008000bd8                TIM1_CC_IRQHandler
                0x0000000008000bd8                HardFault_Handler
                0x0000000008000bd8                TIM6_IRQHandler
                0x0000000008000bd8                SysTick_Handler
                0x0000000008000bd8                PVD_IRQHandler
                0x0000000008000bd8                SDIO_IRQHandler
                0x0000000008000bd8                PendSV_Handler
                0x0000000008000bd8                NMI_Handler
                0x0000000008000bd8                USB_HP_CAN_TX_IRQHandler
                0x0000000008000bd8                I2C2_EV_IRQHandler
                0x0000000008000bd8                UsageFault_Handler
                0x0000000008000bd8                ADC1_2_IRQHandler
                0x0000000008000bd8                SPI1_IRQHandler
                0x0000000008000bd8                CAN_SCE_IRQHandler
                0x0000000008000bd8                TAMPER_IRQHandler
                0x0000000008000bd8                TIM8_UP_IRQHandler
                0x0000000008000bd8                DMA2_Channel2_IRQHandler
                0x0000000008000bd8                DMA1_Channel4_IRQHandler
                0x0000000008000bd8                USART3_IRQHandler
                0x0000000008000bd8                RTC_IRQHandler
                0x0000000008000bd8                DMA1_Channel7_IRQHandler
                0x0000000008000bd8                UART5_IRQHandler
                0x0000000008000bd8                ADC3_IRQHandler
                0x0000000008000bd8                TIM4_IRQHandler
                0x0000000008000bd8                CAN_RX1_IRQHandler
                0x0000000008000bd8                DMA2_Channel1_IRQHandler
                0x0000000008000bd8                I2C1_EV_IRQHandler
                0x0000000008000bd8                DMA1_Channel6_IRQHandler
                0x0000000008000bd8                UART4_IRQHandler
                0x0000000008000bd8                TIM3_IRQHandler
                0x0000000008000bd8                RCC_IRQHandler
                0x0000000008000bd8                TIM1_TRG_COM_IRQHandler
                0x0000000008000bd8                DMA1_Channel1_IRQHandler
                0x0000000008000bd8                Default_Handler
                0x0000000008000bd8                EXTI15_10_IRQHandler
                0x0000000008000bd8                TIM7_IRQHandler
                0x0000000008000bd8                TIM5_IRQHandler
                0x0000000008000bd8                EXTI9_5_IRQHandler
                0x0000000008000bd8                SPI2_IRQHandler
                0x0000000008000bd8                USB_LP_CAN_RX0_IRQHandler
                0x0000000008000bd8                MemManage_Handler
                0x0000000008000bd8                SVC_Handler
                0x0000000008000bd8                DMA1_Channel5_IRQHandler
                0x0000000008000bd8                DMA1_Channel3_IRQHandler
                0x0000000008000bd8                FSMC_IRQHandler
                0x0000000008000bd8                TIM1_UP_IRQHandler
                0x0000000008000bd8                WWDG_IRQHandler
                0x0000000008000bd8                TIM2_IRQHandler
                0x0000000008000bd8                TIM1_BRK_IRQHandler
                0x0000000008000bd8                RTCAlarm_IRQHandler
                0x0000000008000bd8                DMA2_Channel4_5_IRQHandler
                0x0000000008000bd8                USART2_IRQHandler
                0x0000000008000bd8                I2C2_ER_IRQHandler
                0x0000000008000bd8                DMA1_Channel2_IRQHandler
                0x0000000008000bd8                TIM8_BRK_IRQHandler
                0x0000000008000bd8                FLASH_IRQHandler
                0x0000000008000bd8                BusFault_Handler
                0x0000000008000bd8                USART1_IRQHandler
                0x0000000008000bd8                SPI3_IRQHandler
                0x0000000008000bd8                I2C1_ER_IRQHandler
                0x0000000008000bd8                DMA2_Channel3_IRQHandler
 *fill*         0x0000000008000bda        0x2 
 .text.__libc_init_array
                0x0000000008000bdc       0x48 c:/st/stm32cubeide_1.4.0/stm32cubeide/plugins/com.st.stm32cube.ide.mcu.externaltools.gnu-tools-for-stm32.7-2018-q2-update.win32_1.4.0.202007081208/tools/bin/../lib/gcc/arm-none-eabi/7.3.1/../../../../arm-none-eabi/lib/thumb/v7-m\libc_nano.a(lib_a-init.o)
                0x0000000008000bdc                __libc_init_array
 *(.glue_7)
 .glue_7        0x0000000008000c24        0x0 linker stubs
 *(.glue_7t)
 .glue_7t       0x0000000008000c24        0x0 linker stubs
 *(.eh_frame)
 .eh_frame      0x0000000008000c24        0x0 c:/st/stm32cubeide_1.4.0/stm32cubeide/plugins/com.st.stm32cube.ide.mcu.externaltools.gnu-tools-for-stm32.7-2018-q2-update.win32_1.4.0.202007081208/tools/bin/../lib/gcc/arm-none-eabi/7.3.1/thumb/v7-m/crtbegin.o
 *(.init)
 .init          0x0000000008000c24        0x4 c:/st/stm32cubeide_1.4.0/stm32cubeide/plugins/com.st.stm32cube.ide.mcu.externaltools.gnu-tools-for-stm32.7-2018-q2-update.win32_1.4.0.202007081208/tools/bin/../lib/gcc/arm-none-eabi/7.3.1/thumb/v7-m/crti.o
                0x0000000008000c24                _init
 .init          0x0000000008000c28        0x8 c:/st/stm32cubeide_1.4.0/stm32cubeide/plugins/com.st.stm32cube.ide.mcu.externaltools.gnu-tools-for-stm32.7-2018-q2-update.win32_1.4.0.202007081208/tools/bin/../lib/gcc/arm-none-eabi/7.3.1/thumb/v7-m/crtn.o
 *(.fini)
 .fini          0x0000000008000c30        0x4 c:/st/stm32cubeide_1.4.0/stm32cubeide/plugins/com.st.stm32cube.ide.mcu.externaltools.gnu-tools-for-stm32.7-2018-q2-update.win32_1.4.0.202007081208/tools/bin/../lib/gcc/arm-none-eabi/7.3.1/thumb/v7-m/crti.o
                0x0000000008000c30                _fini
 .fini          0x0000000008000c34        0x8 c:/st/stm32cubeide_1.4.0/stm32cubeide/plugins/com.st.stm32cube.ide.mcu.externaltools.gnu-tools-for-stm32.7-2018-q2-update.win32_1.4.0.202007081208/tools/bin/../lib/gcc/arm-none-eabi/7.3.1/thumb/v7-m/crtn.o
                0x0000000008000c3c                . = ALIGN (0x4)
                0x0000000008000c3c                _etext = .

.vfp11_veneer   0x0000000008000c3c        0x0
 .vfp11_veneer  0x0000000008000c3c        0x0 linker stubs

.v4_bx          0x0000000008000c3c        0x0
 .v4_bx         0x0000000008000c3c        0x0 linker stubs

.iplt           0x0000000008000c3c        0x0
 .iplt          0x0000000008000c3c        0x0 c:/st/stm32cubeide_1.4.0/stm32cubeide/plugins/com.st.stm32cube.ide.mcu.externaltools.gnu-tools-for-stm32.7-2018-q2-update.win32_1.4.0.202007081208/tools/bin/../lib/gcc/arm-none-eabi/7.3.1/thumb/v7-m/crtbegin.o

.rodata         0x0000000008000c3c       0x28
                0x0000000008000c3c                . = ALIGN (0x4)
 *(.rodata)
 .rodata        0x0000000008000c3c       0x28 Src/main.o
 *(.rodata*)
                0x0000000008000c64                . = ALIGN (0x4)

.rel.dyn        0x0000000008000c64        0x0
 .rel.iplt      0x0000000008000c64        0x0 c:/st/stm32cubeide_1.4.0/stm32cubeide/plugins/com.st.stm32cube.ide.mcu.externaltools.gnu-tools-for-stm32.7-2018-q2-update.win32_1.4.0.202007081208/tools/bin/../lib/gcc/arm-none-eabi/7.3.1/thumb/v7-m/crtbegin.o

.ARM.extab      0x0000000008000c64        0x0
                0x0000000008000c64                . = ALIGN (0x4)
 *(.ARM.extab* .gnu.linkonce.armextab.*)
                0x0000000008000c64                . = ALIGN (0x4)

.ARM            0x0000000008000c64        0x0
                0x0000000008000c64                . = ALIGN (0x4)
                0x0000000008000c64                __exidx_start = .
 *(.ARM.exidx*)
                0x0000000008000c64                __exidx_end = .
                0x0000000008000c64                . = ALIGN (0x4)

.preinit_array  0x0000000008000c64        0x0
                0x0000000008000c64                . = ALIGN (0x4)
                0x0000000008000c64                PROVIDE (__preinit_array_start = .)
 *(.preinit_array*)
                0x0000000008000c64                PROVIDE (__preinit_array_end = .)
                0x0000000008000c64                . = ALIGN (0x4)

.init_array     0x0000000008000c64        0x4
                0x0000000008000c64                . = ALIGN (0x4)
                0x0000000008000c64                PROVIDE (__init_array_start = .)
 *(SORT_BY_NAME(.init_array.*))
 *(.init_array*)
 .init_array    0x0000000008000c64        0x4 c:/st/stm32cubeide_1.4.0/stm32cubeide/plugins/com.st.stm32cube.ide.mcu.externaltools.gnu-tools-for-stm32.7-2018-q2-update.win32_1.4.0.202007081208/tools/bin/../lib/gcc/arm-none-eabi/7.3.1/thumb/v7-m/crtbegin.o
                0x0000000008000c68                PROVIDE (__init_array_end = .)
                0x0000000008000c68                . = ALIGN (0x4)

.fini_array     0x0000000008000c68        0x4
                0x0000000008000c68                . = ALIGN (0x4)
                [!provide]                        PROVIDE (__fini_array_start = .)
 *(SORT_BY_NAME(.fini_array.*))
 *(.fini_array*)
 .fini_array    0x0000000008000c68        0x4 c:/st/stm32cubeide_1.4.0/stm32cubeide/plugins/com.st.stm32cube.ide.mcu.externaltools.gnu-tools-for-stm32.7-2018-q2-update.win32_1.4.0.202007081208/tools/bin/../lib/gcc/arm-none-eabi/7.3.1/thumb/v7-m/crtbegin.o
                [!provide]                        PROVIDE (__fini_array_end = .)
                0x0000000008000c6c                . = ALIGN (0x4)
                0x0000000008000c6c                _sidata = LOADADDR (.data)

.data           0x0000000020000000        0x0 load address 0x0000000008000c6c
                0x0000000020000000                . = ALIGN (0x4)
                0x0000000020000000                _sdata = .
 *(.data)
 *(.data*)
                0x0000000020000000                . = ALIGN (0x4)
                0x0000000020000000                _edata = .

.igot.plt       0x0000000020000000        0x0 load address 0x0000000008000c6c
 .igot.plt      0x0000000020000000        0x0 c:/st/stm32cubeide_1.4.0/stm32cubeide/plugins/com.st.stm32cube.ide.mcu.externaltools.gnu-tools-for-stm32.7-2018-q2-update.win32_1.4.0.202007081208/tools/bin/../lib/gcc/arm-none-eabi/7.3.1/thumb/v7-m/crtbegin.o
                0x0000000020000000                . = ALIGN (0x4)

.bss            0x0000000020000000       0x60 load address 0x0000000008000c6c
                0x0000000020000000                _sbss = .
                0x0000000020000000                __bss_start__ = _sbss
 *(.bss)
 .bss           0x0000000020000000       0x1c c:/st/stm32cubeide_1.4.0/stm32cubeide/plugins/com.st.stm32cube.ide.mcu.externaltools.gnu-tools-for-stm32.7-2018-q2-update.win32_1.4.0.202007081208/tools/bin/../lib/gcc/arm-none-eabi/7.3.1/thumb/v7-m/crtbegin.o
 *(.bss*)
 *(COMMON)
 COMMON         0x000000002000001c        0x4 STM32F103C6_DRIVERS/HAL/LCD/lcd.o
                0x000000002000001c                PinCfg
 COMMON         0x0000000020000020       0x3c STM32F103C6_DRIVERS/MCAL/EXTI/STM32F103C6_EXTI_DRIVER.o
                0x0000000020000020                P_IRQ_CallBack
 COMMON         0x000000002000005c        0x4 Src/main.o
                0x000000002000005c                IRQ_Flag
                0x0000000020000060                . = ALIGN (0x4)
                0x0000000020000060                _ebss = .
                0x0000000020000060                __bss_end__ = _ebss

._user_heap_stack
                0x0000000020000060      0x600 load address 0x0000000008000c6c
                0x0000000020000060                . = ALIGN (0x8)
                [!provide]                        PROVIDE (end = .)
                0x0000000020000060                PROVIDE (_end = .)
                0x0000000020000260                . = (. + _Min_Heap_Size)
 *fill*         0x0000000020000060      0x200 
                0x0000000020000660                . = (. + _Min_Stack_Size)
 *fill*         0x0000000020000260      0x400 
                0x0000000020000660                . = ALIGN (0x8)

/DISCARD/
 libc.a(*)
 libm.a(*)
 libgcc.a(*)

.ARM.attributes
                0x0000000000000000       0x29
 *(.ARM.attributes)
 .ARM.attributes
                0x0000000000000000       0x1d c:/st/stm32cubeide_1.4.0/stm32cubeide/plugins/com.st.stm32cube.ide.mcu.externaltools.gnu-tools-for-stm32.7-2018-q2-update.win32_1.4.0.202007081208/tools/bin/../lib/gcc/arm-none-eabi/7.3.1/thumb/v7-m/crti.o
 .ARM.attributes
                0x000000000000001d       0x2d c:/st/stm32cubeide_1.4.0/stm32cubeide/plugins/com.st.stm32cube.ide.mcu.externaltools.gnu-tools-for-stm32.7-2018-q2-update.win32_1.4.0.202007081208/tools/bin/../lib/gcc/arm-none-eabi/7.3.1/thumb/v7-m/crtbegin.o
 .ARM.attributes
                0x000000000000004a       0x33 STM32F103C6_DRIVERS/HAL/LCD/lcd.o
 .ARM.attributes
                0x000000000000007d       0x33 STM32F103C6_DRIVERS/MCAL/EXTI/STM32F103C6_EXTI_DRIVER.o
 .ARM.attributes
                0x00000000000000b0       0x33 STM32F103C6_DRIVERS/MCAL/GPIO/STM32F103C6_GPIO_DRIVER.o
 .ARM.attributes
                0x00000000000000e3       0x33 Src/main.o
 .ARM.attributes
                0x0000000000000116       0x21 Startup/startup_stm32f103c6tx.o
 .ARM.attributes
                0x0000000000000137       0x2d c:/st/stm32cubeide_1.4.0/stm32cubeide/plugins/com.st.stm32cube.ide.mcu.externaltools.gnu-tools-for-stm32.7-2018-q2-update.win32_1.4.0.202007081208/tools/bin/../lib/gcc/arm-none-eabi/7.3.1/../../../../arm-none-eabi/lib/thumb/v7-m\libc_nano.a(lib_a-init.o)
 .ARM.attributes
                0x0000000000000164       0x1d c:/st/stm32cubeide_1.4.0/stm32cubeide/plugins/com.st.stm32cube.ide.mcu.externaltools.gnu-tools-for-stm32.7-2018-q2-update.win32_1.4.0.202007081208/tools/bin/../lib/gcc/arm-none-eabi/7.3.1/thumb/v7-m/crtn.o
OUTPUT(Lesson_4_STM32F103x6_DRIVERS(GPIO&EXTI).elf elf32-littlearm)

.debug_info     0x0000000000000000     0x3392
 .debug_info    0x0000000000000000      0xbf2 STM32F103C6_DRIVERS/HAL/LCD/lcd.o
 .debug_info    0x0000000000000bf2      0xdbf STM32F103C6_DRIVERS/MCAL/EXTI/STM32F103C6_EXTI_DRIVER.o
 .debug_info    0x00000000000019b1      0xd75 STM32F103C6_DRIVERS/MCAL/GPIO/STM32F103C6_GPIO_DRIVER.o
 .debug_info    0x0000000000002726      0xc4a Src/main.o
 .debug_info    0x0000000000003370       0x22 Startup/startup_stm32f103c6tx.o

.debug_abbrev   0x0000000000000000      0x822
 .debug_abbrev  0x0000000000000000      0x1f4 STM32F103C6_DRIVERS/HAL/LCD/lcd.o
 .debug_abbrev  0x00000000000001f4      0x210 STM32F103C6_DRIVERS/MCAL/EXTI/STM32F103C6_EXTI_DRIVER.o
 .debug_abbrev  0x0000000000000404      0x232 STM32F103C6_DRIVERS/MCAL/GPIO/STM32F103C6_GPIO_DRIVER.o
 .debug_abbrev  0x0000000000000636      0x1da Src/main.o
 .debug_abbrev  0x0000000000000810       0x12 Startup/startup_stm32f103c6tx.o

.debug_loc      0x0000000000000000      0x92c
 .debug_loc     0x0000000000000000      0x278 STM32F103C6_DRIVERS/HAL/LCD/lcd.o
 .debug_loc     0x0000000000000278      0x320 STM32F103C6_DRIVERS/MCAL/EXTI/STM32F103C6_EXTI_DRIVER.o
 .debug_loc     0x0000000000000598      0x330 STM32F103C6_DRIVERS/MCAL/GPIO/STM32F103C6_GPIO_DRIVER.o
 .debug_loc     0x00000000000008c8       0x64 Src/main.o

.debug_aranges  0x0000000000000000      0x198
 .debug_aranges
                0x0000000000000000       0x68 STM32F103C6_DRIVERS/HAL/LCD/lcd.o
 .debug_aranges
                0x0000000000000068       0x80 STM32F103C6_DRIVERS/MCAL/EXTI/STM32F103C6_EXTI_DRIVER.o
 .debug_aranges
                0x00000000000000e8       0x60 STM32F103C6_DRIVERS/MCAL/GPIO/STM32F103C6_GPIO_DRIVER.o
 .debug_aranges
                0x0000000000000148       0x28 Src/main.o
 .debug_aranges
                0x0000000000000170       0x28 Startup/startup_stm32f103c6tx.o

.debug_ranges   0x0000000000000000      0x150
 .debug_ranges  0x0000000000000000       0x58 STM32F103C6_DRIVERS/HAL/LCD/lcd.o
 .debug_ranges  0x0000000000000058       0x70 STM32F103C6_DRIVERS/MCAL/EXTI/STM32F103C6_EXTI_DRIVER.o
 .debug_ranges  0x00000000000000c8       0x50 STM32F103C6_DRIVERS/MCAL/GPIO/STM32F103C6_GPIO_DRIVER.o
 .debug_ranges  0x0000000000000118       0x18 Src/main.o
 .debug_ranges  0x0000000000000130       0x20 Startup/startup_stm32f103c6tx.o

.debug_macro    0x0000000000000000      0x808
 .debug_macro   0x0000000000000000      0x151 STM32F103C6_DRIVERS/HAL/LCD/lcd.o
 .debug_macro   0x0000000000000151       0x10 STM32F103C6_DRIVERS/HAL/LCD/lcd.o
 .debug_macro   0x0000000000000161       0x94 STM32F103C6_DRIVERS/HAL/LCD/lcd.o
 .debug_macro   0x00000000000001f5      0x158 STM32F103C6_DRIVERS/MCAL/EXTI/STM32F103C6_EXTI_DRIVER.o
 .debug_macro   0x000000000000034d      0x226 STM32F103C6_DRIVERS/MCAL/EXTI/STM32F103C6_EXTI_DRIVER.o
 .debug_macro   0x0000000000000573      0x143 STM32F103C6_DRIVERS/MCAL/GPIO/STM32F103C6_GPIO_DRIVER.o
 .debug_macro   0x00000000000006b6      0x152 Src/main.o

.debug_line     0x0000000000000000     0x1e1f
 .debug_line    0x0000000000000000      0x739 STM32F103C6_DRIVERS/HAL/LCD/lcd.o
 .debug_line    0x0000000000000739      0x826 STM32F103C6_DRIVERS/MCAL/EXTI/STM32F103C6_EXTI_DRIVER.o
 .debug_line    0x0000000000000f5f      0x740 STM32F103C6_DRIVERS/MCAL/GPIO/STM32F103C6_GPIO_DRIVER.o
 .debug_line    0x000000000000169f      0x6fc Src/main.o
 .debug_line    0x0000000000001d9b       0x84 Startup/startup_stm32f103c6tx.o

.debug_str      0x0000000000000000     0x934f
 .debug_str     0x0000000000000000     0x7cb6 STM32F103C6_DRIVERS/HAL/LCD/lcd.o
                                       0x7f26 (size before relaxing)
 .debug_str     0x0000000000007cb6     0x145b STM32F103C6_DRIVERS/MCAL/EXTI/STM32F103C6_EXTI_DRIVER.o
                                       0x9038 (size before relaxing)
 .debug_str     0x0000000000009111      0x169 STM32F103C6_DRIVERS/MCAL/GPIO/STM32F103C6_GPIO_DRIVER.o
                                       0x7d49 (size before relaxing)
 .debug_str     0x000000000000927a       0x34 Src/main.o
                                       0x8eb5 (size before relaxing)
 .debug_str     0x00000000000092ae       0xa1 Startup/startup_stm32f103c6tx.o

.comment        0x0000000000000000       0x7b
 .comment       0x0000000000000000       0x7b STM32F103C6_DRIVERS/HAL/LCD/lcd.o
                                         0x7c (size before relaxing)
 .comment       0x000000000000007b       0x7c STM32F103C6_DRIVERS/MCAL/EXTI/STM32F103C6_EXTI_DRIVER.o
 .comment       0x000000000000007b       0x7c STM32F103C6_DRIVERS/MCAL/GPIO/STM32F103C6_GPIO_DRIVER.o
 .comment       0x000000000000007b       0x7c Src/main.o

.debug_frame    0x0000000000000000      0x4f4
 .debug_frame   0x0000000000000000      0x154 STM32F103C6_DRIVERS/HAL/LCD/lcd.o
 .debug_frame   0x0000000000000154      0x1b0 STM32F103C6_DRIVERS/MCAL/EXTI/STM32F103C6_EXTI_DRIVER.o
 .debug_frame   0x0000000000000304      0x178 STM32F103C6_DRIVERS/MCAL/GPIO/STM32F103C6_GPIO_DRIVER.o
 .debug_frame   0x000000000000047c       0x4c Src/main.o
 .debug_frame   0x00000000000004c8       0x2c c:/st/stm32cubeide_1.4.0/stm32cubeide/plugins/com.st.stm32cube.ide.mcu.externaltools.gnu-tools-for-stm32.7-2018-q2-update.win32_1.4.0.202007081208/tools/bin/../lib/gcc/arm-none-eabi/7.3.1/../../../../arm-none-eabi/lib/thumb/v7-m\libc_nano.a(lib_a-init.o)
